2026-02-12 15:12:34.339  1616-1616  BaseDepthController     com...le.android.apps.nexuslauncher  D  shouldBlurWorkspace: false targetState: Normal currentStableState: Normal mCurrentBlur: 0 mLauncher.getDepthBlurTargets(): [com.android.launcher3.Workspace{b6089b7 V.ED..... ........ 0,0-1080,2400 #7f0a049d app:id/workspace}, com.android.launcher3.Hotseat{c9a9524 V.ED..... ........ 0,1905-1080,2400 #7f0a01ee app:id/hotseat}]
2026-02-12 15:12:34.353  1616-1616  BaseDepthController     com...le.android.apps.nexuslauncher  V  Applying blur: 0 to Surface(name=com.google.android.apps.nexuslauncher/com.google.android.apps.nexuslauncher.NexusLauncherActivity#1099)/@0xf37f8b6 applyImmediately: false
2026-02-12 15:12:34.353  1616-1616  BaseDepthController     com...le.android.apps.nexuslauncher  D  shouldBlurWorkspace: false targetState: Normal currentStableState: Normal mCurrentBlur: 0 mLauncher.getDepthBlurTargets(): [com.android.launcher3.Workspace{b6089b7 V.ED..... ........ 0,0-1080,2400 #7f0a049d app:id/workspace}, com.android.launcher3.Hotseat{c9a9524 V.ED..... ........ 0,1905-1080,2400 #7f0a01ee app:id/hotseat}]
2026-02-12 15:12:34.370  1616-1616  BaseDepthController     com...le.android.apps.nexuslauncher  V  Applying blur: 0 to Surface(name=com.google.android.apps.nexuslauncher/com.google.android.apps.nexuslauncher.NexusLauncherActivity#1099)/@0xf37f8b6 applyImmediately: false
2026-02-12 15:12:34.370  1616-1616  BaseDepthController     com...le.android.apps.nexuslauncher  D  shouldBlurWorkspace: false targetState: Normal currentStableState: Normal mCurrentBlur: 0 mLauncher.getDepthBlurTargets(): [com.android.launcher3.Workspace{b6089b7 V.ED..... ........ 0,0-1080,2400 #7f0a049d app:id/workspace}, com.android.launcher3.Hotseat{c9a9524 V.ED..... ........ 0,1905-1080,2400 #7f0a01ee app:id/hotseat}]
2026-02-12 15:12:34.403  1616-1616  BaseDepthController     com...le.android.apps.nexuslauncher  V  Applying blur: 0 to Surface(name=com.google.android.apps.nexuslauncher/com.google.android.apps.nexuslauncher.NexusLauncherActivity#1099)/@0xf37f8b6 applyImmediately: false
2026-02-12 15:12:34.403  1616-1616  BaseDepthController     com...le.android.apps.nexuslauncher  D  shouldBlurWorkspace: false targetState: Normal currentStableState: Normal mCurrentBlur: 0 mLauncher.getDepthBlurTargets(): [com.android.launcher3.Workspace{b6089b7 V.ED..... ........ 0,0-1080,2400 #7f0a049d app:id/workspace}, com.android.launcher3.Hotseat{c9a9524 V.ED..... ........ 0,1905-1080,2400 #7f0a01ee app:id/hotseat}]
2026-02-12 15:12:34.419  1616-1616  BaseDepthController     com...le.android.apps.nexuslauncher  V  Applying blur: 0 to Surface(name=com.google.android.apps.nexuslauncher/com.google.android.apps.nexuslauncher.NexusLauncherActivity#1099)/@0xf37f8b6 applyImmediately: false
2026-02-12 15:12:34.419  1616-1616  BaseDepthController     com...le.android.apps.nexuslauncher  D  shouldBlurWorkspace: false targetState: Normal currentStableState: Normal mCurrentBlur: 0 mLauncher.getDepthBlurTargets(): [com.android.launcher3.Workspace{b6089b7 V.ED..... ........ 0,0-1080,2400 #7f0a049d app:id/workspace}, com.android.launcher3.Hotseat{c9a9524 V.ED..... ........ 0,1905-1080,2400 #7f0a01ee app:id/hotseat}]
2026-02-12 15:12:34.453  1616-1616  BaseDepthController     com...le.android.apps.nexuslauncher  V  Applying blur: 0 to Surface(name=com.google.android.apps.nexuslauncher/com.google.android.apps.nexuslauncher.NexusLauncherActivity#1099)/@0xf37f8b6 applyImmediately: false
2026-02-12 15:12:34.453  1616-1616  BaseDepthController     com...le.android.apps.nexuslauncher  D  shouldBlurWorkspace: false targetState: Normal currentStableState: Normal mCurrentBlur: 0 mLauncher.getDepthBlurTargets(): [com.android.launcher3.Workspace{b6089b7 V.ED..... ........ 0,0-1080,2400 #7f0a049d app:id/workspace}, com.android.launcher3.Hotseat{c9a9524 V.ED..... ........ 0,1905-1080,2400 #7f0a01ee app:id/hotseat}]
2026-02-12 15:12:34.486  1616-1616  BaseDepthController     com...le.android.apps.nexuslauncher  V  Applying blur: 0 to Surface(name=com.google.android.apps.nexuslauncher/com.google.android.apps.nexuslauncher.NexusLauncherActivity#1099)/@0xf37f8b6 applyImmediately: false
2026-02-12 15:12:34.486  1616-1616  BaseDepthController     com...le.android.apps.nexuslauncher  D  shouldBlurWorkspace: false targetState: Normal currentStableState: Normal mCurrentBlur: 0 mLauncher.getDepthBlurTargets(): [com.android.launcher3.Workspace{b6089b7 V.ED..... ........ 0,0-1080,2400 #7f0a049d app:id/workspace}, com.android.launcher3.Hotseat{c9a9524 V.ED..... ........ 0,1905-1080,2400 #7f0a01ee app:id/hotseat}]
2026-02-12 15:12:34.536  1616-1616  BaseDepthController     com...le.android.apps.nexuslauncher  V  Applying blur: 0 to Surface(name=com.google.android.apps.nexuslauncher/com.google.android.apps.nexuslauncher.NexusLauncherActivity#1099)/@0xf37f8b6 applyImmediately: false
2026-02-12 15:12:34.536  1616-1616  BaseDepthController     com...le.android.apps.nexuslauncher  D  shouldBlurWorkspace: false targetState: Normal currentStableState: Normal mCurrentBlur: 0 mLauncher.getDepthBlurTargets(): [com.android.launcher3.Workspace{b6089b7 V.ED..... ........ 0,0-1080,2400 #7f0a049d app:id/workspace}, com.android.launcher3.Hotseat{c9a9524 V.ED..... ........ 0,1905-1080,2400 #7f0a01ee app:id/hotseat}]
2026-02-12 15:12:34.603  1616-1616  BaseDepthController     com...le.android.apps.nexuslauncher  V  Applying blur: 0 to Surface(name=com.google.android.apps.nexuslauncher/com.google.android.apps.nexuslauncher.NexusLauncherActivity#1099)/@0xf37f8b6 applyImmediately: false
2026-02-12 15:12:34.603  1616-1616  BaseDepthController     com...le.android.apps.nexuslauncher  D  setEarlyWakeup: false
2026-02-12 15:12:34.603  1616-1616  BaseDepthController     com...le.android.apps.nexuslauncher  D  shouldBlurWorkspace: false targetState: Normal currentStableState: Normal mCurrentBlur: 0 mLauncher.getDepthBlurTargets(): [com.android.launcher3.Workspace{b6089b7 V.ED..... ........ 0,0-1080,2400 #7f0a049d app:id/workspace}, com.android.launcher3.Hotseat{c9a9524 V.ED..... ........ 0,1905-1080,2400 #7f0a01ee app:id/hotseat}]
2026-02-12 15:12:34.769  1616-1616  ScalingWor...RevealAnim com...le.android.apps.nexuslauncher  D  onAnimationEnd, workspace and hotseat are visible
2026-02-12 15:12:34.769  1616-1616  BaseDepthController     com...le.android.apps.nexuslauncher  V  Applying blur: 0 to Surface(name=com.google.android.apps.nexuslauncher/com.google.android.apps.nexuslauncher.NexusLauncherActivity#1099)/@0xf37f8b6 applyImmediately: false
2026-02-12 15:12:34.769  1616-1616  BaseDepthController     com...le.android.apps.nexuslauncher  D  shouldBlurWorkspace: false targetState: Normal currentStableState: Normal mCurrentBlur: 0 mLauncher.getDepthBlurTargets(): [com.android.launcher3.Workspace{b6089b7 V.ED..... ......ID 0,0-1080,2400 #7f0a049d app:id/workspace}, com.android.launcher3.Hotseat{c9a9524 V.ED..... ......ID 0,1905-1080,2400 #7f0a01ee app:id/hotseat}]
2026-02-12 15:12:34.770  1306-1807  WindowManagerShell      com.android.systemui                 V  Received remote transition finished callback for (#97)
2026-02-12 15:12:34.770  1306-1410  WindowManagerShell      com.android.systemui                 V  Transition animation finished (aborted=false), notifying core (#97) android.os.BinderProxy@18c71b0@0
2026-02-12 15:12:34.771   788-816   WindowManager           system_server                        V  Finish Transition (#97): created at 02-12 15:12:33.687 collect-started=0.031ms request-sent=0.152ms started=7.519ms ready=30.054ms sent=66.075ms commit=14.799ms finished=1084.443ms
2026-02-12 15:12:34.774   788-2271  libbinder....hreadState system_server                        E  Binder transaction failure. id: 1381583, cmd: BR_DEAD_REPLY (29189), error: -22 (Invalid argument)
2026-02-12 15:12:34.774   788-2271  ActivityManager         system_server                        W  pid 788 system sent binder code 7 with flags 1 and got error -32
2026-02-12 15:12:34.775   788-2271  WindowManager           system_server                        W  Exception thrown during dispatchAppVisibility Window{edfdb8a u0 com.arduia.expense.dev/com.arduia.expense.ui.MainActivity EXITING}
                                                                                                    android.os.DeadObjectException
                                                                                                    	at android.os.BinderProxy.transactNative(Native Method)
                                                                                                    	at android.os.BinderProxy.transact(BinderProxy.java:599)
                                                                                                    	at android.view.IWindow$Stub$Proxy.dispatchAppVisibility(IWindow.java:535)
                                                                                                    	at com.android.server.wm.WindowState.sendAppVisibilityToClients(WindowState.java:3266)
                                                                                                    	at com.android.server.wm.WindowContainer.sendAppVisibilityToClients(WindowContainer.java:1218)
                                                                                                    	at com.android.server.wm.WindowToken.setClientVisible(WindowToken.java:394)
                                                                                                    	at com.android.server.wm.ActivityRecord.commitVisibility(ActivityRecord.java:5626)
                                                                                                    	at com.android.server.wm.Transition.finishTransition(Transition.java:1500)
                                                                                                    	at com.android.server.wm.TransitionController.finishTransition(TransitionController.java:1096)
                                                                                                    	at com.android.server.wm.WindowOrganizerController.finishTransition(WindowOrganizerController.java:518)
                                                                                                    	at android.window.IWindowOrganizerController$Stub.onTransact(IWindowOrganizerController.java:270)
                                                                                                    	at com.android.server.wm.WindowOrganizerController.onTransact(WindowOrganizerController.java:233)
                                                                                                    	at android.os.Binder.execTransactInternal(Binder.java:1473)
                                                                                                    	at android.os.Binder.execTransact(Binder.java:1418)
2026-02-12 15:12:34.775   788-2271  Process                 system_server                        W  Unable to open /proc/13160/status
2026-02-12 15:12:34.777  1306-1410  WindowManagerShell      com.android.systemui                 V  Track 0 became idle
2026-02-12 15:12:34.777  1306-1410  WindowManagerShell      com.android.systemui                 V  All active transition animations finished
2026-02-12 15:12:34.779   788-1287  ImageReader_JNI         system_server                        W  Unable to acquire a buffer item, very likely client tried to acquire more than maxImages buffers
2026-02-12 15:12:34.786  1306-1410  ShellTaskOrganizer      com.android.systemui                 V  Task vanished taskId=35
2026-02-12 15:12:34.786  1306-1410  ShellTaskOrganizer      com.android.systemui                 V  Fullscreen Task Vanished: #35
2026-02-12 15:12:34.786  1306-1410  ShellDesktopMode        com.android.systemui                 V  Task Vanished: #35 closed=true
2026-02-12 15:12:34.786  1306-1410  ShellDesktopMode        com.android.systemui                 D  AppToWebRepository: Task 35 is vanishing. Removing task data from repository
2026-02-12 15:12:34.787  1306-1410  AppCompat               com.android.systemui                 V  SingleSurfaceLetterboxController: []
2026-02-12 15:12:34.787  1306-1410  AppCompat               com.android.systemui                 V  MultiSurfaceLetterboxController: []
2026-02-12 15:12:34.787  1306-1410  AppCompat               com.android.systemui                 V  LetterboxInputController: []
2026-02-12 15:12:34.787  1306-1410  AppCompat               com.android.systemui                 V  RoundedCornersLetterboxController: {}
2026-02-12 15:12:34.788  1616-1616  RecentsView             com...le.android.apps.nexuslauncher  D  onTaskRemoved: 35, not handling task stack changes
2026-02-12 15:12:34.788  1616-1616  RecentsView             com...le.android.apps.nexuslauncher  D  onTaskRemoved: 35, not handling task stack changes
2026-02-12 15:12:34.810   788-1212  HalDevMgr               system_server                        I  bestIfaceCreationProposal is null, requestIface=STA, existingIface=[name=wlan0 type=STA]
2026-02-12 15:12:34.845   626-626   BpTransact...edListener surfaceflinger                       E  Failed to transact (-32)
2026-02-12 15:12:34.845  1616-1616  b/417220811             com...le.android.apps.nexuslauncher  D  invalidateLoadedTasks - previous requestLoadId: -1
2026-02-12 15:12:34.877   788-10123 HWUI                    system_server                        W  Failed to choose config with EGL_SWAP_BEHAVIOR_PRESERVED, retrying without...
2026-02-12 15:12:34.877   788-10123 HWUI                    system_server                        W  Failed to initialize 101010-2 format, error = EGL_SUCCESS
2026-02-12 15:12:34.932  1616-1629  System                  com...le.android.apps.nexuslauncher  W  A resource failed to call release.
2026-02-12 15:12:34.932  1616-1629  System                  com...le.android.apps.nexuslauncher  W  A resource failed to call release.
2026-02-12 15:12:34.932  1616-1629  System                  com...le.android.apps.nexuslauncher  W  A resource failed to call release.
2026-02-12 15:12:34.933  1616-1629  System                  com...le.android.apps.nexuslauncher  W  A resource failed to call release.
2026-02-12 15:12:34.933  1616-1629  System                  com...le.android.apps.nexuslauncher  W  A resource failed to call release.
2026-02-12 15:12:34.933  1616-1629  System                  com...le.android.apps.nexuslauncher  W  A resource failed to call release.
2026-02-12 15:12:36.241   568-5773  android.ha...mpl.ranchu android.hardware.audio.service       D  threadLoop: entering standby, frames: 15856512
2026-02-12 15:12:36.241   568-5773  android.ha...mpl.ranchu android.hardware.audio.service       D  ~TinyalsaSink: joining consumeThread
2026-02-12 15:12:36.255   568-13210 android.ha...mpl.ranchu android.hardware.audio.service       D  consumeThread: exiting
2026-02-12 15:12:36.256   568-5773  android.ha...mpl.ranchu android.hardware.audio.service       D  ~TinyalsaSink: stopping PCM stream
2026-02-12 15:12:36.872   788-838   AppOpHistoryHelper      system_server                        D  MetricHandler reporting 29 records.
2026-02-12 15:12:37.778   788-3853  TaskPersister           system_server                        E  File error accessing recents directory (directory doesn't exist?).
2026-02-12 15:12:37.814   788-1212  HalDevMgr               system_server                        I  bestIfaceCreationProposal is null, requestIface=STA, existingIface=[name=wlan0 type=STA]
2026-02-12 15:12:40.764 13218-13218 libbinder....iceManager pid-13218                            W  Thread Pool max thread count is 0. Cannot cache binder as linkToDeath cannot be implemented. serviceName: package
2026-02-12 15:12:40.794   965-1032  artd                    artd                                 I  GetBestInfo: odex next to the dex file (/data/app/~~ulY-VYmfUCDUYN95W71j7Q==/com.google.android.gms-nMPRDmjFbsuq-8Yb_5D9lg==/oat/x86_64/base.odex) is kOatUpToDate with filter 'speed-profile' executable 'false'
2026-02-12 15:12:40.795   965-1032  artd                    artd                                 I  GetBestInfo: odex next to the dex file (/data/app/~~ulY-VYmfUCDUYN95W71j7Q==/com.google.android.gms-nMPRDmjFbsuq-8Yb_5D9lg==/oat/x86_64/split_AdsDynamite_installtime.odex) is kOatUpToDate with filter 'speed' executable 'false'
2026-02-12 15:12:40.797   965-1032  artd                    artd                                 I  GetBestInfo: odex next to the dex file (/data/app/~~ulY-VYmfUCDUYN95W71j7Q==/com.google.android.gms-nMPRDmjFbsuq-8Yb_5D9lg==/oat/x86_64/split_CronetDynamite_installtime.odex) is kOatUpToDate with filter 'speed-profile' executable 'false'
2026-02-12 15:12:40.798   965-1032  artd                    artd                                 I  GetBestInfo: odex next to the dex file (/data/app/~~ulY-VYmfUCDUYN95W71j7Q==/com.google.android.gms-nMPRDmjFbsuq-8Yb_5D9lg==/oat/x86_64/split_DynamiteLoader_installtime.odex) is kOatUpToDate with filter 'speed' executable 'false'
2026-02-12 15:12:40.799   965-1032  artd                    artd                                 I  GetBestInfo: odex next to the dex file (/data/app/~~ulY-VYmfUCDUYN95W71j7Q==/com.google.android.gms-nMPRDmjFbsuq-8Yb_5D9lg==/oat/x86_64/split_DynamiteModulesA_installtime.odex) is kOatUpToDate with filter 'speed' executable 'false'
2026-02-12 15:12:40.801   965-1032  artd                    artd                                 I  GetBestInfo: odex next to the dex file (/data/app/~~ulY-VYmfUCDUYN95W71j7Q==/com.google.android.gms-nMPRDmjFbsuq-8Yb_5D9lg==/oat/x86_64/split_DynamiteModulesC_installtime.odex) is kOatUpToDate with filter 'speed' executable 'false'
2026-02-12 15:12:40.802   965-1032  artd                    artd                                 I  GetBestInfo: odex next to the dex file (/data/app/~~ulY-VYmfUCDUYN95W71j7Q==/com.google.android.gms-nMPRDmjFbsuq-8Yb_5D9lg==/oat/x86_64/split_GoogleCertificates_installtime.odex) is kOatUpToDate with filter 'speed' executable 'false'
2026-02-12 15:12:40.804   965-1032  artd                    artd                                 I  GetBestInfo: odex next to the dex file (/data/app/~~ulY-VYmfUCDUYN95W71j7Q==/com.google.android.gms-nMPRDmjFbsuq-8Yb_5D9lg==/oat/x86_64/split_MapsDynamite_installtime.odex) is kOatUpToDate with filter 'speed' executable 'false'
2026-02-12 15:12:40.806   965-1032  artd                    artd                                 I  GetBestInfo: odex next to the dex file (/data/app/~~ulY-VYmfUCDUYN95W71j7Q==/com.google.android.gms-nMPRDmjFbsuq-8Yb_5D9lg==/oat/x86_64/split_MeasurementDynamite_installtime.odex) is kOatUpToDate with filter 'speed' executable 'false'
2026-02-12 15:12:40.807   965-1032  artd                    artd                                 I  GetBestInfo: /data/user_de/0/com.google.android.gms/app_chimera/m/00000004/DynamiteModulesC.apk has no usable artifacts
2026-02-12 15:12:40.808   965-1032  artd                    artd                                 I  GetBestInfo: /data/user_de/0/com.google.android.gms/app_chimera/m/0000000a/dl-TfliteDynamiteDynamite.integ_252130102100800.apk has no usable artifacts
2026-02-12 15:12:40.808   965-1032  artd                    artd                                 I  GetBestInfo: /data/user_de/0/com.google.android.gms/app_chimera/m/00000001/CronetDynamite.apk has no usable artifacts
2026-02-12 15:12:40.808   965-1032  artd                    artd                                 I  GetBestInfo: /data/user_de/0/com.google.android.gms/app_chimera/m/00000002/DynamiteLoader.apk has no usable artifacts
2026-02-12 15:12:40.809   965-1032  artd                    artd                                 I  GetBestInfo: /data/user_de/0/com.google.android.gms/app_chimera/m/00000005/GoogleCertificates.apk has no usable artifacts
2026-02-12 15:12:40.810   965-1032  artd                    artd                                 I  GetBestInfo: /data/user_de/0/com.google.android.gms/app_chimera/m/0000000b/dl-VisionOcr.optional_253434100000.apk has no usable artifacts
2026-02-12 15:12:40.812   965-1032  artd                    artd                                 I  GetBestInfo: vdex next to the dex file (/data/user/0/com.google.android.gms/app_dg_cache/CF98DA544914DD75038B6CE6DBC852B6C43EC876/oat/x86_64/the.vdex) is kOatUpToDate with filter 'verify' executable 'false'
2026-02-12 15:12:40.813   965-1032  artd                    artd                                 I  GetBestInfo: /data/user_de/0/com.google.android.gms/app_chimera/m/00000009/dl-MlkitBarcodeUi.optional_253434100800.apk has no usable artifacts
2026-02-12 15:12:40.814   965-1032  artd                    artd                                 I  GetBestInfo: /data/user_de/0/com.google.android.gms/app_chimera/m/00000014/dl-PlayCloudSearch.optional_260235100000.apk has no usable artifacts
2026-02-12 15:12:40.816   965-1032  artd                    artd                                 I  GetBestInfo: /data/user_de/0/com.google.android.gms/app_chimera/m/0000000c/dl-MlkitOcrCommon.optional_253434100800.apk has no usable artifacts
2026-02-12 15:12:40.817   965-1032  artd                    artd                                 I  GetBestInfo: /data/user_de/0/com.google.android.gms/app_chimera/m/0000000d/dl-Appsearch.optional_253434100800.apk has no usable artifacts
2026-02-12 15:12:40.818   965-1032  artd                    artd                                 I  GetBestInfo: /data/user_de/0/com.google.android.gms/app_chimera/m/00000007/MeasurementDynamite.apk has no usable artifacts
2026-02-12 15:12:40.819   788-1212  HalDevMgr               system_server                        I  bestIfaceCreationProposal is null, requestIface=STA, existingIface=[name=wlan0 type=STA]
2026-02-12 15:12:40.819   965-1032  artd                    artd                                 I  GetBestInfo: /data/user_de/0/com.google.android.gms/app_chimera/m/00000015/dl-Appsearch.optional_260235100800.apk has no usable artifacts
2026-02-12 15:12:40.821   965-1032  artd                    artd                                 I  GetBestInfo: /data/user_de/0/com.google.android.gms/app_chimera/m/00000011/dl-MlkitBarcodeUi.optional_260235100800.apk has no usable artifacts
2026-02-12 15:12:40.822   965-1032  artd                    artd                                 I  GetBestInfo: /data/user_de/0/com.google.android.gms/app_chimera/m/0000000e/dl-PlayCloudSearch.optional_253434100000.apk has no usable artifacts
2026-02-12 15:12:43.824   788-1212  HalDevMgr               system_server                        I  bestIfaceCreationProposal is null, requestIface=STA, existingIface=[name=wlan0 type=STA]
2026-02-12 15:12:43.860  1499-1581  SatelliteController     com.android.phone                    D  iisInCarrierRoamingNbIotNtn: satellite is disabled
2026-02-12 15:12:43.861  1499-1581  SatelliteController     com.android.phone                    D  getCarrierRoamingNtnConnectType: Falling back to global carrier config connect type: 0
2026-02-12 15:12:46.828   788-1212  HalDevMgr               system_server                        I  bestIfaceCreationProposal is null, requestIface=STA, existingIface=[name=wlan0 type=STA]
2026-02-12 15:12:49.831   788-1212  HalDevMgr               system_server                        I  bestIfaceCreationProposal is null, requestIface=STA, existingIface=[name=wlan0 type=STA]
2026-02-12 15:12:50.772 13221-13221 libbinder....iceManager pid-13221                            W  Thread Pool max thread count is 0. Cannot cache binder as linkToDeath cannot be implemented. serviceName: package
2026-02-12 15:12:50.804   965-1032  artd                    artd                                 I  GetBestInfo: odex next to the dex file (/data/app/~~ulY-VYmfUCDUYN95W71j7Q==/com.google.android.gms-nMPRDmjFbsuq-8Yb_5D9lg==/oat/x86_64/base.odex) is kOatUpToDate with filter 'speed-profile' executable 'false'
2026-02-12 15:12:50.806   965-1032  artd                    artd                                 I  GetBestInfo: odex next to the dex file (/data/app/~~ulY-VYmfUCDUYN95W71j7Q==/com.google.android.gms-nMPRDmjFbsuq-8Yb_5D9lg==/oat/x86_64/split_AdsDynamite_installtime.odex) is kOatUpToDate with filter 'speed' executable 'false'
2026-02-12 15:12:50.807   965-1032  artd                    artd                                 I  GetBestInfo: odex next to the dex file (/data/app/~~ulY-VYmfUCDUYN95W71j7Q==/com.google.android.gms-nMPRDmjFbsuq-8Yb_5D9lg==/oat/x86_64/split_CronetDynamite_installtime.odex) is kOatUpToDate with filter 'speed-profile' executable 'false'
2026-02-12 15:12:50.809   965-1032  artd                    artd                                 I  GetBestInfo: odex next to the dex file (/data/app/~~ulY-VYmfUCDUYN95W71j7Q==/com.google.android.gms-nMPRDmjFbsuq-8Yb_5D9lg==/oat/x86_64/split_DynamiteLoader_installtime.odex) is kOatUpToDate with filter 'speed' executable 'false'
2026-02-12 15:12:50.810   965-1032  artd                    artd                                 I  GetBestInfo: odex next to the dex file (/data/app/~~ulY-VYmfUCDUYN95W71j7Q==/com.google.android.gms-nMPRDmjFbsuq-8Yb_5D9lg==/oat/x86_64/split_DynamiteModulesA_installtime.odex) is kOatUpToDate with filter 'speed' executable 'false'
2026-02-12 15:12:50.811   965-1032  artd                    artd                                 I  GetBestInfo: odex next to the dex file (/data/app/~~ulY-VYmfUCDUYN95W71j7Q==/com.google.android.gms-nMPRDmjFbsuq-8Yb_5D9lg==/oat/x86_64/split_DynamiteModulesC_installtime.odex) is kOatUpToDate with filter 'speed' executable 'false'
2026-02-12 15:12:50.813   965-1032  artd                    artd                                 I  GetBestInfo: odex next to the dex file (/data/app/~~ulY-VYmfUCDUYN95W71j7Q==/com.google.android.gms-nMPRDmjFbsuq-8Yb_5D9lg==/oat/x86_64/split_GoogleCertificates_installtime.odex) is kOatUpToDate with filter 'speed' executable 'false'
2026-02-12 15:12:50.814   965-1032  artd                    artd                                 I  GetBestInfo: odex next to the dex file (/data/app/~~ulY-VYmfUCDUYN95W71j7Q==/com.google.android.gms-nMPRDmjFbsuq-8Yb_5D9lg==/oat/x86_64/split_MapsDynamite_installtime.odex) is kOatUpToDate with filter 'speed' executable 'false'
2026-02-12 15:12:50.816   965-1032  artd                    artd                                 I  GetBestInfo: odex next to the dex file (/data/app/~~ulY-VYmfUCDUYN95W71j7Q==/com.google.android.gms-nMPRDmjFbsuq-8Yb_5D9lg==/oat/x86_64/split_MeasurementDynamite_installtime.odex) is kOatUpToDate with filter 'speed' executable 'false'
2026-02-12 15:12:50.817   965-1032  artd                    artd                                 I  GetBestInfo: /data/user_de/0/com.google.android.gms/app_chimera/m/00000004/DynamiteModulesC.apk has no usable artifacts
2026-02-12 15:12:50.818   965-1032  artd                    artd                                 I  GetBestInfo: /data/user_de/0/com.google.android.gms/app_chimera/m/0000000a/dl-TfliteDynamiteDynamite.integ_252130102100800.apk has no usable artifacts
2026-02-12 15:12:50.818   965-1032  artd                    artd                                 I  GetBestInfo: /data/user_de/0/com.google.android.gms/app_chimera/m/00000001/CronetDynamite.apk has no usable artifacts
2026-02-12 15:12:50.818   965-1032  artd                    artd                                 I  GetBestInfo: /data/user_de/0/com.google.android.gms/app_chimera/m/00000002/DynamiteLoader.apk has no usable artifacts
2026-02-12 15:12:50.819   965-1032  artd                    artd                                 I  GetBestInfo: /data/user_de/0/com.google.android.gms/app_chimera/m/00000005/GoogleCertificates.apk has no usable artifacts
2026-02-12 15:12:50.820   965-1032  artd                    artd                                 I  GetBestInfo: /data/user_de/0/com.google.android.gms/app_chimera/m/0000000b/dl-VisionOcr.optional_253434100000.apk has no usable artifacts
2026-02-12 15:12:50.822   965-1032  artd                    artd                                 I  GetBestInfo: vdex next to the dex file (/data/user/0/com.google.android.gms/app_dg_cache/CF98DA544914DD75038B6CE6DBC852B6C43EC876/oat/x86_64/the.vdex) is kOatUpToDate with filter 'verify' executable 'false'
2026-02-12 15:12:50.824   965-1032  artd                    artd                                 I  GetBestInfo: /data/user_de/0/com.google.android.gms/app_chimera/m/00000009/dl-MlkitBarcodeUi.optional_253434100800.apk has no usable artifacts
2026-02-12 15:12:50.825   965-1032  artd                    artd                                 I  GetBestInfo: /data/user_de/0/com.google.android.gms/app_chimera/m/00000014/dl-PlayCloudSearch.optional_260235100000.apk has no usable artifacts
2026-02-12 15:12:50.827   965-1032  artd                    artd                                 I  GetBestInfo: /data/user_de/0/com.google.android.gms/app_chimera/m/0000000c/dl-MlkitOcrCommon.optional_253434100800.apk has no usable artifacts
2026-02-12 15:12:50.828   965-1032  artd                    artd                                 I  GetBestInfo: /data/user_de/0/com.google.android.gms/app_chimera/m/0000000d/dl-Appsearch.optional_253434100800.apk has no usable artifacts
2026-02-12 15:12:50.829   965-1032  artd                    artd                                 I  GetBestInfo: /data/user_de/0/com.google.android.gms/app_chimera/m/00000007/MeasurementDynamite.apk has no usable artifacts
2026-02-12 15:12:50.830   965-1032  artd                    artd                                 I  GetBestInfo: /data/user_de/0/com.google.android.gms/app_chimera/m/00000015/dl-Appsearch.optional_260235100800.apk has no usable artifacts
2026-02-12 15:12:50.831   965-1032  artd                    artd                                 I  GetBestInfo: /data/user_de/0/com.google.android.gms/app_chimera/m/00000011/dl-MlkitBarcodeUi.optional_260235100800.apk has no usable artifacts
2026-02-12 15:12:50.832   965-1032  artd                    artd                                 I  GetBestInfo: /data/user_de/0/com.google.android.gms/app_chimera/m/0000000e/dl-PlayCloudSearch.optional_253434100000.apk has no usable artifacts
2026-02-12 15:12:52.834   788-1212  HalDevMgr               system_server                        I  bestIfaceCreationProposal is null, requestIface=STA, existingIface=[name=wlan0 type=STA]
2026-02-12 15:12:53.860  1499-1581  SatelliteController     com.android.phone                    D  iisInCarrierRoamingNbIotNtn: satellite is disabled
2026-02-12 15:12:53.861  1499-1581  SatelliteController     com.android.phone                    D  getCarrierRoamingNtnConnectType: Falling back to global carrier config connect type: 0
2026-02-12 15:12:55.839   788-1212  HalDevMgr               system_server                        I  bestIfaceCreationProposal is null, requestIface=STA, existingIface=[name=wlan0 type=STA]
2026-02-12 15:12:58.844   788-1212  HalDevMgr               system_server                        I  bestIfaceCreationProposal is null, requestIface=STA, existingIface=[name=wlan0 type=STA]
2026-02-12 15:13:00.778 13224-13224 libbinder....iceManager pid-13224                            W  Thread Pool max thread count is 0. Cannot cache binder as linkToDeath cannot be implemented. serviceName: package
2026-02-12 15:13:00.802   965-1032  artd                    artd                                 I  GetBestInfo: odex next to the dex file (/data/app/~~ulY-VYmfUCDUYN95W71j7Q==/com.google.android.gms-nMPRDmjFbsuq-8Yb_5D9lg==/oat/x86_64/base.odex) is kOatUpToDate with filter 'speed-profile' executable 'false'
2026-02-12 15:13:00.803   965-1032  artd                    artd                                 I  GetBestInfo: odex next to the dex file (/data/app/~~ulY-VYmfUCDUYN95W71j7Q==/com.google.android.gms-nMPRDmjFbsuq-8Yb_5D9lg==/oat/x86_64/split_AdsDynamite_installtime.odex) is kOatUpToDate with filter 'speed' executable 'false'
2026-02-12 15:13:00.805   965-1032  artd                    artd                                 I  GetBestInfo: odex next to the dex file (/data/app/~~ulY-VYmfUCDUYN95W71j7Q==/com.google.android.gms-nMPRDmjFbsuq-8Yb_5D9lg==/oat/x86_64/split_CronetDynamite_installtime.odex) is kOatUpToDate with filter 'speed-profile' executable 'false'
2026-02-12 15:13:00.806   965-1032  artd                    artd                                 I  GetBestInfo: odex next to the dex file (/data/app/~~ulY-VYmfUCDUYN95W71j7Q==/com.google.android.gms-nMPRDmjFbsuq-8Yb_5D9lg==/oat/x86_64/split_DynamiteLoader_installtime.odex) is kOatUpToDate with filter 'speed' executable 'false'
2026-02-12 15:13:00.808   965-1032  artd                    artd                                 I  GetBestInfo: odex next to the dex file (/data/app/~~ulY-VYmfUCDUYN95W71j7Q==/com.google.android.gms-nMPRDmjFbsuq-8Yb_5D9lg==/oat/x86_64/split_DynamiteModulesA_installtime.odex) is kOatUpToDate with filter 'speed' executable 'false'
2026-02-12 15:13:00.809   965-1032  artd                    artd                                 I  GetBestInfo: odex next to the dex file (/data/app/~~ulY-VYmfUCDUYN95W71j7Q==/com.google.android.gms-nMPRDmjFbsuq-8Yb_5D9lg==/oat/x86_64/split_DynamiteModulesC_installtime.odex) is kOatUpToDate with filter 'speed' executable 'false'
2026-02-12 15:13:00.811   965-1032  artd                    artd                                 I  GetBestInfo: odex next to the dex file (/data/app/~~ulY-VYmfUCDUYN95W71j7Q==/com.google.android.gms-nMPRDmjFbsuq-8Yb_5D9lg==/oat/x86_64/split_GoogleCertificates_installtime.odex) is kOatUpToDate with filter 'speed' executable 'false'
2026-02-12 15:13:00.812   965-1032  artd                    artd                                 I  GetBestInfo: odex next to the dex file (/data/app/~~ulY-VYmfUCDUYN95W71j7Q==/com.google.android.gms-nMPRDmjFbsuq-8Yb_5D9lg==/oat/x86_64/split_MapsDynamite_installtime.odex) is kOatUpToDate with filter 'speed' executable 'false'
2026-02-12 15:13:00.813   965-1032  artd                    artd                                 I  GetBestInfo: odex next to the dex file (/data/app/~~ulY-VYmfUCDUYN95W71j7Q==/com.google.android.gms-nMPRDmjFbsuq-8Yb_5D9lg==/oat/x86_64/split_MeasurementDynamite_installtime.odex) is kOatUpToDate with filter 'speed' executable 'false'
2026-02-12 15:13:00.814   965-1032  artd                    artd                                 I  GetBestInfo: /data/user_de/0/com.google.android.gms/app_chimera/m/00000004/DynamiteModulesC.apk has no usable artifacts
2026-02-12 15:13:00.815   965-1032  artd                    artd                                 I  GetBestInfo: /data/user_de/0/com.google.android.gms/app_chimera/m/0000000a/dl-TfliteDynamiteDynamite.integ_252130102100800.apk has no usable artifacts
2026-02-12 15:13:00.816   965-1032  artd                    artd                                 I  GetBestInfo: /data/user_de/0/com.google.android.gms/app_chimera/m/00000001/CronetDynamite.apk has no usable artifacts
2026-02-12 15:13:00.816   965-1032  artd                    artd                                 I  GetBestInfo: /data/user_de/0/com.google.android.gms/app_chimera/m/00000002/DynamiteLoader.apk has no usable artifacts
2026-02-12 15:13:00.816   965-1032  artd                    artd                                 I  GetBestInfo: /data/user_de/0/com.google.android.gms/app_chimera/m/00000005/GoogleCertificates.apk has no usable artifacts
2026-02-12 15:13:00.818   965-1032  artd                    artd                                 I  GetBestInfo: /data/user_de/0/com.google.android.gms/app_chimera/m/0000000b/dl-VisionOcr.optional_253434100000.apk has no usable artifacts
2026-02-12 15:13:00.820   965-1032  artd                    artd                                 I  GetBestInfo: vdex next to the dex file (/data/user/0/com.google.android.gms/app_dg_cache/CF98DA544914DD75038B6CE6DBC852B6C43EC876/oat/x86_64/the.vdex) is kOatUpToDate with filter 'verify' executable 'false'
2026-02-12 15:13:00.822   965-1032  artd                    artd                                 I  GetBestInfo: /data/user_de/0/com.google.android.gms/app_chimera/m/00000009/dl-MlkitBarcodeUi.optional_253434100800.apk has no usable artifacts
2026-02-12 15:13:00.824   965-1032  artd                    artd                                 I  GetBestInfo: /data/user_de/0/com.google.android.gms/app_chimera/m/00000014/dl-PlayCloudSearch.optional_260235100000.apk has no usable artifacts
2026-02-12 15:13:00.825   965-1032  artd                    artd                                 I  GetBestInfo: /data/user_de/0/com.google.android.gms/app_chimera/m/0000000c/dl-MlkitOcrCommon.optional_253434100800.apk has no usable artifacts
2026-02-12 15:13:00.827   965-1032  artd                    artd                                 I  GetBestInfo: /data/user_de/0/com.google.android.gms/app_chimera/m/0000000d/dl-Appsearch.optional_253434100800.apk has no usable artifacts
2026-02-12 15:13:00.827   965-1032  artd                    artd                                 I  GetBestInfo: /data/user_de/0/com.google.android.gms/app_chimera/m/00000007/MeasurementDynamite.apk has no usable artifacts
2026-02-12 15:13:00.828   965-1032  artd                    artd                                 I  GetBestInfo: /data/user_de/0/com.google.android.gms/app_chimera/m/00000015/dl-Appsearch.optional_260235100800.apk has no usable artifacts
2026-02-12 15:13:00.829   965-1032  artd                    artd                                 I  GetBestInfo: /data/user_de/0/com.google.android.gms/app_chimera/m/00000011/dl-MlkitBarcodeUi.optional_260235100800.apk has no usable artifacts
2026-02-12 15:13:00.831   965-1032  artd                    artd                                 I  GetBestInfo: /data/user_de/0/com.google.android.gms/app_chimera/m/0000000e/dl-PlayCloudSearch.optional_253434100000.apk has no usable artifacts
2026-02-12 15:13:01.849   788-1212  HalDevMgr               system_server                        I  bestIfaceCreationProposal is null, requestIface=STA, existingIface=[name=wlan0 type=STA]
2026-02-12 15:13:03.861  1499-1581  SatelliteController     com.android.phone                    D  iisInCarrierRoamingNbIotNtn: satellite is disabled
2026-02-12 15:13:03.861  1499-1581  SatelliteController     com.android.phone                    D  getCarrierRoamingNtnConnectType: Falling back to global carrier config connect type: 0
2026-02-12 15:13:04.854   788-1212  HalDevMgr               system_server                        I  bestIfaceCreationProposal is null, requestIface=STA, existingIface=[name=wlan0 type=STA]
2026-02-12 15:13:07.860   788-1212  HalDevMgr               system_server                        I  bestIfaceCreationProposal is null, requestIface=STA, existingIface=[name=wlan0 type=STA]
2026-02-12 15:13:10.782 13227-13227 libbinder....iceManager pid-13227                            W  Thread Pool max thread count is 0. Cannot cache binder as linkToDeath cannot be implemented. serviceName: package
2026-02-12 15:13:10.810   965-1032  artd                    artd                                 I  GetBestInfo: odex next to the dex file (/data/app/~~ulY-VYmfUCDUYN95W71j7Q==/com.google.android.gms-nMPRDmjFbsuq-8Yb_5D9lg==/oat/x86_64/base.odex) is kOatUpToDate with filter 'speed-profile' executable 'false'
2026-02-12 15:13:10.812   965-1032  artd                    artd                                 I  GetBestInfo: odex next to the dex file (/data/app/~~ulY-VYmfUCDUYN95W71j7Q==/com.google.android.gms-nMPRDmjFbsuq-8Yb_5D9lg==/oat/x86_64/split_AdsDynamite_installtime.odex) is kOatUpToDate with filter 'speed' executable 'false'
2026-02-12 15:13:10.813   965-1032  artd                    artd                                 I  GetBestInfo: odex next to the dex file (/data/app/~~ulY-VYmfUCDUYN95W71j7Q==/com.google.android.gms-nMPRDmjFbsuq-8Yb_5D9lg==/oat/x86_64/split_CronetDynamite_installtime.odex) is kOatUpToDate with filter 'speed-profile' executable 'false'
2026-02-12 15:13:10.814   965-1032  artd                    artd                                 I  GetBestInfo: odex next to the dex file (/data/app/~~ulY-VYmfUCDUYN95W71j7Q==/com.google.android.gms-nMPRDmjFbsuq-8Yb_5D9lg==/oat/x86_64/split_DynamiteLoader_installtime.odex) is kOatUpToDate with filter 'speed' executable 'false'
2026-02-12 15:13:10.816   965-1032  artd                    artd                                 I  GetBestInfo: odex next to the dex file (/data/app/~~ulY-VYmfUCDUYN95W71j7Q==/com.google.android.gms-nMPRDmjFbsuq-8Yb_5D9lg==/oat/x86_64/split_DynamiteModulesA_installtime.odex) is kOatUpToDate with filter 'speed' executable 'false'
2026-02-12 15:13:10.817   965-1032  artd                    artd                                 I  GetBestInfo: odex next to the dex file (/data/app/~~ulY-VYmfUCDUYN95W71j7Q==/com.google.android.gms-nMPRDmjFbsuq-8Yb_5D9lg==/oat/x86_64/split_DynamiteModulesC_installtime.odex) is kOatUpToDate with filter 'speed' executable 'false'
2026-02-12 15:13:10.819   965-1032  artd                    artd                                 I  GetBestInfo: odex next to the dex file (/data/app/~~ulY-VYmfUCDUYN95W71j7Q==/com.google.android.gms-nMPRDmjFbsuq-8Yb_5D9lg==/oat/x86_64/split_GoogleCertificates_installtime.odex) is kOatUpToDate with filter 'speed' executable 'false'
2026-02-12 15:13:10.820   965-1032  artd                    artd                                 I  GetBestInfo: odex next to the dex file (/data/app/~~ulY-VYmfUCDUYN95W71j7Q==/com.google.android.gms-nMPRDmjFbsuq-8Yb_5D9lg==/oat/x86_64/split_MapsDynamite_installtime.odex) is kOatUpToDate with filter 'speed' executable 'false'
2026-02-12 15:13:10.821   965-1032  artd                    artd                                 I  GetBestInfo: odex next to the dex file (/data/app/~~ulY-VYmfUCDUYN95W71j7Q==/com.google.android.gms-nMPRDmjFbsuq-8Yb_5D9lg==/oat/x86_64/split_MeasurementDynamite_installtime.odex) is kOatUpToDate with filter 'speed' executable 'false'
2026-02-12 15:13:10.822   965-1032  artd                    artd                                 I  GetBestInfo: /data/user_de/0/com.google.android.gms/app_chimera/m/00000004/DynamiteModulesC.apk has no usable artifacts
2026-02-12 15:13:10.823   965-1032  artd                    artd                                 I  GetBestInfo: /data/user_de/0/com.google.android.gms/app_chimera/m/0000000a/dl-TfliteDynamiteDynamite.integ_252130102100800.apk has no usable artifacts
2026-02-12 15:13:10.823   965-1032  artd                    artd                                 I  GetBestInfo: /data/user_de/0/com.google.android.gms/app_chimera/m/00000001/CronetDynamite.apk has no usable artifacts
2026-02-12 15:13:10.824   965-1032  artd                    artd                                 I  GetBestInfo: /data/user_de/0/com.google.android.gms/app_chimera/m/00000002/DynamiteLoader.apk has no usable artifacts
2026-02-12 15:13:10.824   965-1032  artd                    artd                                 I  GetBestInfo: /data/user_de/0/com.google.android.gms/app_chimera/m/00000005/GoogleCertificates.apk has no usable artifacts
2026-02-12 15:13:10.825   965-1032  artd                    artd                                 I  GetBestInfo: /data/user_de/0/com.google.android.gms/app_chimera/m/0000000b/dl-VisionOcr.optional_253434100000.apk has no usable artifacts
2026-02-12 15:13:10.827   965-1032  artd                    artd                                 I  GetBestInfo: vdex next to the dex file (/data/user/0/com.google.android.gms/app_dg_cache/CF98DA544914DD75038B6CE6DBC852B6C43EC876/oat/x86_64/the.vdex) is kOatUpToDate with filter 'verify' executable 'false'
2026-02-12 15:13:10.828   965-1032  artd                    artd                                 I  GetBestInfo: /data/user_de/0/com.google.android.gms/app_chimera/m/00000009/dl-MlkitBarcodeUi.optional_253434100800.apk has no usable artifacts
2026-02-12 15:13:10.829   965-1032  artd                    artd                                 I  GetBestInfo: /data/user_de/0/com.google.android.gms/app_chimera/m/00000014/dl-PlayCloudSearch.optional_260235100000.apk has no usable artifacts
2026-02-12 15:13:10.831   965-1032  artd                    artd                                 I  GetBestInfo: /data/user_de/0/com.google.android.gms/app_chimera/m/0000000c/dl-MlkitOcrCommon.optional_253434100800.apk has no usable artifacts
2026-02-12 15:13:10.832   965-1032  artd                    artd                                 I  GetBestInfo: /data/user_de/0/com.google.android.gms/app_chimera/m/0000000d/dl-Appsearch.optional_253434100800.apk has no usable artifacts
2026-02-12 15:13:10.832   965-1032  artd                    artd                                 I  GetBestInfo: /data/user_de/0/com.google.android.gms/app_chimera/m/00000007/MeasurementDynamite.apk has no usable artifacts
2026-02-12 15:13:10.834   965-1032  artd                    artd                                 I  GetBestInfo: /data/user_de/0/com.google.android.gms/app_chimera/m/00000015/dl-Appsearch.optional_260235100800.apk has no usable artifacts
2026-02-12 15:13:10.835   965-1032  artd                    artd                                 I  GetBestInfo: /data/user_de/0/com.google.android.gms/app_chimera/m/00000011/dl-MlkitBarcodeUi.optional_260235100800.apk has no usable artifacts
2026-02-12 15:13:10.837   965-1032  artd                    artd                                 I  GetBestInfo: /data/user_de/0/com.google.android.gms/app_chimera/m/0000000e/dl-PlayCloudSearch.optional_253434100000.apk has no usable artifacts
2026-02-12 15:13:10.864   788-1212  HalDevMgr               system_server                        I  bestIfaceCreationProposal is null, requestIface=STA, existingIface=[name=wlan0 type=STA]
2026-02-12 15:13:13.861  1499-1581  SatelliteController     com.android.phone                    D  iisInCarrierRoamingNbIotNtn: satellite is disabled
2026-02-12 15:13:13.861  1499-1581  SatelliteController     com.android.phone                    D  getCarrierRoamingNtnConnectType: Falling back to global carrier config connect type: 0
2026-02-12 15:13:13.869   788-1212  HalDevMgr               system_server                        I  bestIfaceCreationProposal is null, requestIface=STA, existingIface=[name=wlan0 type=STA]
2026-02-12 15:13:16.874   788-1212  HalDevMgr               system_server                        I  bestIfaceCreationProposal is null, requestIface=STA, existingIface=[name=wlan0 type=STA]
2026-02-12 15:13:19.879   788-1212  HalDevMgr               system_server                        I  bestIfaceCreationProposal is null, requestIface=STA, existingIface=[name=wlan0 type=STA]
2026-02-12 15:13:20.766 13230-13230 libbinder....iceManager pid-13230                            W  Thread Pool max thread count is 0. Cannot cache binder as linkToDeath cannot be implemented. serviceName: package
2026-02-12 15:13:20.798   965-1032  artd                    artd                                 I  GetBestInfo: odex next to the dex file (/data/app/~~ulY-VYmfUCDUYN95W71j7Q==/com.google.android.gms-nMPRDmjFbsuq-8Yb_5D9lg==/oat/x86_64/base.odex) is kOatUpToDate with filter 'speed-profile' executable 'false'
2026-02-12 15:13:20.800   965-1032  artd                    artd                                 I  GetBestInfo: odex next to the dex file (/data/app/~~ulY-VYmfUCDUYN95W71j7Q==/com.google.android.gms-nMPRDmjFbsuq-8Yb_5D9lg==/oat/x86_64/split_AdsDynamite_installtime.odex) is kOatUpToDate with filter 'speed' executable 'false'
2026-02-12 15:13:20.801   965-1032  artd                    artd                                 I  GetBestInfo: odex next to the dex file (/data/app/~~ulY-VYmfUCDUYN95W71j7Q==/com.google.android.gms-nMPRDmjFbsuq-8Yb_5D9lg==/oat/x86_64/split_CronetDynamite_installtime.odex) is kOatUpToDate with filter 'speed-profile' executable 'false'
2026-02-12 15:13:20.803   965-1032  artd                    artd                                 I  GetBestInfo: odex next to the dex file (/data/app/~~ulY-VYmfUCDUYN95W71j7Q==/com.google.android.gms-nMPRDmjFbsuq-8Yb_5D9lg==/oat/x86_64/split_DynamiteLoader_installtime.odex) is kOatUpToDate with filter 'speed' executable 'false'
2026-02-12 15:13:20.804   965-1032  artd                    artd                                 I  GetBestInfo: odex next to the dex file (/data/app/~~ulY-VYmfUCDUYN95W71j7Q==/com.google.android.gms-nMPRDmjFbsuq-8Yb_5D9lg==/oat/x86_64/split_DynamiteModulesA_installtime.odex) is kOatUpToDate with filter 'speed' executable 'false'
2026-02-12 15:13:20.806   965-1032  artd                    artd                                 I  GetBestInfo: odex next to the dex file (/data/app/~~ulY-VYmfUCDUYN95W71j7Q==/com.google.android.gms-nMPRDmjFbsuq-8Yb_5D9lg==/oat/x86_64/split_DynamiteModulesC_installtime.odex) is kOatUpToDate with filter 'speed' executable 'false'
2026-02-12 15:13:20.807   965-1032  artd                    artd                                 I  GetBestInfo: odex next to the dex file (/data/app/~~ulY-VYmfUCDUYN95W71j7Q==/com.google.android.gms-nMPRDmjFbsuq-8Yb_5D9lg==/oat/x86_64/split_GoogleCertificates_installtime.odex) is kOatUpToDate with filter 'speed' executable 'false'
2026-02-12 15:13:20.809   965-1032  artd                    artd                                 I  GetBestInfo: odex next to the dex file (/data/app/~~ulY-VYmfUCDUYN95W71j7Q==/com.google.android.gms-nMPRDmjFbsuq-8Yb_5D9lg==/oat/x86_64/split_MapsDynamite_installtime.odex) is kOatUpToDate with filter 'speed' executable 'false'
2026-02-12 15:13:20.810   965-1032  artd                    artd                                 I  GetBestInfo: odex next to the dex file (/data/app/~~ulY-VYmfUCDUYN95W71j7Q==/com.google.android.gms-nMPRDmjFbsuq-8Yb_5D9lg==/oat/x86_64/split_MeasurementDynamite_installtime.odex) is kOatUpToDate with filter 'speed' executable 'false'
2026-02-12 15:13:20.811   965-1032  artd                    artd                                 I  GetBestInfo: /data/user_de/0/com.google.android.gms/app_chimera/m/00000004/DynamiteModulesC.apk has no usable artifacts
