2026-02-12 15:15:52.669  1616-1616  BaseDepthController     com...le.android.apps.nexuslauncher  D  shouldBlurWorkspace: false targetState: Normal currentStableState: Normal mCurrentBlur: 0 mLauncher.getDepthBlurTargets(): [com.android.launcher3.Workspace{b6089b7 V.ED..... ........ 0,0-1080,2400 #7f0a049d app:id/workspace}, com.android.launcher3.Hotseat{c9a9524 V.ED..... ........ 0,1905-1080,2400 #7f0a01ee app:id/hotseat}]
2026-02-12 15:15:52.717  1616-1616  BaseDepthController     com...le.android.apps.nexuslauncher  V  Applying blur: 0 to Surface(name=com.google.android.apps.nexuslauncher/com.google.android.apps.nexuslauncher.NexusLauncherActivity#1126)/@0xf37f8b6 applyImmediately: false
2026-02-12 15:15:52.717  1616-1616  BaseDepthController     com...le.android.apps.nexuslauncher  D  shouldBlurWorkspace: false targetState: Normal currentStableState: Normal mCurrentBlur: 0 mLauncher.getDepthBlurTargets(): [com.android.launcher3.Workspace{b6089b7 V.ED..... ........ 0,0-1080,2400 #7f0a049d app:id/workspace}, com.android.launcher3.Hotseat{c9a9524 V.ED..... ........ 0,1905-1080,2400 #7f0a01ee app:id/hotseat}]
2026-02-12 15:15:52.784  1616-1616  BaseDepthController     com...le.android.apps.nexuslauncher  V  Applying blur: 0 to Surface(name=com.google.android.apps.nexuslauncher/com.google.android.apps.nexuslauncher.NexusLauncherActivity#1126)/@0xf37f8b6 applyImmediately: false
2026-02-12 15:15:52.784  1616-1616  BaseDepthController     com...le.android.apps.nexuslauncher  D  setEarlyWakeup: false
2026-02-12 15:15:52.784  1616-1616  BaseDepthController     com...le.android.apps.nexuslauncher  D  shouldBlurWorkspace: false targetState: Normal currentStableState: Normal mCurrentBlur: 0 mLauncher.getDepthBlurTargets(): [com.android.launcher3.Workspace{b6089b7 V.ED..... ........ 0,0-1080,2400 #7f0a049d app:id/workspace}, com.android.launcher3.Hotseat{c9a9524 V.ED..... ........ 0,1905-1080,2400 #7f0a01ee app:id/hotseat}]
2026-02-12 15:15:52.950  1616-1616  ScalingWor...RevealAnim com...le.android.apps.nexuslauncher  D  onAnimationEnd, workspace and hotseat are visible
2026-02-12 15:15:52.950  1616-1616  BaseDepthController     com...le.android.apps.nexuslauncher  V  Applying blur: 0 to Surface(name=com.google.android.apps.nexuslauncher/com.google.android.apps.nexuslauncher.NexusLauncherActivity#1126)/@0xf37f8b6 applyImmediately: false
2026-02-12 15:15:52.951  1616-1616  BaseDepthController     com...le.android.apps.nexuslauncher  D  shouldBlurWorkspace: false targetState: Normal currentStableState: Normal mCurrentBlur: 0 mLauncher.getDepthBlurTargets(): [com.android.launcher3.Workspace{b6089b7 V.ED..... ......ID 0,0-1080,2400 #7f0a049d app:id/workspace}, com.android.launcher3.Hotseat{c9a9524 V.ED..... ......ID 0,1905-1080,2400 #7f0a01ee app:id/hotseat}]
2026-02-12 15:15:52.951  1306-1872  WindowManagerShell      com.android.systemui                 V  Received remote transition finished callback for (#99)
2026-02-12 15:15:52.951  1306-1410  WindowManagerShell      com.android.systemui                 V  Transition animation finished (aborted=false), notifying core (#99) android.os.BinderProxy@757433e@0
2026-02-12 15:15:52.954   788-816   WindowManager           system_server                        V  Finish Transition (#99): created at 02-12 15:15:51.892 collect-started=0.029ms request-sent=0.314ms started=3.512ms ready=21.997ms sent=39.691ms commit=19.205ms finished=1061.557ms
2026-02-12 15:15:52.957   788-2140  libbinder....hreadState system_server                        E  Binder transaction failure. id: 1402382, cmd: BR_DEAD_REPLY (29189), error: -22 (Invalid argument)
2026-02-12 15:15:52.957   788-2140  ActivityManager         system_server                        W  pid 788 system sent binder code 7 with flags 1 and got error -32
2026-02-12 15:15:52.958   788-2140  WindowManager           system_server                        W  Exception thrown during dispatchAppVisibility Window{25db0ce u0 com.arduia.expense.dev/com.arduia.expense.ui.MainActivity EXITING}
                                                                                                    android.os.DeadObjectException
                                                                                                    	at android.os.BinderProxy.transactNative(Native Method)
                                                                                                    	at android.os.BinderProxy.transact(BinderProxy.java:599)
                                                                                                    	at android.view.IWindow$Stub$Proxy.dispatchAppVisibility(IWindow.java:535)
                                                                                                    	at com.android.server.wm.WindowState.sendAppVisibilityToClients(WindowState.java:3266)
                                                                                                    	at com.android.server.wm.WindowContainer.sendAppVisibilityToClients(WindowContainer.java:1218)
                                                                                                    	at com.android.server.wm.WindowToken.setClientVisible(WindowToken.java:394)
                                                                                                    	at com.android.server.wm.ActivityRecord.commitVisibility(ActivityRecord.java:5626)
                                                                                                    	at com.android.server.wm.Transition.finishTransition(Transition.java:1500)
                                                                                                    	at com.android.server.wm.TransitionController.finishTransition(TransitionController.java:1096)
                                                                                                    	at com.android.server.wm.WindowOrganizerController.finishTransition(WindowOrganizerController.java:518)
                                                                                                    	at android.window.IWindowOrganizerController$Stub.onTransact(IWindowOrganizerController.java:270)
                                                                                                    	at com.android.server.wm.WindowOrganizerController.onTransact(WindowOrganizerController.java:233)
                                                                                                    	at android.os.Binder.execTransactInternal(Binder.java:1473)
                                                                                                    	at android.os.Binder.execTransact(Binder.java:1418)
2026-02-12 15:15:52.958   788-2140  Process                 system_server                        W  Unable to open /proc/13291/status
2026-02-12 15:15:52.960  1306-1410  WindowManagerShell      com.android.systemui                 V  Track 0 became idle
2026-02-12 15:15:52.960  1306-1410  WindowManagerShell      com.android.systemui                 V  All active transition animations finished
2026-02-12 15:15:52.960  1616-1616  RecentsView             com...le.android.apps.nexuslauncher  D  onTaskRemoved: 36, not handling task stack changes
2026-02-12 15:15:52.960  1616-1616  RecentsView             com...le.android.apps.nexuslauncher  D  onTaskRemoved: 36, not handling task stack changes
2026-02-12 15:15:52.961   788-2140  WindowManager           system_server                        W  takeTaskSnapshot: taskId=36 not found or not visible
2026-02-12 15:15:52.961   788-1287  ImageReader_JNI         system_server                        W  Unable to acquire a buffer item, very likely client tried to acquire more than maxImages buffers
2026-02-12 15:15:52.968  1306-1410  ShellTaskOrganizer      com.android.systemui                 V  Task vanished taskId=36
2026-02-12 15:15:52.968  1306-1410  ShellTaskOrganizer      com.android.systemui                 V  Fullscreen Task Vanished: #36
2026-02-12 15:15:52.968  1306-1410  ShellDesktopMode        com.android.systemui                 V  Task Vanished: #36 closed=true
2026-02-12 15:15:52.968  1306-1410  ShellDesktopMode        com.android.systemui                 D  AppToWebRepository: Task 36 is vanishing. Removing task data from repository
2026-02-12 15:15:52.968  1306-1410  AppCompat               com.android.systemui                 V  SingleSurfaceLetterboxController: []
2026-02-12 15:15:52.968  1306-1410  AppCompat               com.android.systemui                 V  MultiSurfaceLetterboxController: []
2026-02-12 15:15:52.968  1306-1410  AppCompat               com.android.systemui                 V  LetterboxInputController: []
2026-02-12 15:15:52.968  1306-1410  AppCompat               com.android.systemui                 V  RoundedCornersLetterboxController: {}
2026-02-12 15:15:52.970  1616-1616  b/417220811             com...le.android.apps.nexuslauncher  D  invalidateLoadedTasks - previous requestLoadId: -1
2026-02-12 15:15:53.000   626-626   BpTransact...edListener surfaceflinger                       E  Failed to transact (-32)
2026-02-12 15:15:53.011  1616-1616  FrameTracker            com...le.android.apps.nexuslauncher  W  Missed SF frame:JANK_COMPOSER, 298997, 5860702, CUJ=J<LAUNCHER_APP_CLOSE_TO_HOME>
2026-02-12 15:15:53.011  1616-1616  FrameTracker            com...le.android.apps.nexuslauncher  W  Missed App frame:UNKNOWN: 3, 299063, 16867448, CUJ=J<LAUNCHER_APP_CLOSE_TO_HOME>
2026-02-12 15:15:53.011  1616-1616  FrameTracker            com...le.android.apps.nexuslauncher  W  Missed SF frame:UNKNOWN: 3, 299063, 16867448, CUJ=J<LAUNCHER_APP_CLOSE_TO_HOME>
2026-02-12 15:15:53.011  1616-1616  FrameTracker            com...le.android.apps.nexuslauncher  W  Missed App frame:UNKNOWN: 3, 299519, 16848816, CUJ=J<LAUNCHER_APP_CLOSE_TO_HOME>
2026-02-12 15:15:53.011  1616-1616  FrameTracker            com...le.android.apps.nexuslauncher  W  Missed SF frame:UNKNOWN: 3, 299519, 16848816, CUJ=J<LAUNCHER_APP_CLOSE_TO_HOME>
2026-02-12 15:15:53.011  1616-1616  FrameTracker            com...le.android.apps.nexuslauncher  W  Missed App frame:UNKNOWN: 3, 299527, 27568837, CUJ=J<LAUNCHER_APP_CLOSE_TO_HOME>
2026-02-12 15:15:53.011  1616-1616  FrameTracker            com...le.android.apps.nexuslauncher  W  Missed SF frame:UNKNOWN: 3, 299527, 27568837, CUJ=J<LAUNCHER_APP_CLOSE_TO_HOME>
2026-02-12 15:15:53.011  1616-1616  FrameTracker            com...le.android.apps.nexuslauncher  W  Missed SF frame:JANK_COMPOSER, 299549, 20699013, CUJ=J<LAUNCHER_APP_CLOSE_TO_HOME>
2026-02-12 15:15:53.011  1616-1616  FrameTracker            com...le.android.apps.nexuslauncher  W  Missed SF frame:JANK_COMPOSER, 299557, 22576993, CUJ=J<LAUNCHER_APP_CLOSE_TO_HOME>
2026-02-12 15:15:53.011  1616-1616  FrameTracker            com...le.android.apps.nexuslauncher  W  Missed SF frame:JANK_COMPOSER, 299574, 23164493, CUJ=J<LAUNCHER_APP_CLOSE_TO_HOME>
2026-02-12 15:15:53.011  1616-1616  FrameTracker            com...le.android.apps.nexuslauncher  W  Missed SF frame:JANK_COMPOSER, 299587, 21743937, CUJ=J<LAUNCHER_APP_CLOSE_TO_HOME>
2026-02-12 15:15:53.011  1616-1616  FrameTracker            com...le.android.apps.nexuslauncher  W  Missed SF frame:JANK_COMPOSER, 299609, 20776832, CUJ=J<LAUNCHER_APP_CLOSE_TO_HOME>
2026-02-12 15:15:53.011  1616-1616  FrameTracker            com...le.android.apps.nexuslauncher  W  Missed SF frame:JANK_COMPOSER, 299617, 21727463, CUJ=J<LAUNCHER_APP_CLOSE_TO_HOME>
2026-02-12 15:15:53.011  1616-1616  FrameTracker            com...le.android.apps.nexuslauncher  W  Missed SF frame:JANK_COMPOSER, 299633, 22389984, CUJ=J<LAUNCHER_APP_CLOSE_TO_HOME>
2026-02-12 15:15:53.011  1616-1616  FrameTracker            com...le.android.apps.nexuslauncher  W  Missed SF frame:JANK_COMPOSER, 299647, 21671886, CUJ=J<LAUNCHER_APP_CLOSE_TO_HOME>
2026-02-12 15:15:53.012  1616-1616  FrameTracker            com...le.android.apps.nexuslauncher  W  Missed SF frame:JANK_COMPOSER, 299662, 21319413, CUJ=J<LAUNCHER_APP_CLOSE_TO_HOME>
2026-02-12 15:15:53.012  1616-1616  FrameTracker            com...le.android.apps.nexuslauncher  W  Missed SF frame:JANK_COMPOSER, 299677, 21279356, CUJ=J<LAUNCHER_APP_CLOSE_TO_HOME>
2026-02-12 15:15:53.012  1616-1616  FrameTracker            com...le.android.apps.nexuslauncher  W  Missed SF frame:JANK_COMPOSER, 299685, 20838428, CUJ=J<LAUNCHER_APP_CLOSE_TO_HOME>
2026-02-12 15:15:53.012  1616-1616  FrameTracker            com...le.android.apps.nexuslauncher  W  Missed SF frame:JANK_COMPOSER, 299707, 22142762, CUJ=J<LAUNCHER_APP_CLOSE_TO_HOME>
2026-02-12 15:15:53.012  1616-1616  FrameTracker            com...le.android.apps.nexuslauncher  W  Missed SF frame:JANK_COMPOSER, 299715, 22056068, CUJ=J<LAUNCHER_APP_CLOSE_TO_HOME>
2026-02-12 15:15:53.012  1616-1616  FrameTracker            com...le.android.apps.nexuslauncher  W  Missed SF frame:JANK_COMPOSER, 299723, 21187798, CUJ=J<LAUNCHER_APP_CLOSE_TO_HOME>
2026-02-12 15:15:53.012  1616-1616  FrameTracker            com...le.android.apps.nexuslauncher  W  Missed SF frame:JANK_COMPOSER, 299738, 22773510, CUJ=J<LAUNCHER_APP_CLOSE_TO_HOME>
2026-02-12 15:15:53.012  1616-1616  FrameTracker            com...le.android.apps.nexuslauncher  W  Missed SF frame:JANK_COMPOSER, 299753, 20856604, CUJ=J<LAUNCHER_APP_CLOSE_TO_HOME>
2026-02-12 15:15:53.012  1616-1616  FrameTracker            com...le.android.apps.nexuslauncher  W  Missed SF frame:JANK_COMPOSER, 299761, 20577469, CUJ=J<LAUNCHER_APP_CLOSE_TO_HOME>
2026-02-12 15:15:53.012  1616-1616  FrameTracker            com...le.android.apps.nexuslauncher  W  Missed SF frame:JANK_COMPOSER, 299769, 20929848, CUJ=J<LAUNCHER_APP_CLOSE_TO_HOME>
2026-02-12 15:15:53.012  1616-1616  FrameTracker            com...le.android.apps.nexuslauncher  W  Missed SF frame:JANK_COMPOSER, 299777, 20878811, CUJ=J<LAUNCHER_APP_CLOSE_TO_HOME>
2026-02-12 15:15:53.012  1616-1616  FrameTracker            com...le.android.apps.nexuslauncher  W  Missed SF frame:JANK_COMPOSER, 299785, 21308335, CUJ=J<LAUNCHER_APP_CLOSE_TO_HOME>
2026-02-12 15:15:53.012  1616-1616  FrameTracker            com...le.android.apps.nexuslauncher  W  Missed SF frame:JANK_COMPOSER, 299793, 23446282, CUJ=J<LAUNCHER_APP_CLOSE_TO_HOME>
2026-02-12 15:15:53.012  1616-1616  FrameTracker            com...le.android.apps.nexuslauncher  W  Missed SF frame:JANK_COMPOSER, 299801, 21824870, CUJ=J<LAUNCHER_APP_CLOSE_TO_HOME>
2026-02-12 15:15:53.012  1616-1616  FrameTracker            com...le.android.apps.nexuslauncher  W  Missed SF frame:JANK_COMPOSER, 299809, 23868150, CUJ=J<LAUNCHER_APP_CLOSE_TO_HOME>
2026-02-12 15:15:53.012  1616-1616  FrameTracker            com...le.android.apps.nexuslauncher  W  Missed SF frame:JANK_COMPOSER, 299817, 22602796, CUJ=J<LAUNCHER_APP_CLOSE_TO_HOME>
2026-02-12 15:15:53.122   788-1212  HalDevMgr               system_server                        I  bestIfaceCreationProposal is null, requestIface=STA, existingIface=[name=wlan0 type=STA]
2026-02-12 15:15:53.169   788-2244  AS.PlaybackActivityMon  system_server                        W  No piid assigned for invalid/internal port id 15
2026-02-12 15:15:53.170   788-905   WindowManager           system_server                        V  DesktopModeLaunchParamsModifier: phase= 0 task=null activity=null display-from-option=0 display-id=0 task-display-area-windowing-mode=1 suggested-display-area=DefaultTaskDisplayArea@181483831 task null, skipping
2026-02-12 15:15:53.170   788-905   WindowManager           system_server                        V  TaskLaunchParamsModifier:phase=0 task=null activity=null display-from-option=0 display-id=0 task-display-area-windowing-mode=1 suggested-display-area=DefaultTaskDisplayArea@181483831
2026-02-12 15:15:53.170   788-905   Grammatica...ctionUtils system_server                        V  AttributionSource: android.content.AttributionSource@ce406a78 does not have READ_SYSTEM_GRAMMATICAL_GENDER permission.
2026-02-12 15:15:53.172   788-905   WindowManager           system_server                        V  DesktopModeLaunchParamsModifier: phase= 0 task=null activity=ActivityRecord{3865926 u0 com.arduia.expense.dev/com.arduia.expense.ui.MainActivity display-from-option=0 display-id=0 task-display-area-windowing-mode=1 suggested-display-area=DefaultTaskDisplayArea@181483831 task null, skipping
2026-02-12 15:15:53.172   788-905   WindowManager           system_server                        V  TaskLaunchParamsModifier:phase=0 task=null activity=ActivityRecord{3865926 u0 com.arduia.expense.dev/com.arduia.expense.ui.MainActivity t-1} display-from-option=0 display-id=0 task-display-area-windowing-mode=1 suggested-display-area=DefaultTaskDisplayArea@181483831
2026-02-12 15:15:53.172   788-905   WindowManager           system_server                        V  DesktopModeLaunchParamsModifier: phase= 3 task=null activity=ActivityRecord{3865926 u0 com.arduia.expense.dev/com.arduia.expense.ui.MainActivity t-1} display-from-option=0 display-id=0 task-display-area-windowing-mode=1 suggested-display-area=DefaultTaskDisplayArea@181483831 task null, skipping
2026-02-12 15:15:53.172   788-905   WindowManager           system_server                        V  TaskLaunchParamsModifier:phase=3 task=null activity=ActivityRecord{3865926 u0 com.arduia.expense.dev/com.arduia.expense.ui.MainActivity t-1} display-from-option=0 display-id=0 task-display-area-windowing-mode=1 suggested-display-area=DefaultTaskDisplayArea@181483831 inherit-from-source=fullscreen non-freeform-task-display-area display-area=DefaultTaskDisplayArea@181483831 skip-bounds-fullscreen
2026-02-12 15:15:53.173   788-905   WindowManager           system_server                        V  DesktopModeLaunchParamsModifier: phase= 3 task=Task{c6d5b07 #37 type=standard A=10227:com.arduia.expense.dev} activity=ActivityRecord{3865926 u0 com.arduia.expense.dev/com.arduia.expense.ui.MainActivity t-1} display-from-option=0 display-id=0 task-display-area-windowing-mode=1 suggested-display-area=DefaultTaskDisplayArea@181483831 not entering desktop mode, skipping
2026-02-12 15:15:53.173   788-905   WindowManager           system_server                        V  TaskLaunchParamsModifier:phase=3 task=Task{c6d5b07 #37 type=standard A=10227:com.arduia.expense.dev} activity=ActivityRecord{3865926 u0 com.arduia.expense.dev/com.arduia.expense.ui.MainActivity t-1} display-from-option=0 display-id=0 task-display-area-windowing-mode=1 suggested-display-area=DefaultTaskDisplayArea@181483831 inherit-from-source=fullscreen non-freeform-task-display-area display-area=DefaultTaskDisplayArea@181483831 skip-bounds-fullscreen
2026-02-12 15:15:53.175   788-905   ActivityTaskManager     system_server                        I  START u0 {act=android.intent.action.MAIN cat=[android.intent.category.LAUNCHER] flg=0x10200000 xflg=0x4 cmp=com.arduia.expense.dev/com.arduia.expense.ui.MainActivity bnds=[836,1905][1009,2100]} with LAUNCH_MULTIPLE from uid 10191 (com.google.android.apps.nexuslauncher) (sr=148882920) (BAL_ALLOW_VISIBLE_WINDOW) result code=0
2026-02-12 15:15:53.175  1616-1616  StatsLog                com...le.android.apps.nexuslauncher  D  LAUNCHER_APP_LAUNCH_TAP
2026-02-12 15:15:53.176  1616-1616  StatsLog                com...le.android.apps.nexuslauncher  D  LAUNCHER_HOTSEAT_RANKED
2026-02-12 15:15:53.176   670-670   libbinder....hreadState cameraserver                         W  Sending oneway calls to frozen process.
2026-02-12 15:15:53.177  1306-1410  WindowManagerShell      com.android.systemui                 V  Transition requested (#100): android.os.BinderProxy@dd43b25 TransitionRequestInfo { type = OPEN, triggerTask = TaskInfo{userId=0 taskId=37 effectiveUid=10227 displayId=0 isRunning=true baseIntent=Intent { act=android.intent.action.MAIN cat=[android.intent.category.LAUNCHER] flg=0x10200000 cmp=com.arduia.expense.dev/com.arduia.expense.ui.MainActivity } baseActivity=ComponentInfo{com.arduia.expense.dev/com.arduia.expense.ui.MainActivity} topActivity=ComponentInfo{com.arduia.expense.dev/com.arduia.expense.ui.MainActivity} origActivity=null realActivity=ComponentInfo{com.arduia.expense.dev/com.arduia.expense.ui.MainActivity} numActivities=1 lastActiveTime=6075373 supportsMultiWindow=true resizeMode=1 isResizeable=true minWidth=-1 minHeight=-1 defaultMinSize=220 token=WCT{android.os.BinderProxy@100a4fa} topActivityType=1 pictureInPictureParams=null shouldDockBigOverlays=false launchIntoPipHostTaskId=-1 lastParentTaskIdBeforePip=-1 displayCutoutSafeInsets=Rect(0, 0 - 0, 0) topActivityInfo=ActivityInfo{2e69aab com.arduia.expense.ui.MainActivity} launchCookies=[android.os.BinderProxy@a922508] positionInParent=Point(0, 0) parentTaskId=-1 isFocused=false isVisible=false isVisibleRequested=false isTopActivityNoDisplay=false isSleeping=false locusId=null displayAreaFeatureId=1 isTopActivityTransparent=false isActivityStackTransparent=false lastNonFullscreenBounds=null capturedLink=null capturedLinkTimestamp=0 requestedVisibleTypes=503 topActivityRequestOpenInBrowserEducationTimestamp=0 appCompatTaskInfo=AppCompatTaskInfo { topActivityInSizeCompat=false isLeafTask= true eligibleForLetterboxEducation= false isLetterboxEducationEnabled= true isLetterboxDoubleTapEnabled= false eligibleForUserAspectRatioButton= false topActivityBoundsLetterboxed= false isFromLetterboxDoubleTap= false topActivityLetterboxVerticalPosition= -1 topActivityLetterboxHorizontalPosition= -1 topActivityLetterboxWidth=-1 topActivityLetterboxHeight=-1 topActivityAppBounds=Rect(0, 0 - 1080, 2400) isUserFullscreenOverrideEnabled=false isSystemFullscreenOverrideEnabled=false hasMinAspectRatioOverride=false topActivityLetterboxBounds=null cameraCompatTaskInfo=CameraCompatTaskInfo { cameraCompatMode=undefinedundefined} topNonResizableActivityAspectRatio=-1.0} topActivityMainWindowFrame=null isAppBubble=false}, pipChange = null, remoteTransition = RemoteTransition { remoteTransition = android.window.IRemoteTransition$Stub$Proxy@3b264a1, appThread = android.app.IApplicationThread$Stub$Proxy@32416c6, debugName = QuickstepLaunch }, displayChange = null, requestedLocation = null, userChange = null, windowingLayerChange = null, flags = 0, debugId = 100 }
2026-02-12 15:15:53.177  1306-1410  ShellSplitScreen        com.android.systemui                 D  logExit: no-op, mLoggerSessionId is null
2026-02-12 15:15:53.177  1306-1410  ShellDesktopMode        com.android.systemui                 V  DesktopTasksController: handleRequest request=TransitionRequestInfo { type = OPEN, triggerTask = TaskInfo{userId=0 taskId=37 effectiveUid=10227 displayId=0 isRunning=true baseIntent=Intent { act=android.intent.action.MAIN cat=[android.intent.category.LAUNCHER] flg=0x10200000 cmp=com.arduia.expense.dev/com.arduia.expense.ui.MainActivity } baseActivity=ComponentInfo{com.arduia.expense.dev/com.arduia.expense.ui.MainActivity} topActivity=ComponentInfo{com.arduia.expense.dev/com.arduia.expense.ui.MainActivity} origActivity=null realActivity=ComponentInfo{com.arduia.expense.dev/com.arduia.expense.ui.MainActivity} numActivities=1 lastActiveTime=6075373 supportsMultiWindow=true resizeMode=1 isResizeable=true minWidth=-1 minHeight=-1 defaultMinSize=220 token=WCT{android.os.BinderProxy@100a4fa} topActivityType=1 pictureInPictureParams=null shouldDockBigOverlays=false launchIntoPipHostTaskId=-1 lastParentTaskIdBeforePip=-1 displayCutoutSafeInsets=Rect(0, 0 - 0, 0) topActivityInfo=ActivityInfo{2e69aab com.arduia.expense.ui.MainActivity} launchCookies=[android.os.BinderProxy@a922508] positionInParent=Point(0, 0) parentTaskId=-1 isFocused=false isVisible=false isVisibleRequested=false isTopActivityNoDisplay=false isSleeping=false locusId=null displayAreaFeatureId=1 isTopActivityTransparent=false isActivityStackTransparent=false lastNonFullscreenBounds=null capturedLink=null capturedLinkTimestamp=0 requestedVisibleTypes=503 topActivityRequestOpenInBrowserEducationTimestamp=0 appCompatTaskInfo=AppCompatTaskInfo { topActivityInSizeCompat=false isLeafTask= true eligibleForLetterboxEducation= false isLetterboxEducationEnabled= true isLetterboxDoubleTapEnabled= false eligibleForUserAspectRatioButton= false topActivityBoundsLetterboxed= false isFromLetterboxDoubleTap= false topActivityLetterboxVerticalPosition= -1 topActivityLetterboxHorizontalPosition= -1 topActivityLetterboxWidth=-1 topActivityLetterboxHeight=-1 topActivityAppBounds=Rect(0, 0 - 1080, 2400) isUserFullscreenOverrideEnabled=false isSystemFullscreenOverrideEnabled=false hasMinAspectRatioOverride=false topActivityLetterboxBounds=null cameraCompatTaskInfo=CameraCompatTaskInfo { cameraCompatMode=undefinedundefined} topNonResizableActivityAspectRatio=-1.0} topActivityMainWindowFrame=null isAppBubble=false}, pipChange = null, remoteTransition = RemoteTransition { remoteTransition = android.window.IRemoteTransition$Stub$Proxy@3b264a1, appThread = android.app.IApplicationThread$Stub$Proxy@32416c6, debugName = QuickstepLaunch }, displayChange = null, requestedLocation = null, userChange = null, windowingLayerChange = null, flags = 0, debugId = 100 }
2026-02-12 15:15:53.177  1306-1410  ShellDesktopMode        com.android.systemui                 V  DesktopTasksController: skipping handleRequest reason=triggerTask's display doesn't support desktop mode
2026-02-12 15:15:53.177  1306-1410  WindowManagerShell      com.android.systemui                 V  RemoteTransition directly requested for (#100) android.os.BinderProxy@dd43b25: RemoteTransition { remoteTransition = android.window.IRemoteTransition$Stub$Proxy@3b264a1, appThread = android.app.IApplicationThread$Stub$Proxy@32416c6, debugName = QuickstepLaunch }
2026-02-12 15:15:53.177  1306-1410  WindowManagerShell      com.android.systemui                 V  Transition (#100): request handled by DefaultMixedHandler
2026-02-12 15:15:53.177  1616-1699  QuickstepModelDelegate  com...le.android.apps.nexuslauncher  D  notifyAppTargetEvent action=1 launchLocation=folder/hotseat/-1/[-1,0]/[1,1]
2026-02-12 15:15:53.179   788-819   Grammatica...ctionUtils system_server                        V  AttributionSource: android.content.AttributionSource@ce406a78 does not have READ_SYSTEM_GRAMMATICAL_GENDER permission.
2026-02-12 15:15:53.179  1306-1410  ShellDesktopMode        com.android.systemui                 D  DesktopRepository: Removes freeform task: taskId=36
2026-02-12 15:15:53.179  1306-1410  ShellDesktopMode        com.android.systemui                 W  DesktopRepository: No display id found for task: taskId=36
2026-02-12 15:15:53.184   557-557   Zygote                  zygote64                             D  Forked child process 13350
2026-02-12 15:15:53.184   788-827   ActivityManager         system_server                        I  Start proc 13350:com.arduia.expense.dev/u0a227 for next-top-activity {com.arduia.expense.dev/com.arduia.expense.ui.MainActivity}
2026-02-12 15:15:53.185   626-752   libbinder.BpBinder      surfaceflinger                       I  onLastStrongRef automatically unlinking death recipients for descriptor: '(not cached)'
2026-02-12 15:15:53.186  1616-1616  BaseActivity            com...le.android.apps.nexuslauncher  D  Launcher flags updated: [state_started|state_resumed|state_deferred_resumed|state_window_focused] -[state_user_active]
2026-02-12 15:15:53.186  1616-1616  BaseActivity            com...le.android.apps.nexuslauncher  D  Launcher flags updated: [state_started|state_window_focused] -[state_resumed|state_deferred_resumed]
2026-02-12 15:15:53.186  1616-1616  SplitSelectStateCtor    com...le.android.apps.nexuslauncher  W  Missing session instanceIds
2026-02-12 15:15:53.186  1616-1616  StatsLog                com...le.android.apps.nexuslauncher  D  LAUNCHER_SPLIT_SELECTION_EXIT_INTERRUPTED
2026-02-12 15:15:53.186  1306-1410  WindowManagerShell      com.android.systemui                 D  setLauncherKeepClearAreaHeight: visible=false, height=495
2026-02-12 15:15:53.187   788-1265  Background...rolService system_server                        D  Package event received: 0
2026-02-12 15:15:53.188   788-2389  WindowManager           system_server                        V  Defer transition id=100 for TaskFragmentTransaction=android.os.Binder@78ca3ff
2026-02-12 15:15:53.189   788-2389  WindowManager           system_server                        V  deferTransitionReady deferReadyDepth=1 stack=com.android.server.wm.TransitionController.deferTransitionReady:1061 com.android.server.wm.TaskFragmentOrganizerController$TaskFragmentOrganizerState.dispatchTransaction:517 com.android.server.wm.TaskFragmentOrganizerController.dispatchPendingEvents:1259 com.android.server.wm.TaskFragmentOrganizerController.dispatchPendingEvents:1228 com.android.server.wm.RootWindowContainer.performSurfacePlacement:777
2026-02-12 15:15:53.189  1616-1616  RecentsView             com...le.android.apps.nexuslauncher  D  onTaskDisplayChanged: 37, new displayId = 0
2026-02-12 15:15:53.189  1616-1616  b/417220811             com...le.android.apps.nexuslauncher  D  invalidateLoadedTasks - previous requestLoadId: -1
2026-02-12 15:15:53.189  1616-1616  b/417220811             com...le.android.apps.nexuslauncher  D  invalidateLoadedTasks - previous requestLoadId: -1
2026-02-12 15:15:53.189 13350-13350 Zygote                  pid-13350                            I  Process 13350 created for com.arduia.expense.dev
2026-02-12 15:15:53.189 13350-13350 uia.expense.dev         pid-13350                            I  Late-enabling -Xcheck:jni
2026-02-12 15:15:53.202   788-2389  WindowManager           system_server                        V  Continue transition id=100 for TaskFragmentTransaction=android.os.Binder@78ca3ff
2026-02-12 15:15:53.202   788-2389  WindowManager           system_server                        V  continueTransitionReady deferReadyDepth=0 stack=com.android.server.wm.TransitionController.continueTransitionReady:1071 com.android.server.wm.TaskFragmentOrganizerController$TaskFragmentOrganizerState.onTransactionFinished:546 com.android.server.wm.TaskFragmentOrganizerController.onTransactionHandled:740 android.window.ITaskFragmentOrganizerController$Stub.onTransact:225 android.os.Binder.execTransactInternal:1473
2026-02-12 15:15:53.205   788-816   WindowManager           system_server                        V  Sent Transition (#100) createdAt=02-12 15:15:53.171 via request=TransitionRequestInfo { type = OPEN, triggerTask = TaskInfo{userId=0 taskId=37 effectiveUid=10227 displayId=0 isRunning=true baseIntent=Intent { act=android.intent.action.MAIN cat=[android.intent.category.LAUNCHER] flg=0x10200000 cmp=com.arduia.expense.dev/com.arduia.expense.ui.MainActivity } baseActivity=ComponentInfo{com.arduia.expense.dev/com.arduia.expense.ui.MainActivity} topActivity=ComponentInfo{com.arduia.expense.dev/com.arduia.expense.ui.MainActivity} origActivity=null realActivity=ComponentInfo{com.arduia.expense.dev/com.arduia.expense.ui.MainActivity} numActivities=1 lastActiveTime=6075373 supportsMultiWindow=true resizeMode=1 isResizeable=true minWidth=-1 minHeight=-1 defaultMinSize=220 token=WCT{RemoteToken{9665f2a Task{c6d5b07 #37 type=standard A=10227:com.arduia.expense.dev}}} topActivityType=1 pictureInPictureParams=null shouldDockBigOverlays=false launchIntoPipHostTaskId=-1 lastParentTaskIdBeforePip=-1 displayCutoutSafeInsets=Rect(0, 0 - 0, 0) topActivityInfo=ActivityInfo{611811b com.arduia.expense.ui.MainActivity} launchCookies=[android.os.BinderProxy@ac62b8] positionInParent=Point(0, 0) parentTaskId=-1 isFocused=false isVisible=false isVisibleRequested=false isTopActivityNoDisplay=false isSleeping=false locusId=null displayAreaFeatureId=1 isTopActivityTransparent=false isActivityStackTransparent=false lastNonFullscreenBounds=null capturedLink=null capturedLinkTimestamp=0 requestedVisibleTypes=503 topActivityRequestOpenInBrowserEducationTimestamp=0 appCompatTaskInfo=AppCompatTaskInfo { topActivityInSizeCompat=false isLeafTask= true eligibleForLetterboxEducation= false isLetterboxEducationEnabled= true isLetterboxDoubleTapEnabled= false eligibleForUserAspectRatioButton= false topActivityBoundsLetterboxed= false isFromLetterboxDoubleTap= false topActivityLetterboxVerticalPosition= -1 topActivityLetterboxHorizontalPosition= -1 topActivityLetterboxWidth=-1 topActivityLetterboxHeight=-1 topActivityAppBounds=Rect(0, 0 - 1080, 2400) isUserFullscreenOverrideEnabled=false isSystemFullscreenOverrideEnabled=false hasMinAspectRatioOverride=false topActivityLetterboxBounds=null cameraCompatTaskInfo=CameraCompatTaskInfo { cameraCompatMode=undefinedundefined} topNonResizableActivityAspectRatio=-1.0} topActivityMainWindowFrame=null isAppBubble=false}, pipChange = null, remoteTransition = RemoteTransition { remoteTransition = android.window.IRemoteTransition$Stub$Proxy@1ca4891, appThread = android.app.IApplicationThread$Stub$Proxy@66343f6, debugName = QuickstepLaunch }, displayChange = null, requestedLocation = null, userChange = null, windowingLayerChange = null, flags = 0, debugId = 100 }
2026-02-12 15:15:53.205   788-816   WindowManager           system_server                        V      startWCT=WindowContainerTransaction { changes= {} hops= [] errorCallbackToken=null taskFragmentOrganizer=null }
2026-02-12 15:15:53.205   788-816   WindowManager           system_server                        V      info={id=100 t=OPEN f=0x0 trk=0 r=[0@Point(0, 0)] c=[
                                                                                                            {WCT{RemoteToken{9665f2a Task{c6d5b07 #37 type=standard A=10227:com.arduia.expense.dev}}} m=OPEN f=NONE leash=Surface(name=Task=37#1135)/@0x713b5cc sb=Rect(0, 0 - 1080, 2400) eb=Rect(0, 0 - 1080, 2400) epz=Point(1080, 2400) d=0 taskParent=-1 winMode=1 userId=0},
                                                                                                            {WCT{RemoteToken{1755601 Task{152c51a #1 type=home}}} m=TO_BACK f=SHOW_WALLPAPER leash=Surface(name=Task=1#44)/@0x5094f9e sb=Rect(0, 0 - 1080, 2400) eb=Rect(0, 0 - 1080, 2400) epz=Point(1080, 2400) d=0 taskParent=-1 winMode=1 userId=0},
                                                                                                            {m=TO_BACK f=IS_WALLPAPER leash=Surface(name=WallpaperWindowToken{7f170a2}#54)/@0x106cf23 sb=Rect(0, 0 - 1080, 2400) eb=Rect(0, 0 - 1080, 2400) epz=Point(1080, 2400) d=0}
                                                                                                        ]}
2026-02-12 15:15:53.206  1306-1811  WindowManagerShell      com.android.systemui                 V  onTransitionReady(transaction=3384434240454)
2026-02-12 15:15:53.206  1306-1410  WindowManagerShell      com.android.systemui                 V  onTransitionReady (#100) android.os.BinderProxy@dd43b25: {id=100 t=OPEN f=0x0 trk=0 r=[0@Point(0, 0)] c=[
                                                                                                            {m=OPEN f=NONE leash=Surface(name=Task=37#1135)/@0x72f5b4c sb=Rect(0, 0 - 1080, 2400) eb=Rect(0, 0 - 1080, 2400) epz=Point(1080, 2400) d=0 taskParent=-1 winMode=1 userId=0},
                                                                                                            {m=TO_BACK f=SHOW_WALLPAPER leash=Surface(name=Task=1#44)/@0x5c33795 sb=Rect(0, 0 - 1080, 2400) eb=Rect(0, 0 - 1080, 2400) epz=Point(1080, 2400) d=0 taskParent=-1 winMode=1 userId=0},
                                                                                                            {m=TO_BACK f=IS_WALLPAPER leash=Surface(name=WallpaperWindowToken{7f170a2}#54)/@0x14c40aa sb=Rect(0, 0 - 1080, 2400) eb=Rect(0, 0 - 1080, 2400) epz=Point(1080, 2400) d=0}
                                                                                                        ]}
2026-02-12 15:15:53.206  1306-1410  WindowManagerShell      com.android.systemui                 V  Playing animation for (#100) android.os.BinderProxy@dd43b25@0
2026-02-12 15:15:53.207  1306-1410  WindowManagerShell      com.android.systemui                 V   try firstHandler com.android.wm.shell.transition.DefaultMixedHandler@305fe44
2026-02-12 15:15:53.207  1306-1410  WindowManagerShell      com.android.systemui                 V  Mixed transition for opening an intent with a remote transition and PIP or Desktop #100
2026-02-12 15:15:53.207  1306-1410  WindowManagerShell      com.android.systemui                 V  tryAnimateOpenIntentWithRemoteAndPipOrDesktop
2026-02-12 15:15:53.207  1306-1410  WindowManagerShell      com.android.systemui                 V   Delegate animation for (#100) to RemoteTransition { remoteTransition = android.window.IRemoteTransition$Stub$Proxy@3b264a1, appThread = android.app.IApplicationThread$Stub$Proxy@32416c6, debugName = QuickstepLaunch }
2026-02-12 15:15:53.207  1306-1410  WindowManagerShell      com.android.systemui                 V   animated by firstHandler
2026-02-12 15:15:53.209 13350-13350 uia.expense.dev         pid-13350                            I  Using CollectorTypeCMC GC.
2026-02-12 15:15:53.209 13350-13350 uia.expense.dev         pid-13350                            W  Unexpected CPU variant for x86: x86_64.
                                                                                                    Known variants: atom, sandybridge, silvermont, goldmont, goldmont-plus, goldmont-without-sha-xsaves, tremont, kabylake, alderlake, default
2026-02-12 15:15:53.211  1648-1688  adbd                    adbd                                 I  jdwp connection from 13350
2026-02-12 15:15:53.215 13350-13350 nativeloader            pid-13350                            D  Load libframework-connectivity-tiramisu-jni.so using APEX ns com_android_tethering for caller /apex/com.android.tethering/javalib/framework-connectivity-t.jar: ok
2026-02-12 15:15:53.218  1306-1410  ShellTaskOrganizer      com.android.systemui                 V  Task appeared taskId=37 listener=FullscreenTaskListener
2026-02-12 15:15:53.218  1306-1410  ShellTaskOrganizer      com.android.systemui                 V  Fullscreen Task Appeared: #37
2026-02-12 15:15:53.220  1616-1616  LauncherStateManager    com...le.android.apps.nexuslauncher  D  StateManager.cancelAnimation: animation ongoing: false, partial trace:
                                                                                                    	at com.android.launcher3.statemanager.StateManager.setCurrentAnimation(go/retraceme f3a19d912c87c27267cfbc05ba0bc7b202ab72a6648bd76225f5f7e128d94583:18)
                                                                                                    	at com.android.launcher3.QuickstepTransitionManager$AppLaunchAnimationRunner.onAnimationStart(go/retraceme f3a19d912c87c27267cfbc05ba0bc7b202ab72a6648bd76225f5f7e128d94583:430)
                                                                                                    	at com.android.launcher3.LauncherAnimationRunner$$ExternalSyntheticLambda2.run(go/retraceme f3a19d912c87c27267cfbc05ba0bc7b202ab72a6648bd76225f5f7e128d94583:72)
2026-02-12 15:15:53.223   788-1265  Background...rolService system_server                        D  Package event received: 0
2026-02-12 15:15:53.227 13350-13350 nativeloader            pid-13350                            D  Load /data/user/0/com.arduia.expense.dev/code_cache/startup_agents/f943a550-agent.so using system ns (caller=<unknown>): ok
2026-02-12 15:15:53.224 13350-13350 re-initialized>         pid-13350                            W  type=1400 audit(0.0:1375): avc:  granted  { execute } for  path="/data/data/com.arduia.expense.dev/code_cache/startup_agents/f943a550-agent.so" dev="dm-56" ino=362027 scontext=u:r:untrusted_app:s0:c227,c256,c512,c768 tcontext=u:object_r:app_data_file:s0:c227,c256,c512,c768 tclass=file app=com.arduia.expense.dev
2026-02-12 15:15:53.236  1616-1616  b/417220811             com...le.android.apps.nexuslauncher  D  invalidateLoadedTasks - previous requestLoadId: -1
2026-02-12 15:15:53.236  1616-1616  BaseActivity            com...le.android.apps.nexuslauncher  D  Launcher flags updated: [state_started] -[state_window_focused]
2026-02-12 15:15:53.242 13350-13350 uia.expense.dev         pid-13350                            W  hiddenapi: DexFile /data/data/com.arduia.expense.dev/code_cache/.studio/instruments-76719913.jar is in boot class path but is not in a known location
2026-02-12 15:15:53.305  1616-1616  b/417220811             com...le.android.apps.nexuslauncher  D  invalidateLoadedTasks - previous requestLoadId: -1
2026-02-12 15:15:53.336 13350-13350 uia.expense.dev         pid-13350                            W  Redefining intrinsic method java.lang.Thread java.lang.Thread.currentThread(). This may cause the unexpected use of the original definition of java.lang.Thread java.lang.Thread.currentThread()in methods that have already been compiled.
2026-02-12 15:15:53.336 13350-13350 uia.expense.dev         pid-13350                            W  Redefining intrinsic method boolean java.lang.Thread.interrupted(). This may cause the unexpected use of the original definition of boolean java.lang.Thread.interrupted()in methods that have already been compiled.
2026-02-12 15:15:53.349 13350-13350 ApplicationLoaders      pid-13350                            D  Returning zygote-cached class loader: /system_ext/framework/androidx.window.extensions.jar
2026-02-12 15:15:53.349 13350-13350 ApplicationLoaders      pid-13350                            D  Returning zygote-cached class loader: /system_ext/framework/androidx.window.sidecar.jar
2026-02-12 15:15:53.738  1306-1872  WindowManagerShell      com.android.systemui                 V  Received remote transition finished callback for (#100)
2026-02-12 15:15:53.738  1306-1410  WindowManagerShell      com.android.systemui                 V  Transition animation finished (aborted=false), notifying core (#100) android.os.BinderProxy@dd43b25@0
2026-02-12 15:15:53.739   788-816   WindowManager           system_server                        V  Finish Transition (#100): created at 02-12 15:15:53.171 collect-started=0.039ms request-sent=3.415ms started=6.634ms ready=30.968ms sent=32.799ms commit=12.969ms finished=567.468ms
2026-02-12 15:15:53.740  1306-1579  WallpaperService        com.android.systemui                 D  onVisibilityChanged(false): com.android.systemui.wallpapers.ImageWallpaper$CanvasEngine@d8baefe
2026-02-12 15:15:53.740  1306-1410  WindowManagerShell      com.android.systemui                 V  Track 0 became idle
2026-02-12 15:15:53.740  1306-1410  WindowManagerShell      com.android.systemui                 V  All active transition animations finished
2026-02-12 15:15:53.751  1306-1410  Bubbles                 com.android.systemui                 D  onLocusVisibilityChanged=Overview|DISABLED visible=false taskId=1
2026-02-12 15:15:53.753  1616-1616  VRI[NexusL...rActivity] com...le.android.apps.nexuslauncher  D  visibilityChanged oldVisibility=true newVisibility=false
2026-02-12 15:15:53.753  1616-1616  NexusLaunc...elDelegate com...le.android.apps.nexuslauncher  D  notifySmartspaceEvent: SmartspaceTargetEvent{mSmartspaceTarget=null, mSmartspaceActionId='null', mEventType=7}
2026-02-12 15:15:53.864  1499-1581  SatelliteController     com.android.phone                    D  iisInCarrierRoamingNbIotNtn: satellite is disabled
2026-02-12 15:15:53.864  1499-1581  SatelliteController     com.android.phone                    D  getCarrierRoamingNtnConnectType: Falling back to global carrier config connect type: 0
2026-02-12 15:15:53.903 13350-13350 nativeloader            pid-13350                            D  Configuring clns-9 for other apk /data/app/~~7jr5snKcW6SI0LuLOsQUnQ==/com.arduia.expense.dev-fv7R8pEU0LkyTBNe9xRnvw==/base.apk. target_sdk_version=36, uses_libraries=, library_path=/data/app/~~7jr5snKcW6SI0LuLOsQUnQ==/com.arduia.expense.dev-fv7R8pEU0LkyTBNe9xRnvw==/lib/x86_64:/data/app/~~7jr5snKcW6SI0LuLOsQUnQ==/com.arduia.expense.dev-fv7R8pEU0LkyTBNe9xRnvw==/base.apk!/lib/x86_64, permitted_path=/data:/mnt/expand:/data/user/0/com.arduia.expense.dev
2026-02-12 15:15:53.908 13350-13350 GraphicsEnvironment     pid-13350                            V  Currently set values for:
2026-02-12 15:15:53.908 13350-13350 GraphicsEnvironment     pid-13350                            V    angle_gl_driver_selection_pkgs=[]
2026-02-12 15:15:53.908 13350-13350 GraphicsEnvironment     pid-13350                            V    angle_gl_driver_selection_values=[]
2026-02-12 15:15:53.908 13350-13350 GraphicsEnvironment     pid-13350                            V  com.arduia.expense.dev is not listed in per-application setting
2026-02-12 15:15:53.909 13350-13350 GraphicsEnvironment     pid-13350                            V  ANGLE allowlist from config: com.dreamgames.royalmatch com.dts.freefiremax com.dxx.firenow com.gramgames.mergedragons com.ludo.king com.mojang.minecraftpe com.my.defense com.nintendo.zaka com.os.airforce com.playrix.fishdomdd.gplay io.teslatech.callbreak jp.konami.prospia net.peakgames.toonblast
2026-02-12 15:15:53.909 13350-13350 GraphicsEnvironment     pid-13350                            V  No special selections for ANGLE, returning default driver choice
2026-02-12 15:15:53.909 13350-13350 GraphicsEnvironment     pid-13350                            V  Neither updatable production driver nor prerelease driver is supported.
2026-02-12 15:15:53.926 13350-13350 Configuration           pid-13350                            V  Updating configuration, locales updated from [en_US] to [en]
2026-02-12 15:15:53.930 13350-13350 FirebaseApp             pid-13350                            W  Default FirebaseApp failed to initialize because no default options were found. This usually means that com.google.gms:google-services was not applied to your gradle project.
2026-02-12 15:15:53.930 13350-13350 FirebaseInitProvider    pid-13350                            I  FirebaseApp initialization unsuccessful
2026-02-12 15:15:53.941 13350-13350 uia.expense.dev         pid-13350                            I  hiddenapi: Accessing hidden method Landroid/view/WindowManagerGlobal;->getInstance()Landroid/view/WindowManagerGlobal; (runtime_flags=0, domain=platform, api=unsupported) from Lcurtains/internal/WindowManagerSpy$windowManagerInstance$2; (domain=app, TargetSdkVersion=36) using reflection: allowed
2026-02-12 15:15:53.941 13350-13350 uia.expense.dev         pid-13350                            I  hiddenapi: Accessing hidden field Landroid/view/WindowManagerGlobal;->mViews:Ljava/util/ArrayList; (runtime_flags=0, domain=platform, api=unsupported) from Lcurtains/internal/WindowManagerSpy$mViewsField$2; (domain=app, TargetSdkVersion=36) using reflection: allowed
2026-02-12 15:15:53.941 13350-13350 uia.expense.dev         pid-13350                            I  hiddenapi: Accessing hidden field Landroid/app/ActivityThread;->mH:Landroid/app/ActivityThread$H; (runtime_flags=0, domain=platform, api=unsupported) from Lleakcanary/ServiceWatcher; (domain=app, TargetSdkVersion=36) using reflection: allowed
2026-02-12 15:15:53.941 13350-13350 uia.expense.dev         pid-13350                            I  hiddenapi: Accessing hidden method Landroid/app/ActivityThread;->currentActivityThread()Landroid/app/ActivityThread; (runtime_flags=0, domain=platform, api=unsupported) from Lleakcanary/ServiceWatcher$activityThreadInstance$2; (domain=app, TargetSdkVersion=36) using reflection: allowed
2026-02-12 15:15:53.941 13350-13350 uia.expense.dev         pid-13350                            I  hiddenapi: Accessing hidden field Landroid/os/Handler;->mCallback:Landroid/os/Handler$Callback; (runtime_flags=0, domain=platform, api=unsupported) from Lleakcanary/ServiceWatcher; (domain=app, TargetSdkVersion=36) using reflection: allowed
2026-02-12 15:15:53.941 13350-13350 uia.expense.dev         pid-13350                            I  hiddenapi: Accessing hidden field Landroid/util/Singleton;->mInstance:Ljava/lang/Object; (runtime_flags=0, domain=platform, api=unsupported) from Lleakcanary/ServiceWatcher; (domain=app, TargetSdkVersion=36) using reflection: allowed
2026-02-12 15:15:53.941 13350-13350 uia.expense.dev         pid-13350                            I  hiddenapi: Accessing hidden method Landroid/util/Singleton;->get()Ljava/lang/Object; (runtime_flags=0, domain=platform, api=unsupported) from Lleakcanary/ServiceWatcher; (domain=app, TargetSdkVersion=36) using reflection: allowed
2026-02-12 15:15:53.942 13350-13350 uia.expense.dev         pid-13350                            I  hiddenapi: Accessing hidden field Landroid/app/ActivityManager;->IActivityManagerSingleton:Landroid/util/Singleton; (runtime_flags=0, domain=platform, api=unsupported) from Lleakcanary/ServiceWatcher; (domain=app, TargetSdkVersion=36) using reflection: allowed
2026-02-12 15:15:53.946 13350-13350 DesktopExperienceFlags  pid-13350                            D  Toggle override initialized to: false
2026-02-12 15:15:53.953   788-2389  AppsFilter              system_server                        I  interaction: PackageSetting{d7a6b6d com.arduia.expense.dev/10227} -> PackageSetting{28c63b4 com.google.android.apps.nexuslauncher/10191} BLOCKED
2026-02-12 15:15:53.954   788-1265  Background...rolService system_server                        D  Package event received: 0
2026-02-12 15:15:53.954   788-1265  Background...rolService system_server                        D  Package event received: 0
2026-02-12 15:15:53.955 13350-13366 DisplayManager          pid-13350                            I  Choreographer implicitly registered for the refresh rate.
2026-02-12 15:15:53.972 13350-13365 LeakCanary              pid-13350                            D  LeakCanary is running and ready to detect memory leaks.
2026-02-12 15:15:53.974 13350-13366 GFXSTREAM               pid-13350                            I  [eglDisplay.cpp(297)] Opening libGLESv1_CM_emulation.so
