2026-02-12 15:15:47.389 13291-13291 uia.expense.dev         pid-13291                            I  hiddenapi: Accessing hidden method Landroid/app/ActivityThread;->currentActivityThread()Landroid/app/ActivityThread; (runtime_flags=0, domain=platform, api=unsupported) from Lleakcanary/ServiceWatcher$activityThreadInstance$2; (domain=app, TargetSdkVersion=36) using reflection: allowed
2026-02-12 15:15:47.389 13291-13291 uia.expense.dev         pid-13291                            I  hiddenapi: Accessing hidden field Landroid/os/Handler;->mCallback:Landroid/os/Handler$Callback; (runtime_flags=0, domain=platform, api=unsupported) from Lleakcanary/ServiceWatcher; (domain=app, TargetSdkVersion=36) using reflection: allowed
2026-02-12 15:15:47.389 13291-13291 uia.expense.dev         pid-13291                            I  hiddenapi: Accessing hidden field Landroid/util/Singleton;->mInstance:Ljava/lang/Object; (runtime_flags=0, domain=platform, api=unsupported) from Lleakcanary/ServiceWatcher; (domain=app, TargetSdkVersion=36) using reflection: allowed
2026-02-12 15:15:47.389 13291-13291 uia.expense.dev         pid-13291                            I  hiddenapi: Accessing hidden method Landroid/util/Singleton;->get()Ljava/lang/Object; (runtime_flags=0, domain=platform, api=unsupported) from Lleakcanary/ServiceWatcher; (domain=app, TargetSdkVersion=36) using reflection: allowed
2026-02-12 15:15:47.390 13291-13291 uia.expense.dev         pid-13291                            I  hiddenapi: Accessing hidden field Landroid/app/ActivityManager;->IActivityManagerSingleton:Landroid/util/Singleton; (runtime_flags=0, domain=platform, api=unsupported) from Lleakcanary/ServiceWatcher; (domain=app, TargetSdkVersion=36) using reflection: allowed
2026-02-12 15:15:47.395 13291-13291 DesktopExperienceFlags  pid-13291                            D  Toggle override initialized to: false
2026-02-12 15:15:47.401   788-2182  AppsFilter              system_server                        I  interaction: PackageSetting{d7a6b6d com.arduia.expense.dev/10227} -> PackageSetting{28c63b4 com.google.android.apps.nexuslauncher/10191} BLOCKED
2026-02-12 15:15:47.402   788-1265  Background...rolService system_server                        D  Package event received: 0
2026-02-12 15:15:47.402   788-1265  Background...rolService system_server                        D  Package event received: 0
2026-02-12 15:15:47.403 13291-13309 DisplayManager          pid-13291                            I  Choreographer implicitly registered for the refresh rate.
2026-02-12 15:15:47.421 13291-13308 LeakCanary              pid-13291                            D  LeakCanary is running and ready to detect memory leaks.
2026-02-12 15:15:47.422 13291-13309 GFXSTREAM               pid-13291                            I  [eglDisplay.cpp(297)] Opening libGLESv1_CM_emulation.so
2026-02-12 15:15:47.422 13291-13309 GFXSTREAM               pid-13291                            I  [eglDisplay.cpp(297)] Opening libGLESv2_emulation.so
2026-02-12 15:15:47.426 13291-13309 HWUI                    pid-13291                            W  Failed to choose config with EGL_SWAP_BEHAVIOR_PRESERVED, retrying without...
2026-02-12 15:15:47.426 13291-13309 HWUI                    pid-13291                            W  Failed to initialize 101010-2 format, error = EGL_SUCCESS
2026-02-12 15:15:47.428 13291-13291 Configuration           pid-13291                            V  Updating configuration, locales updated from [en_US] to [en]
2026-02-12 15:15:47.429 13291-13291 AppCompatDelegate       pid-13291                            D  Checking for metadata for AppLocalesMetadataHolderService : Service not found
2026-02-12 15:15:47.430 13291-13291 Configuration           pid-13291                            V  Updating configuration, locales updated from [] to [en]
2026-02-12 15:15:47.432 13291-13291 ashmem                  pid-13291                            E  Pinning is deprecated since Android Q. Please use trim or other methods.
2026-02-12 15:15:47.467 13291-13291 Supabase-Core           pid-13291                            I  SupabaseClient created! Please report any bugs you find.
2026-02-12 15:15:47.564 13291-13291 System.err              pid-13291                            W  SLF4J(W): No SLF4J providers were found.
2026-02-12 15:15:47.564 13291-13291 System.err              pid-13291                            W  SLF4J(W): Defaulting to no-operation (NOP) logger implementation
2026-02-12 15:15:47.564 13291-13291 System.err              pid-13291                            W  SLF4J(W): See https://www.slf4j.org/codes.html#noProviders for further details.
2026-02-12 15:15:47.855 13291-13291 WM-PackageManagerHelper pid-13291                            D  Skipping component enablement for androidx.work.impl.background.systemjob.SystemJobService
2026-02-12 15:15:47.855 13291-13291 WM-Schedulers           pid-13291                            D  Created SystemJobScheduler and enabled SystemJobService
2026-02-12 15:15:47.857 13291-13314 WM-ForceStopRunnable    pid-13291                            D  The default process name was not specified.
2026-02-12 15:15:47.857 13291-13314 WM-ForceStopRunnable    pid-13291                            D  Performing cleanup operations.
2026-02-12 15:15:47.865 13291-13314 WM-SystemJobScheduler   pid-13291                            D  Reconciling jobs
2026-02-12 15:15:47.869 13291-13314 WM-ForceStopRunnable    pid-13291                            D  Found unfinished work, scheduling it.
2026-02-12 15:15:47.875 13291-13321 WM-PackageManagerHelper pid-13291                            D  Skipping component enablement for androidx.work.impl.background.systemalarm.RescheduleReceiver
2026-02-12 15:15:47.930 13291-13291 CompatChangeReporter    pid-13291                            D  Compat change id reported: 377864165; UID 10227; state: ENABLED
2026-02-12 15:15:47.930 13291-13291 DesktopModeFlags        pid-13291                            D  Toggle override initialized to: OVERRIDE_UNSET
2026-02-12 15:15:47.933 13291-13291 uia.expense.dev         pid-13291                            I  hiddenapi: Accessing hidden method Landroid/view/ViewGroup;->makeOptionalFitsSystemWindows()V (runtime_flags=0, domain=platform, api=unsupported) from Landroidx/appcompat/widget/ViewUtils; (domain=app, TargetSdkVersion=36) using reflection: allowed
2026-02-12 15:15:47.937 13291-13291 MainViewModel           pid-13291                            D  Hilt Config: androidx.hilt.work.HiltWorkerFactory@b0f3869
2026-02-12 15:15:47.939 13291-13291 MainViewModel           pid-13291                            D  startCheckUpdate
2026-02-12 15:15:47.943 13291-13314 JobInfo                 pid-13291                            W  Requested important-while-foreground flag for job23 is ignored and takes no effect
2026-02-12 15:15:47.943 13291-13314 WM-SystemJobScheduler   pid-13291                            D  Scheduling work ID 46019cf1-0f51-45a6-bf34-8bc72b5c93caJob ID 23
2026-02-12 15:15:47.945 13291-13314 WM-GreedyScheduler      pid-13291                            D  Starting work for 46019cf1-0f51-45a6-bf34-8bc72b5c93ca
2026-02-12 15:15:47.948 13291-13314 WM-Processor            pid-13291                            D  Processor: processing WorkGenerationalId(workSpecId=46019cf1-0f51-45a6-bf34-8bc72b5c93ca, generation=0)
2026-02-12 15:15:47.949 13291-13291 uia.expense.dev         pid-13291                            I  hiddenapi: Accessing hidden field Lcom/android/internal/policy/DecorView;->mWindow:Lcom/android/internal/policy/PhoneWindow; (runtime_flags=0, domain=platform, api=unsupported) from Lcurtains/internal/WindowSpy$windowField$2; (domain=app, TargetSdkVersion=36) using reflection: allowed
2026-02-12 15:15:47.950 13291-13291 HWUI                    pid-13291                            W  Unknown dataspace 0
2026-02-12 15:15:47.951 13291-13314 WM-WorkerWrapper        pid-13291                            E  Could not create Worker com.arduia.expense.data.update.CheckAboutUpdateWorker
2026-02-12 15:15:47.959 13291-13291 WM-Processor            pid-13291                            D  Processor 46019cf1-0f51-45a6-bf34-8bc72b5c93ca executed; reschedule = false
2026-02-12 15:15:47.959 13291-13291 WM-SystemJobService     pid-13291                            D  46019cf1-0f51-45a6-bf34-8bc72b5c93ca executed on JobScheduler
2026-02-12 15:15:47.960 13291-13314 WM-GreedyScheduler      pid-13291                            D  Cancelling work ID 46019cf1-0f51-45a6-bf34-8bc72b5c93ca
2026-02-12 15:15:47.968 13291-13291 WindowOnBackDispatcher  pid-13291                            D  setTopOnBackInvokedCallback (unwrapped): android.app.Activity$$ExternalSyntheticLambda0@708f85f
2026-02-12 15:15:47.968   788-2278  CoreBackPreview         system_server                        D  Window{25db0ce u0 com.arduia.expense.dev/com.arduia.expense.ui.MainActivity}: Setting back callback OnBackInvokedCallbackInfo{mCallback=android.window.IOnBackInvokedCallback$Stub$Proxy@5af7185, mPriority=-1, mIsAnimationCallback=false, mOverrideBehavior=0}
2026-02-12 15:15:47.972 13291-13291 VRI[MainActivity]       pid-13291                            D  WindowInsets changed: 1080x2400 statusBars:[0,63,0,0] navigationBars:[0,0,0,63] mandatorySystemGestures:[0,63,0,84]
2026-02-12 15:15:47.982 13291-13291 HWUI                    pid-13291                            I  Using FreeType backend (prop=Auto)
2026-02-12 15:15:48.029 13291-13291 WM-SystemJobService     pid-13291                            D  onStartJob for WorkGenerationalId(workSpecId=46019cf1-0f51-45a6-bf34-8bc72b5c93ca, generation=0)
2026-02-12 15:15:48.030   788-816   ActivityTaskManager     system_server                        I  Displayed com.arduia.expense.dev/com.arduia.expense.ui.MainActivity for user 0: +1s403ms
2026-02-12 15:15:48.030 13291-13319 WM-Processor            pid-13291                            D  Processor: processing WorkGenerationalId(workSpecId=46019cf1-0f51-45a6-bf34-8bc72b5c93ca, generation=0)
2026-02-12 15:15:48.031 13291-13291 WM-SystemJobService     pid-13291                            D  onStopJob for WorkGenerationalId(workSpecId=46019cf1-0f51-45a6-bf34-8bc72b5c93ca, generation=0)
2026-02-12 15:15:48.031   788-2278  JobScheduler            system_server                        W  Job didn't exist in JobStore: f9b4fb8 {androidx.work.systemjobscheduler} #u0a227/23 #CheckAboutUpdateWorker#@androidx.work.systemjobscheduler@com.arduia.expense.dev/androidx.work.impl.background.systemjob.SystemJobService
2026-02-12 15:15:48.032 13291-13291 uia.expense.dev         pid-13291                            I  hiddenapi: Accessing hidden field Landroid/app/ActivityThread;->mServices:Landroid/util/ArrayMap; (runtime_flags=0, domain=platform, api=unsupported) from Lleakcanary/ServiceWatcher$activityThreadServices$2; (domain=app, TargetSdkVersion=36) using reflection: allowed
2026-02-12 15:15:48.032 13291-13319 WM-WorkerWrapper        pid-13291                            D  com.arduia.expense.data.update.CheckAboutUpdateWorker is not in ENQUEUED state. Nothing more to do
2026-02-12 15:15:48.032 13291-13291 LeakCanary              pid-13291                            D  Watching instance of androidx.work.impl.background.systemjob.SystemJobService (androidx.work.impl.background.systemjob.SystemJobService received Service#onDestroy() callback) with key 735c1921-d6a2-47a5-a167-e7f4ef5f68d4
2026-02-12 15:15:48.033  1616-1616  BaseActivity            com...le.android.apps.nexuslauncher  D  Launcher flags updated: [] -[state_started]
2026-02-12 15:15:48.033  1616-1616  BaseDepthController     com...le.android.apps.nexuslauncher  D  setSurface:
                                                                                                    	mWaitingOnSurfaceValidity: false
                                                                                                    	mBaseSurface: null
2026-02-12 15:15:48.033  1616-1616  BaseDepthController     com...le.android.apps.nexuslauncher  D  mSurface is null and mCurrentBlur is: 0
2026-02-12 15:15:48.033  1616-1616  LauncherStateManager    com...le.android.apps.nexuslauncher  D  StateManager.goToState: fromState: Normal, toState: Normal, partial trace:
                                                                                                    	at com.android.launcher3.statemanager.StateManager.moveToRestState(go/retraceme f3a19d912c87c27267cfbc05ba0bc7b202ab72a6648bd76225f5f7e128d94583:6)
                                                                                                    	at com.android.launcher3.statemanager.StateManager.moveToRestState(go/retraceme f3a19d912c87c27267cfbc05ba0bc7b202ab72a6648bd76225f5f7e128d94583:2)
                                                                                                    	at com.android.launcher3.statemanager.StatefulActivity.onStop(go/retraceme f3a19d912c87c27267cfbc05ba0bc7b202ab72a6648bd76225f5f7e128d94583:32)
2026-02-12 15:15:48.033  1616-1616  LauncherStateManager    com...le.android.apps.nexuslauncher  D  StateManager.onRepeatStateSetAborted: state: Normal
2026-02-12 15:15:48.033 13291-13319 WM-WorkerWrapper        pid-13291                            D  Status for 46019cf1-0f51-45a6-bf34-8bc72b5c93ca is FAILED ; not doing any work
2026-02-12 15:15:48.033  1616-1616  ActivityContext         com...le.android.apps.nexuslauncher  D  hideKeyboard
2026-02-12 15:15:48.033  1616-1616  ActivityContext         com...le.android.apps.nexuslauncher  D  isImeShown: false
2026-02-12 15:15:48.034  1616-1616  StatsLog                com...le.android.apps.nexuslauncher  D  LAUNCHER_ONSTOP
2026-02-12 15:15:48.034  1616-4876  GmsPlayProvider         com...le.android.apps.nexuslauncher  D  Shutdown the binder channel gracefully.
2026-02-12 15:15:48.034  1616-4876  GmsPlayProvider         com...le.android.apps.nexuslauncher  D  Binder channel is terminated gracefully.
2026-02-12 15:15:48.034  1616-1616  StatsLog                com...le.android.apps.nexuslauncher  D  LAUNCHER_GOOGLE_SEARCH_RESTORE_LIST_SIZE_AFTER_ACTIVITY_RESTART
2026-02-12 15:15:48.035 13291-13291 WM-Processor            pid-13291                            D  Processor 46019cf1-0f51-45a6-bf34-8bc72b5c93ca executed; reschedule = false
2026-02-12 15:15:48.035 13291-13319 WM-StopWorkRunnable     pid-13291                            D  StopWorkRunnable for 46019cf1-0f51-45a6-bf34-8bc72b5c93ca; Processor.stopWork = false
2026-02-12 15:15:48.036 13291-13319 WM-GreedyScheduler      pid-13291                            D  Cancelling work ID 46019cf1-0f51-45a6-bf34-8bc72b5c93ca
2026-02-12 15:15:48.057   788-1265  Background...rolService system_server                        D  Package event received: 0
2026-02-12 15:15:48.060   788-951   ImeTracker              system_server                        I  com.arduia.expense.dev:362fd9b: onRequestHide at ORIGIN_SERVER reason HIDE_UNSPECIFIED_WINDOW fromUser false
2026-02-12 15:15:48.061 13291-13291 InsetsController        pid-13291                            D  hide(ime())
2026-02-12 15:15:48.061 13291-13291 ImeTracker              pid-13291                            I  com.arduia.expense.dev:362fd9b: onCancelled at PHASE_CLIENT_ALREADY_HIDDEN
2026-02-12 15:15:48.061  8370-8370  GoogleInpu...hodService com...gle.android.inputmethod.latin  I  GoogleInputMethodService.onFinishInput():2057
2026-02-12 15:15:48.062  8370-8370  Module                  com...gle.android.inputmethod.latin  I  DeviceLockedStatusModuleProvider$Module.updateDeviceLockedStatus():100 repeatCheckTimes = 0, locked = false
2026-02-12 15:15:48.062   788-1595  ImeTracker              system_server                        I  system_server:f658ff96: onRequestHide at ORIGIN_SERVER reason IME_REQUESTED_CHANGED_LISTENER fromUser false
2026-02-12 15:15:48.062  8370-8370  GoogleInpu...hodService com...gle.android.inputmethod.latin  I  GoogleInputMethodService.onStartInput():1318 onStartInput(EditorInfo{EditorInfo{packageName=com.arduia.expense.dev, inputType=0, inputTypeString=NULL, enableLearning=false, autoCorrection=false, autoComplete=false, imeOptions=0, privateImeOptions=null, actionName=UNSPECIFIED, actionLabel=null, initialSelStart=-1, initialSelEnd=-1, initialCapsMode=0, label=null, fieldId=0, fieldName=null, extras=null, hintText=null, hintLocales=[]}}, false)
2026-02-12 15:15:48.062   788-819   ImeTracker              system_server                        I  system_server:f658ff96: onCancelled at PHASE_SERVER_SHOULD_HIDE
2026-02-12 15:15:48.062  8370-8370  Module                  com...gle.android.inputmethod.latin  I  DeviceLockedStatusModuleProvider$Module.updateDeviceLockedStatus():100 repeatCheckTimes = 1, locked = false
2026-02-12 15:15:48.062   788-1595  PackageConfigPersister  system_server                        W  App-specific configuration not found for packageName: com.arduia.expense.dev and userId: 0
2026-02-12 15:15:48.081 13291-13296 uia.expense.dev         pid-13291                            I  Compiler allocated 5087KB to compile void android.view.ViewRootImpl.performTraversals()
2026-02-12 15:15:48.402   670-670   libbinder....hreadState cameraserver                         W  Sending oneway calls to frozen process.
2026-02-12 15:15:48.904 13291-13291 WindowOnBackDispatcher  pid-13291                            D  setTopOnBackInvokedCallback (unwrapped): androidx.activity.OnBackPressedDispatcher$Api34Impl$createOnBackAnimationCallback$1@b92092f
2026-02-12 15:15:48.904   788-1595  CoreBackPreview         system_server                        D  Window{25db0ce u0 com.arduia.expense.dev/com.arduia.expense.ui.MainActivity}: Setting back callback OnBackInvokedCallbackInfo{mCallback=android.window.IOnBackInvokedCallback$Stub$Proxy@103aa56, mPriority=0, mIsAnimationCallback=true, mOverrideBehavior=0}
2026-02-12 15:15:48.973 13291-13291 LeakCanary              pid-13291                            D  Watching instance of android.widget.FrameLayout (com.arduia.expense.ui.splash.SplashFragment received Fragment#onDestroyView() callback (references to its views should be cleared to prevent leaks)) with key 26c0d8af-e504-492f-ae80-236e1a7c6ae5
2026-02-12 15:15:48.974 13291-13291 LeakCanary              pid-13291                            D  Watching instance of com.arduia.expense.ui.splash.SplashFragment (com.arduia.expense.ui.splash.SplashFragment received Fragment#onDestroy() callback) with key 6fcfb299-9439-49a3-801e-a8d6db83249f
2026-02-12 15:15:48.977 13291-13291 WindowOnBackDispatcher  pid-13291                            D  setTopOnBackInvokedCallback (unwrapped): android.app.Activity$$ExternalSyntheticLambda0@708f85f
2026-02-12 15:15:48.977   788-1595  CoreBackPreview         system_server                        D  Window{25db0ce u0 com.arduia.expense.dev/com.arduia.expense.ui.MainActivity}: Setting back callback OnBackInvokedCallbackInfo{mCallback=android.window.IOnBackInvokedCallback$Stub$Proxy@f9ead7, mPriority=-1, mIsAnimationCallback=false, mOverrideBehavior=0}
2026-02-12 15:15:48.998 13291-13291 HomeViewMo...ekExpenses pid-13291                            D  Home, expenses: Success(data=[])
2026-02-12 15:15:49.042 13291-13291 HomeFragment            pid-13291                            D  Home: IncomeOutcomeUiModel(incomeValue=0, outComeValue=0, currencySymbol=NPR, dateRange=Feb 8 - 15)
2026-02-12 15:15:49.666   568-5773  android.ha...mpl.ranchu android.hardware.audio.service       D  threadLoop: entering standby, frames: 16005568
2026-02-12 15:15:49.666   568-5773  android.ha...mpl.ranchu android.hardware.audio.service       D  ~TinyalsaSink: joining consumeThread
2026-02-12 15:15:49.679   568-13290 android.ha...mpl.ranchu android.hardware.audio.service       D  consumeThread: exiting
2026-02-12 15:15:49.680   568-5773  android.ha...mpl.ranchu android.hardware.audio.service       D  ~TinyalsaSink: stopping PCM stream
2026-02-12 15:15:50.118   788-1212  HalDevMgr               system_server                        I  bestIfaceCreationProposal is null, requestIface=STA, existingIface=[name=wlan0 type=STA]
2026-02-12 15:15:50.282  1306-1410  ShellBackPreview        com.android.systemui                 D  Finishing gesture with event action: 1
2026-02-12 15:15:50.282  1306-1410  ShellBackPreview        com.android.systemui                 D  onGestureFinished called while no gesture is started
2026-02-12 15:15:50.287   788-2246  AS.PlaybackActivityMon  system_server                        W  No piid assigned for invalid/internal port id 15
2026-02-12 15:15:50.333   622-747   AudioFlinger            audioserver                          D  mixer(0x770c4c7b5790) throttle end: throttle time(33)
2026-02-12 15:15:50.652   788-3853  TaskPersister           system_server                        E  File error accessing recents directory (directory doesn't exist?).
2026-02-12 15:15:50.738 13291-13291 WindowOnBackDispatcher  pid-13291                            D  setTopOnBackInvokedCallback (unwrapped): com.google.android.material.motion.MaterialBackOrchestrator$Api34BackCallbackDelegate$1@256f110
2026-02-12 15:15:50.738   788-1595  CoreBackPreview         system_server                        D  Window{25db0ce u0 com.arduia.expense.dev/com.arduia.expense.ui.MainActivity}: Setting back callback OnBackInvokedCallbackInfo{mCallback=android.window.IOnBackInvokedCallback$Stub$Proxy@5885d73, mPriority=1000000, mIsAnimationCallback=true, mOverrideBehavior=0}
2026-02-12 15:15:50.774 13338-13338 libbinder....iceManager pid-13338                            W  Thread Pool max thread count is 0. Cannot cache binder as linkToDeath cannot be implemented. serviceName: package
2026-02-12 15:15:50.801   965-1032  artd                    artd                                 I  GetBestInfo: odex next to the dex file (/data/app/~~ulY-VYmfUCDUYN95W71j7Q==/com.google.android.gms-nMPRDmjFbsuq-8Yb_5D9lg==/oat/x86_64/base.odex) is kOatUpToDate with filter 'speed-profile' executable 'false'
2026-02-12 15:15:50.803   965-1032  artd                    artd                                 I  GetBestInfo: odex next to the dex file (/data/app/~~ulY-VYmfUCDUYN95W71j7Q==/com.google.android.gms-nMPRDmjFbsuq-8Yb_5D9lg==/oat/x86_64/split_AdsDynamite_installtime.odex) is kOatUpToDate with filter 'speed' executable 'false'
2026-02-12 15:15:50.805   965-1032  artd                    artd                                 I  GetBestInfo: odex next to the dex file (/data/app/~~ulY-VYmfUCDUYN95W71j7Q==/com.google.android.gms-nMPRDmjFbsuq-8Yb_5D9lg==/oat/x86_64/split_CronetDynamite_installtime.odex) is kOatUpToDate with filter 'speed-profile' executable 'false'
2026-02-12 15:15:50.808   965-1032  artd                    artd                                 I  GetBestInfo: odex next to the dex file (/data/app/~~ulY-VYmfUCDUYN95W71j7Q==/com.google.android.gms-nMPRDmjFbsuq-8Yb_5D9lg==/oat/x86_64/split_DynamiteLoader_installtime.odex) is kOatUpToDate with filter 'speed' executable 'false'
2026-02-12 15:15:50.809   965-1032  artd                    artd                                 I  GetBestInfo: odex next to the dex file (/data/app/~~ulY-VYmfUCDUYN95W71j7Q==/com.google.android.gms-nMPRDmjFbsuq-8Yb_5D9lg==/oat/x86_64/split_DynamiteModulesA_installtime.odex) is kOatUpToDate with filter 'speed' executable 'false'
2026-02-12 15:15:50.811   965-1032  artd                    artd                                 I  GetBestInfo: odex next to the dex file (/data/app/~~ulY-VYmfUCDUYN95W71j7Q==/com.google.android.gms-nMPRDmjFbsuq-8Yb_5D9lg==/oat/x86_64/split_DynamiteModulesC_installtime.odex) is kOatUpToDate with filter 'speed' executable 'false'
2026-02-12 15:15:50.812   965-1032  artd                    artd                                 I  GetBestInfo: odex next to the dex file (/data/app/~~ulY-VYmfUCDUYN95W71j7Q==/com.google.android.gms-nMPRDmjFbsuq-8Yb_5D9lg==/oat/x86_64/split_GoogleCertificates_installtime.odex) is kOatUpToDate with filter 'speed' executable 'false'
2026-02-12 15:15:50.814   965-1032  artd                    artd                                 I  GetBestInfo: odex next to the dex file (/data/app/~~ulY-VYmfUCDUYN95W71j7Q==/com.google.android.gms-nMPRDmjFbsuq-8Yb_5D9lg==/oat/x86_64/split_MapsDynamite_installtime.odex) is kOatUpToDate with filter 'speed' executable 'false'
2026-02-12 15:15:50.815   965-1032  artd                    artd                                 I  GetBestInfo: odex next to the dex file (/data/app/~~ulY-VYmfUCDUYN95W71j7Q==/com.google.android.gms-nMPRDmjFbsuq-8Yb_5D9lg==/oat/x86_64/split_MeasurementDynamite_installtime.odex) is kOatUpToDate with filter 'speed' executable 'false'
2026-02-12 15:15:50.816   965-1032  artd                    artd                                 I  GetBestInfo: /data/user_de/0/com.google.android.gms/app_chimera/m/00000004/DynamiteModulesC.apk has no usable artifacts
2026-02-12 15:15:50.817   965-1032  artd                    artd                                 I  GetBestInfo: /data/user_de/0/com.google.android.gms/app_chimera/m/0000000a/dl-TfliteDynamiteDynamite.integ_252130102100800.apk has no usable artifacts
2026-02-12 15:15:50.817   965-1032  artd                    artd                                 I  GetBestInfo: /data/user_de/0/com.google.android.gms/app_chimera/m/00000001/CronetDynamite.apk has no usable artifacts
2026-02-12 15:15:50.817   965-1032  artd                    artd                                 I  GetBestInfo: /data/user_de/0/com.google.android.gms/app_chimera/m/00000002/DynamiteLoader.apk has no usable artifacts
2026-02-12 15:15:50.817   965-1032  artd                    artd                                 I  GetBestInfo: /data/user_de/0/com.google.android.gms/app_chimera/m/00000005/GoogleCertificates.apk has no usable artifacts
2026-02-12 15:15:50.819   965-1032  artd                    artd                                 I  GetBestInfo: /data/user_de/0/com.google.android.gms/app_chimera/m/0000000b/dl-VisionOcr.optional_253434100000.apk has no usable artifacts
2026-02-12 15:15:50.822   965-1032  artd                    artd                                 I  GetBestInfo: vdex next to the dex file (/data/user/0/com.google.android.gms/app_dg_cache/CF98DA544914DD75038B6CE6DBC852B6C43EC876/oat/x86_64/the.vdex) is kOatUpToDate with filter 'verify' executable 'false'
2026-02-12 15:15:50.823   965-1032  artd                    artd                                 I  GetBestInfo: /data/user_de/0/com.google.android.gms/app_chimera/m/00000009/dl-MlkitBarcodeUi.optional_253434100800.apk has no usable artifacts
2026-02-12 15:15:50.825   965-1032  artd                    artd                                 I  GetBestInfo: /data/user_de/0/com.google.android.gms/app_chimera/m/00000014/dl-PlayCloudSearch.optional_260235100000.apk has no usable artifacts
2026-02-12 15:15:50.826   965-1032  artd                    artd                                 I  GetBestInfo: /data/user_de/0/com.google.android.gms/app_chimera/m/0000000c/dl-MlkitOcrCommon.optional_253434100800.apk has no usable artifacts
2026-02-12 15:15:50.829   965-1032  artd                    artd                                 I  GetBestInfo: /data/user_de/0/com.google.android.gms/app_chimera/m/0000000d/dl-Appsearch.optional_253434100800.apk has no usable artifacts
2026-02-12 15:15:50.829   965-1032  artd                    artd                                 I  GetBestInfo: /data/user_de/0/com.google.android.gms/app_chimera/m/00000007/MeasurementDynamite.apk has no usable artifacts
2026-02-12 15:15:50.830   965-1032  artd                    artd                                 I  GetBestInfo: /data/user_de/0/com.google.android.gms/app_chimera/m/00000015/dl-Appsearch.optional_260235100800.apk has no usable artifacts
2026-02-12 15:15:50.831   965-1032  artd                    artd                                 I  GetBestInfo: /data/user_de/0/com.google.android.gms/app_chimera/m/00000011/dl-MlkitBarcodeUi.optional_260235100800.apk has no usable artifacts
2026-02-12 15:15:50.833   965-1032  artd                    artd                                 I  GetBestInfo: /data/user_de/0/com.google.android.gms/app_chimera/m/0000000e/dl-PlayCloudSearch.optional_253434100000.apk has no usable artifacts
2026-02-12 15:15:51.420   788-2278  AS.PlaybackActivityMon  system_server                        W  No piid assigned for invalid/internal port id 15
2026-02-12 15:15:51.834 13291-13291 WindowOnBackDispatcher  pid-13291                            D  setTopOnBackInvokedCallback (unwrapped): android.app.Activity$$ExternalSyntheticLambda0@708f85f
2026-02-12 15:15:51.834   788-2182  CoreBackPreview         system_server                        D  Window{25db0ce u0 com.arduia.expense.dev/com.arduia.expense.ui.MainActivity}: Setting back callback OnBackInvokedCallbackInfo{mCallback=android.window.IOnBackInvokedCallback$Stub$Proxy@a9b9912, mPriority=-1, mIsAnimationCallback=false, mOverrideBehavior=0}
2026-02-12 15:15:51.838 13291-13291 WindowOnBackDispatcher  pid-13291                            D  setTopOnBackInvokedCallback (unwrapped): androidx.activity.OnBackPressedDispatcher$Api34Impl$createOnBackAnimationCallback$1@b92092f
2026-02-12 15:15:51.838   788-2182  CoreBackPreview         system_server                        D  Window{25db0ce u0 com.arduia.expense.dev/com.arduia.expense.ui.MainActivity}: Setting back callback OnBackInvokedCallbackInfo{mCallback=android.window.IOnBackInvokedCallback$Stub$Proxy@2cfd8e3, mPriority=0, mIsAnimationCallback=true, mOverrideBehavior=0}
2026-02-12 15:15:51.870 13291-13291 LeakCanary              pid-13291                            D  Watching instance of androidx.coordinatorlayout.widget.CoordinatorLayout (com.arduia.expense.ui.home.HomeFragment received Fragment#onDestroyView() callback (references to its views should be cleared to prevent leaks)) with key 05c47895-0381-4524-98fc-48af28f795ab
2026-02-12 15:15:51.890 13291-13331 AndroidRuntime          pid-13291                            E  FATAL EXCEPTION: arch_disk_io_1
                                                                                                    Process: com.arduia.expense.dev, PID: 13291
                                                                                                    java.lang.Exception: Category Not Found 16
                                                                                                    	at com.arduia.expense.ui.common.category.ExpenseCategoryProviderImpl.getCategoryByID(ExpenseCategoryProviderImpl.kt:67)
                                                                                                    	at com.arduia.expense.ui.common.category.ExpenseCategoryProviderImpl.getCategoryDrawableByID(ExpenseCategoryProviderImpl.kt:33)
                                                                                                    	at com.arduia.expense.ui.expenselogs.ExpenseLogUiModelMapper.map(ExpenseLogUiModelMapper.kt:34)
                                                                                                    	at com.arduia.expense.ui.expenselogs.ExpenseLogUiModelMapper.map(ExpenseLogUiModelMapper.kt:14)
                                                                                                    	at com.arduia.expense.ui.expenselogs.ExpenseEntToLogVoMapper.map(ExpenseEntToLogVoMapper.kt:11)
                                                                                                    	at com.arduia.expense.ui.expenselogs.ExpenseEntToLogVoMapper.map(ExpenseEntToLogVoMapper.kt:8)
                                                                                                    	at com.arduia.expense.ui.expenselogs.ExpenseViewModel$$ExternalSyntheticLambda0.apply(D8$$SyntheticClass:0)
                                                                                                    	at androidx.paging.DataSource$1.apply(DataSource.java:192)
                                                                                                    	at androidx.paging.DataSource$1.apply(DataSource.java:187)
                                                                                                    	at androidx.paging.DataSource.convert(DataSource.java:200)
                                                                                                    	at androidx.paging.WrapperPositionalDataSource$1.onResult(WrapperPositionalDataSource.java:61)
                                                                                                    	at androidx.room.paging.LimitOffsetDataSource.loadInitial(LimitOffsetDataSource.java:197)
                                                                                                    	at androidx.paging.WrapperPositionalDataSource.loadInitial(WrapperPositionalDataSource.java:58)
                                                                                                    	at androidx.paging.PositionalDataSource.dispatchLoadInitial(PositionalDataSource.java:286)
                                                                                                    	at androidx.paging.PositionalDataSource$ContiguousWithoutPlaceholdersWrapper.dispatchLoadInitial(PositionalDataSource.java:527)
                                                                                                    	at androidx.paging.PositionalDataSource$ContiguousWithoutPlaceholdersWrapper.dispatchLoadInitial(PositionalDataSource.java:459)
                                                                                                    	at androidx.paging.ContiguousPagedList.<init>(ContiguousPagedList.java:175)
                                                                                                    	at androidx.paging.PagedList.create(PagedList.java:216)
                                                                                                    	at androidx.paging.PagedList$Builder.build(PagedList.java:388)
                                                                                                    	at androidx.paging.LivePagedListBuilder$1.compute(LivePagedListBuilder.java:206)
                                                                                                    	at androidx.paging.LivePagedListBuilder$1.compute(LivePagedListBuilder.java:171)
                                                                                                    	at androidx.lifecycle.ComputableLiveData.refreshRunnable$lambda$0(ComputableLiveData.kt:70)
                                                                                                    	at androidx.lifecycle.ComputableLiveData.$r8$lambda$3YPDTAMNTCGT-z9DkpLbjudOC6w(Unknown Source:0)
                                                                                                    	at androidx.lifecycle.ComputableLiveData$$ExternalSyntheticLambda0.run(D8$$SyntheticClass:0)
                                                                                                    	at java.util.concurrent.ThreadPoolExecutor.runWorker(ThreadPoolExecutor.java:1154)
                                                                                                    	at java.util.concurrent.ThreadPoolExecutor$Worker.run(ThreadPoolExecutor.java:652)
                                                                                                    	at java.lang.Thread.run(Thread.java:1563)
2026-02-12 15:15:51.891   788-13344 DropBoxManagerService   system_server                        I  add tag=data_app_crash isTagEnabled=true flags=0x2
2026-02-12 15:15:51.891   788-2182  ActivityTaskManager     system_server                        W    Force finishing activity com.arduia.expense.dev/com.arduia.expense.ui.MainActivity
2026-02-12 15:15:51.892   788-2182  TransitionChain         system_server                        W  Combining AR.finish-force-crash into #99(CLOSE|R|0x10) from finishTopCrash
2026-02-12 15:15:51.892  1306-1410  WindowManagerShell      com.android.systemui                 V  Transition requested (#99): android.os.BinderProxy@757433e TransitionRequestInfo { type = CLOSE, triggerTask = TaskInfo{userId=0 taskId=36 effectiveUid=10227 displayId=0 isRunning=true baseIntent=Intent { act=android.intent.action.MAIN cat=[android.intent.category.LAUNCHER] flg=0x10200000 cmp=com.arduia.expense.dev/com.arduia.expense.ui.MainActivity } baseActivity=ComponentInfo{com.arduia.expense.dev/com.arduia.expense.ui.MainActivity} topActivity=ComponentInfo{com.arduia.expense.dev/com.arduia.expense.ui.MainActivity} origActivity=null realActivity=ComponentInfo{com.arduia.expense.dev/com.arduia.expense.ui.MainActivity} numActivities=1 lastActiveTime=6069599 supportsMultiWindow=true resizeMode=1 isResizeable=true minWidth=-1 minHeight=-1 defaultMinSize=220 token=WCT{android.os.BinderProxy@fe91118} topActivityType=1 pictureInPictureParams=null shouldDockBigOverlays=false launchIntoPipHostTaskId=-1 lastParentTaskIdBeforePip=-1 displayCutoutSafeInsets=Rect(0, 0 - 0, 0) topActivityInfo=ActivityInfo{698b59f com.arduia.expense.ui.MainActivity} launchCookies=[android.os.BinderProxy@fec8956] positionInParent=Point(0, 0) parentTaskId=-1 isFocused=true isVisible=true isVisibleRequested=true isTopActivityNoDisplay=false isSleeping=false locusId=null displayAreaFeatureId=1 isTopActivityTransparent=false isActivityStackTransparent=false lastNonFullscreenBounds=null capturedLink=null capturedLinkTimestamp=0 requestedVisibleTypes=503 topActivityRequestOpenInBrowserEducationTimestamp=0 appCompatTaskInfo=AppCompatTaskInfo { topActivityInSizeCompat=false isLeafTask= true eligibleForLetterboxEducation= false isLetterboxEducationEnabled= true isLetterboxDoubleTapEnabled= false eligibleForUserAspectRatioButton= false topActivityBoundsLetterboxed= false isFromLetterboxDoubleTap= false topActivityLetterboxVerticalPosition= -1 topActivityLetterboxHorizontalPosition= -1 topActivityLetterboxWidth=-1 topActivityLetterboxHeight=-1 topActivityAppBounds=Rect(0, 0 - 1080, 2400) isUserFullscreenOverrideEnabled=false isSystemFullscreenOverrideEnabled=false hasMinAspectRatioOverride=false topActivityLetterboxBounds=null cameraCompatTaskInfo=CameraCompatTaskInfo { cameraCompatMode=undefinedundefined} topNonResizableActivityAspectRatio=-1.0} topActivityMainWindowFrame=null isAppBubble=false}, pipChange = null, remoteTransition = null, displayChange = null, requestedLocation = null, userChange = null, windowingLayerChange = null, flags = 16, debugId = 99 }
2026-02-12 15:15:51.893   626-639   libbinder.BpBinder      surfaceflinger                       I  onLastStrongRef automatically unlinking death recipients for descriptor: '(not cached)'
2026-02-12 15:15:51.893  1306-1410  ShellDesktopMode        com.android.systemui                 V  DesktopTasksController: handleRequest request=TransitionRequestInfo { type = CLOSE, triggerTask = TaskInfo{userId=0 taskId=36 effectiveUid=10227 displayId=0 isRunning=true baseIntent=Intent { act=android.intent.action.MAIN cat=[android.intent.category.LAUNCHER] flg=0x10200000 cmp=com.arduia.expense.dev/com.arduia.expense.ui.MainActivity } baseActivity=ComponentInfo{com.arduia.expense.dev/com.arduia.expense.ui.MainActivity} topActivity=ComponentInfo{com.arduia.expense.dev/com.arduia.expense.ui.MainActivity} origActivity=null realActivity=ComponentInfo{com.arduia.expense.dev/com.arduia.expense.ui.MainActivity} numActivities=1 lastActiveTime=6069599 supportsMultiWindow=true resizeMode=1 isResizeable=true minWidth=-1 minHeight=-1 defaultMinSize=220 token=WCT{android.os.BinderProxy@fe91118} topActivityType=1 pictureInPictureParams=null shouldDockBigOverlays=false launchIntoPipHostTaskId=-1 lastParentTaskIdBeforePip=-1 displayCutoutSafeInsets=Rect(0, 0 - 0, 0) topActivityInfo=ActivityInfo{698b59f com.arduia.expense.ui.MainActivity} launchCookies=[android.os.BinderProxy@fec8956] positionInParent=Point(0, 0) parentTaskId=-1 isFocused=true isVisible=true isVisibleRequested=true isTopActivityNoDisplay=false isSleeping=false locusId=null displayAreaFeatureId=1 isTopActivityTransparent=false isActivityStackTransparent=false lastNonFullscreenBounds=null capturedLink=null capturedLinkTimestamp=0 requestedVisibleTypes=503 topActivityRequestOpenInBrowserEducationTimestamp=0 appCompatTaskInfo=AppCompatTaskInfo { topActivityInSizeCompat=false isLeafTask= true eligibleForLetterboxEducation= false isLetterboxEducationEnabled= true isLetterboxDoubleTapEnabled= false eligibleForUserAspectRatioButton= false topActivityBoundsLetterboxed= false isFromLetterboxDoubleTap= false topActivityLetterboxVerticalPosition= -1 topActivityLetterboxHorizontalPosition= -1 topActivityLetterboxWidth=-1 topActivityLetterboxHeight=-1 topActivityAppBounds=Rect(0, 0 - 1080, 2400) isUserFullscreenOverrideEnabled=false isSystemFullscreenOverrideEnabled=false hasMinAspectRatioOverride=false topActivityLetterboxBounds=null cameraCompatTaskInfo=CameraCompatTaskInfo { cameraCompatMode=undefinedundefined} topNonResizableActivityAspectRatio=-1.0} topActivityMainWindowFrame=null isAppBubble=false}, pipChange = null, remoteTransition = null, displayChange = null, requestedLocation = null, userChange = null, windowingLayerChange = null, flags = 16, debugId = 99 }
2026-02-12 15:15:51.893  1306-1410  ShellDesktopMode        com.android.systemui                 V  DesktopTasksController: skipping handleRequest reason=triggerTask's display doesn't support desktop mode
2026-02-12 15:15:51.894   788-2182  WindowManager           system_server                        V  Defer transition id=99 for TaskFragmentTransaction=android.os.Binder@5f41d0c
2026-02-12 15:15:51.895   788-2182  WindowManager           system_server                        V  deferTransitionReady deferReadyDepth=1 stack=com.android.server.wm.TransitionController.deferTransitionReady:1061 com.android.server.wm.TaskFragmentOrganizerController$TaskFragmentOrganizerState.dispatchTransaction:517 com.android.server.wm.TaskFragmentOrganizerController.dispatchPendingEvents:1259 com.android.server.wm.TaskFragmentOrganizerController.dispatchPendingEvents:1228 com.android.server.wm.RootWindowContainer.performSurfacePlacement:777
2026-02-12 15:15:51.895   788-2246  WindowManager           system_server                        V  Continue transition id=99 for TaskFragmentTransaction=android.os.Binder@5f41d0c
2026-02-12 15:15:51.895   788-2246  WindowManager           system_server                        V  continueTransitionReady deferReadyDepth=0 stack=com.android.server.wm.TransitionController.continueTransitionReady:1071 com.android.server.wm.TaskFragmentOrganizerController$TaskFragmentOrganizerState.onTransactionFinished:546 com.android.server.wm.TaskFragmentOrganizerController.onTransactionHandled:740 android.window.ITaskFragmentOrganizerController$Stub.onTransact:225 android.os.Binder.execTransactInternal:1473
2026-02-12 15:15:51.896 13291-13331 Process                 pid-13291                            I  Sending signal. PID: 13291 SIG: 9
2026-02-12 15:15:51.896  1616-1616  b/417220811             com...le.android.apps.nexuslauncher  D  invalidateLoadedTasks - previous requestLoadId: -1
2026-02-12 15:15:51.909   788-942   InputDispatcher         system_server                        W  channel '25db0ce com.arduia.expense.dev/com.arduia.expense.ui.MainActivity' ~ Consumer closed input channel or an error occurred.  events=0x9
2026-02-12 15:15:51.909   788-942   InputDispatcher         system_server                        E  channel '25db0ce com.arduia.expense.dev/com.arduia.expense.ui.MainActivity' ~ Channel is unrecoverably broken and will be disposed!
2026-02-12 15:15:51.909   788-942   WindowManager           system_server                        I  WINDOW DIED Window{25db0ce u0 com.arduia.expense.dev/com.arduia.expense.ui.MainActivity}
2026-02-12 15:15:51.909  1648-1648  adbd                    adbd                                 I  Remote process closed the socket (on MSG_PEEK)
2026-02-12 15:15:51.911   788-2390  WindowManager           system_server                        I  WIN DEATH: Window{25db0ce u0 com.arduia.expense.dev/com.arduia.expense.ui.MainActivity EXITING}
2026-02-12 15:15:51.911   788-2140  ActivityManager         system_server                        I  Process com.arduia.expense.dev (pid 13291) has died: fg  TOP
2026-02-12 15:15:51.911   557-557   Zygote                  zygote64                             I  Process 13291 exited due to signal 9 (Killed)
2026-02-12 15:15:51.911   788-905   ImeTracker              system_server                        I  com.arduia.expense.dev:bb505e3b: onRequestHide at ORIGIN_SERVER reason HIDE_REMOVE_CLIENT fromUser false
2026-02-12 15:15:51.911   788-905   ImeTracker              system_server                        I  com.arduia.expense.dev:bb505e3b: onCancelled at PHASE_SERVER_SHOULD_HIDE
2026-02-12 15:15:51.911   788-828   libprocessgroup         system_server                        I  Removed cgroup /sys/fs/cgroup/apps/uid_10227/pid_13291
2026-02-12 15:15:51.912   788-2140  TransitionChain         system_server                        W  Combining appDied into #99(CLOSE|R|0x10) from finishTopCrash
2026-02-12 15:15:51.913   788-1220  InetDiagMessage         system_server                        D  Destroyed 0 sockets, proto=IPPROTO_TCP, family=AF_INET, states=14
2026-02-12 15:15:51.913   788-1220  InetDiagMessage         system_server                        D  Destroyed 0 sockets, proto=IPPROTO_TCP, family=AF_INET6, states=14
2026-02-12 15:15:51.913   788-1220  InetDiagMessage         system_server                        D  Destroyed live tcp sockets for uids={10227} in 1ms
2026-02-12 15:15:51.914   788-1220  InetDiagMessage         system_server                        D  Destroyed 0 sockets, proto=IPPROTO_TCP, family=AF_INET, states=14
2026-02-12 15:15:51.914   788-1220  InetDiagMessage         system_server                        D  Destroyed 0 sockets, proto=IPPROTO_TCP, family=AF_INET6, states=14
2026-02-12 15:15:51.914   788-1220  InetDiagMessage         system_server                        D  Destroyed live tcp sockets for uids={20227} in 1ms
2026-02-12 15:15:51.914  1616-1616  ViewRootImpl            com...le.android.apps.nexuslauncher  D  Skipping stats log for color mode
2026-02-12 15:15:51.914  1616-1616  BaseActivity            com...le.android.apps.nexuslauncher  D  Launcher flags updated: [state_started] +[state_started]
2026-02-12 15:15:51.914  1616-1616  BaseActivity            com...le.android.apps.nexuslauncher  D  Launcher flags updated: [state_started|state_resumed|state_user_active] +[state_resumed|state_user_active]
2026-02-12 15:15:51.914   788-819   ActivityManager         system_server                        W  setHasOverlayUi called on unknown pid: 13291
2026-02-12 15:15:51.915  1616-1616  BaseActivity            com...le.android.apps.nexuslauncher  D  Launcher flags updated: [state_started|state_resumed|state_deferred_resumed|state_user_active] +[state_deferred_resumed]
2026-02-12 15:15:51.915  1616-1616  StatsLog                com...le.android.apps.nexuslauncher  D  LAUNCHER_ONRESUME
2026-02-12 15:15:51.915  1306-1410  WindowManagerShell      com.android.systemui                 D  setLauncherKeepClearAreaHeight: visible=true, height=495
2026-02-12 15:15:51.915   788-1265  Background...rolService system_server                        D  Package event received: 0
2026-02-12 15:15:51.915   788-1265  Background...rolService system_server                        D  Package event received: 0
2026-02-12 15:15:51.915   788-1265  Background...rolService system_server                        D  Package event received: 0
2026-02-12 15:15:51.915  1616-1699  QuickstepModelDelegate  com...le.android.apps.nexuslauncher  D  notifyAppTargetEvent action=1 launchLocation=workspace/0/[-1,-1]/[1,1]
2026-02-12 15:15:51.916  2146-2252  AiAiEcho                com.google.android.as                I  Predicting[0]:  [CONTEXT sampling_count=5 ]
2026-02-12 15:15:51.916  2146-2252  AiAiEcho                com.google.android.as                I  EchoTargets:
                                                                                                    Filtered by AiAi flag check:
                                                                                                    [CONTEXT ratelimit_period="10 SECONDS" ]
2026-02-12 15:15:51.916  2146-2252  AiAiEcho                com.google.android.as                I  #remoteViewsTwiddler: feature disabled.
2026-02-12 15:15:51.916  2146-2252  AiAiEcho                com.google.android.as                I  #postPredictionTargets: Sending updates to UISurface home with targets# 0 (types=[])
2026-02-12 15:15:51.917  1616-1616  NexusLaunc...elDelegate com...le.android.apps.nexuslauncher  D  notifySmartspaceEvent: SmartspaceTargetEvent{mSmartspaceTarget=null, mSmartspaceActionId='null', mEventType=6}
2026-02-12 15:15:51.920  1616-1616  BaseDepthController     com...le.android.apps.nexuslauncher  D  setSurface:
                                                                                                    	mWaitingOnSurfaceValidity: false
                                                                                                    	mBaseSurface: Surface(name=com.google.android.apps.nexuslauncher/com.google.android.apps.nexuslauncher.NexusLauncherActivity#1126)/@0xf37f8b6
2026-02-12 15:15:51.920  1616-1616  BaseDepthController     com...le.android.apps.nexuslauncher  V  Applying blur: 0 to Surface(name=com.google.android.apps.nexuslauncher/com.google.android.apps.nexuslauncher.NexusLauncherActivity#1126)/@0xf37f8b6 applyImmediately: false
