2026-02-12 15:14:20.836   965-1032  artd                    artd                                 I  GetBestInfo: /data/user_de/0/com.google.android.gms/app_chimera/m/00000009/dl-MlkitBarcodeUi.optional_253434100800.apk has no usable artifacts
2026-02-12 15:14:20.838   965-1032  artd                    artd                                 I  GetBestInfo: /data/user_de/0/com.google.android.gms/app_chimera/m/00000014/dl-PlayCloudSearch.optional_260235100000.apk has no usable artifacts
2026-02-12 15:14:20.839   965-1032  artd                    artd                                 I  GetBestInfo: /data/user_de/0/com.google.android.gms/app_chimera/m/0000000c/dl-MlkitOcrCommon.optional_253434100800.apk has no usable artifacts
2026-02-12 15:14:20.841   965-1032  artd                    artd                                 I  GetBestInfo: /data/user_de/0/com.google.android.gms/app_chimera/m/0000000d/dl-Appsearch.optional_253434100800.apk has no usable artifacts
2026-02-12 15:14:20.841   965-1032  artd                    artd                                 I  GetBestInfo: /data/user_de/0/com.google.android.gms/app_chimera/m/00000007/MeasurementDynamite.apk has no usable artifacts
2026-02-12 15:14:20.842   965-1032  artd                    artd                                 I  GetBestInfo: /data/user_de/0/com.google.android.gms/app_chimera/m/00000015/dl-Appsearch.optional_260235100800.apk has no usable artifacts
2026-02-12 15:14:20.843   965-1032  artd                    artd                                 I  GetBestInfo: /data/user_de/0/com.google.android.gms/app_chimera/m/00000011/dl-MlkitBarcodeUi.optional_260235100800.apk has no usable artifacts
2026-02-12 15:14:20.844   965-1032  artd                    artd                                 I  GetBestInfo: /data/user_de/0/com.google.android.gms/app_chimera/m/0000000e/dl-PlayCloudSearch.optional_253434100000.apk has no usable artifacts
2026-02-12 15:14:22.980   788-1212  HalDevMgr               system_server                        I  bestIfaceCreationProposal is null, requestIface=STA, existingIface=[name=wlan0 type=STA]
2026-02-12 15:14:23.862  1499-1581  SatelliteController     com.android.phone                    D  iisInCarrierRoamingNbIotNtn: satellite is disabled
2026-02-12 15:14:23.862  1499-1581  SatelliteController     com.android.phone                    D  getCarrierRoamingNtnConnectType: Falling back to global carrier config connect type: 0
2026-02-12 15:14:25.985   788-1212  HalDevMgr               system_server                        I  bestIfaceCreationProposal is null, requestIface=STA, existingIface=[name=wlan0 type=STA]
2026-02-12 15:14:28.990   788-1212  HalDevMgr               system_server                        I  bestIfaceCreationProposal is null, requestIface=STA, existingIface=[name=wlan0 type=STA]
2026-02-12 15:14:30.814 13257-13257 libbinder....iceManager pid-13257                            W  Thread Pool max thread count is 0. Cannot cache binder as linkToDeath cannot be implemented. serviceName: package
2026-02-12 15:14:30.841   965-1032  artd                    artd                                 I  GetBestInfo: odex next to the dex file (/data/app/~~ulY-VYmfUCDUYN95W71j7Q==/com.google.android.gms-nMPRDmjFbsuq-8Yb_5D9lg==/oat/x86_64/base.odex) is kOatUpToDate with filter 'speed-profile' executable 'false'
2026-02-12 15:14:30.843   965-1032  artd                    artd                                 I  GetBestInfo: odex next to the dex file (/data/app/~~ulY-VYmfUCDUYN95W71j7Q==/com.google.android.gms-nMPRDmjFbsuq-8Yb_5D9lg==/oat/x86_64/split_AdsDynamite_installtime.odex) is kOatUpToDate with filter 'speed' executable 'false'
2026-02-12 15:14:30.844   965-1032  artd                    artd                                 I  GetBestInfo: odex next to the dex file (/data/app/~~ulY-VYmfUCDUYN95W71j7Q==/com.google.android.gms-nMPRDmjFbsuq-8Yb_5D9lg==/oat/x86_64/split_CronetDynamite_installtime.odex) is kOatUpToDate with filter 'speed-profile' executable 'false'
2026-02-12 15:14:30.845   965-1032  artd                    artd                                 I  GetBestInfo: odex next to the dex file (/data/app/~~ulY-VYmfUCDUYN95W71j7Q==/com.google.android.gms-nMPRDmjFbsuq-8Yb_5D9lg==/oat/x86_64/split_DynamiteLoader_installtime.odex) is kOatUpToDate with filter 'speed' executable 'false'
2026-02-12 15:14:30.847   965-1032  artd                    artd                                 I  GetBestInfo: odex next to the dex file (/data/app/~~ulY-VYmfUCDUYN95W71j7Q==/com.google.android.gms-nMPRDmjFbsuq-8Yb_5D9lg==/oat/x86_64/split_DynamiteModulesA_installtime.odex) is kOatUpToDate with filter 'speed' executable 'false'
2026-02-12 15:14:30.848   965-1032  artd                    artd                                 I  GetBestInfo: odex next to the dex file (/data/app/~~ulY-VYmfUCDUYN95W71j7Q==/com.google.android.gms-nMPRDmjFbsuq-8Yb_5D9lg==/oat/x86_64/split_DynamiteModulesC_installtime.odex) is kOatUpToDate with filter 'speed' executable 'false'
2026-02-12 15:14:30.849   965-1032  artd                    artd                                 I  GetBestInfo: odex next to the dex file (/data/app/~~ulY-VYmfUCDUYN95W71j7Q==/com.google.android.gms-nMPRDmjFbsuq-8Yb_5D9lg==/oat/x86_64/split_GoogleCertificates_installtime.odex) is kOatUpToDate with filter 'speed' executable 'false'
2026-02-12 15:14:30.851   965-1032  artd                    artd                                 I  GetBestInfo: odex next to the dex file (/data/app/~~ulY-VYmfUCDUYN95W71j7Q==/com.google.android.gms-nMPRDmjFbsuq-8Yb_5D9lg==/oat/x86_64/split_MapsDynamite_installtime.odex) is kOatUpToDate with filter 'speed' executable 'false'
2026-02-12 15:14:30.852   965-1032  artd                    artd                                 I  GetBestInfo: odex next to the dex file (/data/app/~~ulY-VYmfUCDUYN95W71j7Q==/com.google.android.gms-nMPRDmjFbsuq-8Yb_5D9lg==/oat/x86_64/split_MeasurementDynamite_installtime.odex) is kOatUpToDate with filter 'speed' executable 'false'
2026-02-12 15:14:30.853   965-1032  artd                    artd                                 I  GetBestInfo: /data/user_de/0/com.google.android.gms/app_chimera/m/00000004/DynamiteModulesC.apk has no usable artifacts
2026-02-12 15:14:30.854   965-1032  artd                    artd                                 I  GetBestInfo: /data/user_de/0/com.google.android.gms/app_chimera/m/0000000a/dl-TfliteDynamiteDynamite.integ_252130102100800.apk has no usable artifacts
2026-02-12 15:14:30.854   965-1032  artd                    artd                                 I  GetBestInfo: /data/user_de/0/com.google.android.gms/app_chimera/m/00000001/CronetDynamite.apk has no usable artifacts
2026-02-12 15:14:30.854   965-1032  artd                    artd                                 I  GetBestInfo: /data/user_de/0/com.google.android.gms/app_chimera/m/00000002/DynamiteLoader.apk has no usable artifacts
2026-02-12 15:14:30.854   965-1032  artd                    artd                                 I  GetBestInfo: /data/user_de/0/com.google.android.gms/app_chimera/m/00000005/GoogleCertificates.apk has no usable artifacts
2026-02-12 15:14:30.855   965-1032  artd                    artd                                 I  GetBestInfo: /data/user_de/0/com.google.android.gms/app_chimera/m/0000000b/dl-VisionOcr.optional_253434100000.apk has no usable artifacts
2026-02-12 15:14:30.857   965-1032  artd                    artd                                 I  GetBestInfo: vdex next to the dex file (/data/user/0/com.google.android.gms/app_dg_cache/CF98DA544914DD75038B6CE6DBC852B6C43EC876/oat/x86_64/the.vdex) is kOatUpToDate with filter 'verify' executable 'false'
2026-02-12 15:14:30.858   965-1032  artd                    artd                                 I  GetBestInfo: /data/user_de/0/com.google.android.gms/app_chimera/m/00000009/dl-MlkitBarcodeUi.optional_253434100800.apk has no usable artifacts
2026-02-12 15:14:30.860   965-1032  artd                    artd                                 I  GetBestInfo: /data/user_de/0/com.google.android.gms/app_chimera/m/00000014/dl-PlayCloudSearch.optional_260235100000.apk has no usable artifacts
2026-02-12 15:14:30.861   965-1032  artd                    artd                                 I  GetBestInfo: /data/user_de/0/com.google.android.gms/app_chimera/m/0000000c/dl-MlkitOcrCommon.optional_253434100800.apk has no usable artifacts
2026-02-12 15:14:30.862   965-1032  artd                    artd                                 I  GetBestInfo: /data/user_de/0/com.google.android.gms/app_chimera/m/0000000d/dl-Appsearch.optional_253434100800.apk has no usable artifacts
2026-02-12 15:14:30.863   965-1032  artd                    artd                                 I  GetBestInfo: /data/user_de/0/com.google.android.gms/app_chimera/m/00000007/MeasurementDynamite.apk has no usable artifacts
2026-02-12 15:14:30.864   965-1032  artd                    artd                                 I  GetBestInfo: /data/user_de/0/com.google.android.gms/app_chimera/m/00000015/dl-Appsearch.optional_260235100800.apk has no usable artifacts
2026-02-12 15:14:30.865   965-1032  artd                    artd                                 I  GetBestInfo: /data/user_de/0/com.google.android.gms/app_chimera/m/00000011/dl-MlkitBarcodeUi.optional_260235100800.apk has no usable artifacts
2026-02-12 15:14:30.867   965-1032  artd                    artd                                 I  GetBestInfo: /data/user_de/0/com.google.android.gms/app_chimera/m/0000000e/dl-PlayCloudSearch.optional_253434100000.apk has no usable artifacts
2026-02-12 15:14:31.996   788-1212  HalDevMgr               system_server                        I  bestIfaceCreationProposal is null, requestIface=STA, existingIface=[name=wlan0 type=STA]
2026-02-12 15:14:33.862  1499-1581  SatelliteController     com.android.phone                    D  iisInCarrierRoamingNbIotNtn: satellite is disabled
2026-02-12 15:14:33.863  1499-1581  SatelliteController     com.android.phone                    D  getCarrierRoamingNtnConnectType: Falling back to global carrier config connect type: 0
2026-02-12 15:14:35.002   788-1212  HalDevMgr               system_server                        I  bestIfaceCreationProposal is null, requestIface=STA, existingIface=[name=wlan0 type=STA]
2026-02-12 15:14:38.008   788-1212  HalDevMgr               system_server                        I  bestIfaceCreationProposal is null, requestIface=STA, existingIface=[name=wlan0 type=STA]
2026-02-12 15:14:40.759 13260-13260 libbinder....iceManager pid-13260                            W  Thread Pool max thread count is 0. Cannot cache binder as linkToDeath cannot be implemented. serviceName: package
2026-02-12 15:14:40.785   965-1032  artd                    artd                                 I  GetBestInfo: odex next to the dex file (/data/app/~~ulY-VYmfUCDUYN95W71j7Q==/com.google.android.gms-nMPRDmjFbsuq-8Yb_5D9lg==/oat/x86_64/base.odex) is kOatUpToDate with filter 'speed-profile' executable 'false'
2026-02-12 15:14:40.787   965-1032  artd                    artd                                 I  GetBestInfo: odex next to the dex file (/data/app/~~ulY-VYmfUCDUYN95W71j7Q==/com.google.android.gms-nMPRDmjFbsuq-8Yb_5D9lg==/oat/x86_64/split_AdsDynamite_installtime.odex) is kOatUpToDate with filter 'speed' executable 'false'
2026-02-12 15:14:40.788   965-1032  artd                    artd                                 I  GetBestInfo: odex next to the dex file (/data/app/~~ulY-VYmfUCDUYN95W71j7Q==/com.google.android.gms-nMPRDmjFbsuq-8Yb_5D9lg==/oat/x86_64/split_CronetDynamite_installtime.odex) is kOatUpToDate with filter 'speed-profile' executable 'false'
2026-02-12 15:14:40.790   965-1032  artd                    artd                                 I  GetBestInfo: odex next to the dex file (/data/app/~~ulY-VYmfUCDUYN95W71j7Q==/com.google.android.gms-nMPRDmjFbsuq-8Yb_5D9lg==/oat/x86_64/split_DynamiteLoader_installtime.odex) is kOatUpToDate with filter 'speed' executable 'false'
2026-02-12 15:14:40.791   965-1032  artd                    artd                                 I  GetBestInfo: odex next to the dex file (/data/app/~~ulY-VYmfUCDUYN95W71j7Q==/com.google.android.gms-nMPRDmjFbsuq-8Yb_5D9lg==/oat/x86_64/split_DynamiteModulesA_installtime.odex) is kOatUpToDate with filter 'speed' executable 'false'
2026-02-12 15:14:40.792   965-1032  artd                    artd                                 I  GetBestInfo: odex next to the dex file (/data/app/~~ulY-VYmfUCDUYN95W71j7Q==/com.google.android.gms-nMPRDmjFbsuq-8Yb_5D9lg==/oat/x86_64/split_DynamiteModulesC_installtime.odex) is kOatUpToDate with filter 'speed' executable 'false'
2026-02-12 15:14:40.794   965-1032  artd                    artd                                 I  GetBestInfo: odex next to the dex file (/data/app/~~ulY-VYmfUCDUYN95W71j7Q==/com.google.android.gms-nMPRDmjFbsuq-8Yb_5D9lg==/oat/x86_64/split_GoogleCertificates_installtime.odex) is kOatUpToDate with filter 'speed' executable 'false'
2026-02-12 15:14:40.795   965-1032  artd                    artd                                 I  GetBestInfo: odex next to the dex file (/data/app/~~ulY-VYmfUCDUYN95W71j7Q==/com.google.android.gms-nMPRDmjFbsuq-8Yb_5D9lg==/oat/x86_64/split_MapsDynamite_installtime.odex) is kOatUpToDate with filter 'speed' executable 'false'
2026-02-12 15:14:40.796   965-1032  artd                    artd                                 I  GetBestInfo: odex next to the dex file (/data/app/~~ulY-VYmfUCDUYN95W71j7Q==/com.google.android.gms-nMPRDmjFbsuq-8Yb_5D9lg==/oat/x86_64/split_MeasurementDynamite_installtime.odex) is kOatUpToDate with filter 'speed' executable 'false'
2026-02-12 15:14:40.797   965-1032  artd                    artd                                 I  GetBestInfo: /data/user_de/0/com.google.android.gms/app_chimera/m/00000004/DynamiteModulesC.apk has no usable artifacts
2026-02-12 15:14:40.798   965-1032  artd                    artd                                 I  GetBestInfo: /data/user_de/0/com.google.android.gms/app_chimera/m/0000000a/dl-TfliteDynamiteDynamite.integ_252130102100800.apk has no usable artifacts
2026-02-12 15:14:40.798   965-1032  artd                    artd                                 I  GetBestInfo: /data/user_de/0/com.google.android.gms/app_chimera/m/00000001/CronetDynamite.apk has no usable artifacts
2026-02-12 15:14:40.799   965-1032  artd                    artd                                 I  GetBestInfo: /data/user_de/0/com.google.android.gms/app_chimera/m/00000002/DynamiteLoader.apk has no usable artifacts
2026-02-12 15:14:40.799   965-1032  artd                    artd                                 I  GetBestInfo: /data/user_de/0/com.google.android.gms/app_chimera/m/00000005/GoogleCertificates.apk has no usable artifacts
2026-02-12 15:14:40.801   965-1032  artd                    artd                                 I  GetBestInfo: /data/user_de/0/com.google.android.gms/app_chimera/m/0000000b/dl-VisionOcr.optional_253434100000.apk has no usable artifacts
2026-02-12 15:14:40.802   965-1032  artd                    artd                                 I  GetBestInfo: vdex next to the dex file (/data/user/0/com.google.android.gms/app_dg_cache/CF98DA544914DD75038B6CE6DBC852B6C43EC876/oat/x86_64/the.vdex) is kOatUpToDate with filter 'verify' executable 'false'
2026-02-12 15:14:40.804   965-1032  artd                    artd                                 I  GetBestInfo: /data/user_de/0/com.google.android.gms/app_chimera/m/00000009/dl-MlkitBarcodeUi.optional_253434100800.apk has no usable artifacts
2026-02-12 15:14:40.805   965-1032  artd                    artd                                 I  GetBestInfo: /data/user_de/0/com.google.android.gms/app_chimera/m/00000014/dl-PlayCloudSearch.optional_260235100000.apk has no usable artifacts
2026-02-12 15:14:40.806   965-1032  artd                    artd                                 I  GetBestInfo: /data/user_de/0/com.google.android.gms/app_chimera/m/0000000c/dl-MlkitOcrCommon.optional_253434100800.apk has no usable artifacts
2026-02-12 15:14:40.807   965-1032  artd                    artd                                 I  GetBestInfo: /data/user_de/0/com.google.android.gms/app_chimera/m/0000000d/dl-Appsearch.optional_253434100800.apk has no usable artifacts
2026-02-12 15:14:40.808   965-1032  artd                    artd                                 I  GetBestInfo: /data/user_de/0/com.google.android.gms/app_chimera/m/00000007/MeasurementDynamite.apk has no usable artifacts
2026-02-12 15:14:40.809   965-1032  artd                    artd                                 I  GetBestInfo: /data/user_de/0/com.google.android.gms/app_chimera/m/00000015/dl-Appsearch.optional_260235100800.apk has no usable artifacts
2026-02-12 15:14:40.810   965-1032  artd                    artd                                 I  GetBestInfo: /data/user_de/0/com.google.android.gms/app_chimera/m/00000011/dl-MlkitBarcodeUi.optional_260235100800.apk has no usable artifacts
2026-02-12 15:14:40.811   965-1032  artd                    artd                                 I  GetBestInfo: /data/user_de/0/com.google.android.gms/app_chimera/m/0000000e/dl-PlayCloudSearch.optional_253434100000.apk has no usable artifacts
2026-02-12 15:14:41.012   788-1212  HalDevMgr               system_server                        I  bestIfaceCreationProposal is null, requestIface=STA, existingIface=[name=wlan0 type=STA]
2026-02-12 15:14:43.862  1499-1581  SatelliteController     com.android.phone                    D  iisInCarrierRoamingNbIotNtn: satellite is disabled
2026-02-12 15:14:43.863  1499-1581  SatelliteController     com.android.phone                    D  getCarrierRoamingNtnConnectType: Falling back to global carrier config connect type: 0
2026-02-12 15:14:44.018   788-1212  HalDevMgr               system_server                        I  bestIfaceCreationProposal is null, requestIface=STA, existingIface=[name=wlan0 type=STA]
2026-02-12 15:14:47.024   788-1212  HalDevMgr               system_server                        I  bestIfaceCreationProposal is null, requestIface=STA, existingIface=[name=wlan0 type=STA]
2026-02-12 15:14:50.030   788-1212  HalDevMgr               system_server                        I  bestIfaceCreationProposal is null, requestIface=STA, existingIface=[name=wlan0 type=STA]
2026-02-12 15:14:50.784 13263-13263 libbinder....iceManager pid-13263                            W  Thread Pool max thread count is 0. Cannot cache binder as linkToDeath cannot be implemented. serviceName: package
2026-02-12 15:14:50.811   965-1032  artd                    artd                                 I  GetBestInfo: odex next to the dex file (/data/app/~~ulY-VYmfUCDUYN95W71j7Q==/com.google.android.gms-nMPRDmjFbsuq-8Yb_5D9lg==/oat/x86_64/base.odex) is kOatUpToDate with filter 'speed-profile' executable 'false'
2026-02-12 15:14:50.813   965-1032  artd                    artd                                 I  GetBestInfo: odex next to the dex file (/data/app/~~ulY-VYmfUCDUYN95W71j7Q==/com.google.android.gms-nMPRDmjFbsuq-8Yb_5D9lg==/oat/x86_64/split_AdsDynamite_installtime.odex) is kOatUpToDate with filter 'speed' executable 'false'
2026-02-12 15:14:50.814   965-1032  artd                    artd                                 I  GetBestInfo: odex next to the dex file (/data/app/~~ulY-VYmfUCDUYN95W71j7Q==/com.google.android.gms-nMPRDmjFbsuq-8Yb_5D9lg==/oat/x86_64/split_CronetDynamite_installtime.odex) is kOatUpToDate with filter 'speed-profile' executable 'false'
2026-02-12 15:14:50.815   965-1032  artd                    artd                                 I  GetBestInfo: odex next to the dex file (/data/app/~~ulY-VYmfUCDUYN95W71j7Q==/com.google.android.gms-nMPRDmjFbsuq-8Yb_5D9lg==/oat/x86_64/split_DynamiteLoader_installtime.odex) is kOatUpToDate with filter 'speed' executable 'false'
2026-02-12 15:14:50.817   965-1032  artd                    artd                                 I  GetBestInfo: odex next to the dex file (/data/app/~~ulY-VYmfUCDUYN95W71j7Q==/com.google.android.gms-nMPRDmjFbsuq-8Yb_5D9lg==/oat/x86_64/split_DynamiteModulesA_installtime.odex) is kOatUpToDate with filter 'speed' executable 'false'
2026-02-12 15:14:50.818   965-1032  artd                    artd                                 I  GetBestInfo: odex next to the dex file (/data/app/~~ulY-VYmfUCDUYN95W71j7Q==/com.google.android.gms-nMPRDmjFbsuq-8Yb_5D9lg==/oat/x86_64/split_DynamiteModulesC_installtime.odex) is kOatUpToDate with filter 'speed' executable 'false'
2026-02-12 15:14:50.819   965-1032  artd                    artd                                 I  GetBestInfo: odex next to the dex file (/data/app/~~ulY-VYmfUCDUYN95W71j7Q==/com.google.android.gms-nMPRDmjFbsuq-8Yb_5D9lg==/oat/x86_64/split_GoogleCertificates_installtime.odex) is kOatUpToDate with filter 'speed' executable 'false'
2026-02-12 15:14:50.821   965-1032  artd                    artd                                 I  GetBestInfo: odex next to the dex file (/data/app/~~ulY-VYmfUCDUYN95W71j7Q==/com.google.android.gms-nMPRDmjFbsuq-8Yb_5D9lg==/oat/x86_64/split_MapsDynamite_installtime.odex) is kOatUpToDate with filter 'speed' executable 'false'
2026-02-12 15:14:50.822   965-1032  artd                    artd                                 I  GetBestInfo: odex next to the dex file (/data/app/~~ulY-VYmfUCDUYN95W71j7Q==/com.google.android.gms-nMPRDmjFbsuq-8Yb_5D9lg==/oat/x86_64/split_MeasurementDynamite_installtime.odex) is kOatUpToDate with filter 'speed' executable 'false'
2026-02-12 15:14:50.823   965-1032  artd                    artd                                 I  GetBestInfo: /data/user_de/0/com.google.android.gms/app_chimera/m/00000004/DynamiteModulesC.apk has no usable artifacts
2026-02-12 15:14:50.824   965-1032  artd                    artd                                 I  GetBestInfo: /data/user_de/0/com.google.android.gms/app_chimera/m/0000000a/dl-TfliteDynamiteDynamite.integ_252130102100800.apk has no usable artifacts
2026-02-12 15:14:50.824   965-1032  artd                    artd                                 I  GetBestInfo: /data/user_de/0/com.google.android.gms/app_chimera/m/00000001/CronetDynamite.apk has no usable artifacts
2026-02-12 15:14:50.824   965-1032  artd                    artd                                 I  GetBestInfo: /data/user_de/0/com.google.android.gms/app_chimera/m/00000002/DynamiteLoader.apk has no usable artifacts
2026-02-12 15:14:50.824   965-1032  artd                    artd                                 I  GetBestInfo: /data/user_de/0/com.google.android.gms/app_chimera/m/00000005/GoogleCertificates.apk has no usable artifacts
2026-02-12 15:14:50.826   965-1032  artd                    artd                                 I  GetBestInfo: /data/user_de/0/com.google.android.gms/app_chimera/m/0000000b/dl-VisionOcr.optional_253434100000.apk has no usable artifacts
2026-02-12 15:14:50.828   965-1032  artd                    artd                                 I  GetBestInfo: vdex next to the dex file (/data/user/0/com.google.android.gms/app_dg_cache/CF98DA544914DD75038B6CE6DBC852B6C43EC876/oat/x86_64/the.vdex) is kOatUpToDate with filter 'verify' executable 'false'
2026-02-12 15:14:50.829   965-1032  artd                    artd                                 I  GetBestInfo: /data/user_de/0/com.google.android.gms/app_chimera/m/00000009/dl-MlkitBarcodeUi.optional_253434100800.apk has no usable artifacts
2026-02-12 15:14:50.830   965-1032  artd                    artd                                 I  GetBestInfo: /data/user_de/0/com.google.android.gms/app_chimera/m/00000014/dl-PlayCloudSearch.optional_260235100000.apk has no usable artifacts
2026-02-12 15:14:50.832   965-1032  artd                    artd                                 I  GetBestInfo: /data/user_de/0/com.google.android.gms/app_chimera/m/0000000c/dl-MlkitOcrCommon.optional_253434100800.apk has no usable artifacts
2026-02-12 15:14:50.833   965-1032  artd                    artd                                 I  GetBestInfo: /data/user_de/0/com.google.android.gms/app_chimera/m/0000000d/dl-Appsearch.optional_253434100800.apk has no usable artifacts
2026-02-12 15:14:50.834   965-1032  artd                    artd                                 I  GetBestInfo: /data/user_de/0/com.google.android.gms/app_chimera/m/00000007/MeasurementDynamite.apk has no usable artifacts
2026-02-12 15:14:50.835   965-1032  artd                    artd                                 I  GetBestInfo: /data/user_de/0/com.google.android.gms/app_chimera/m/00000015/dl-Appsearch.optional_260235100800.apk has no usable artifacts
2026-02-12 15:14:50.836   965-1032  artd                    artd                                 I  GetBestInfo: /data/user_de/0/com.google.android.gms/app_chimera/m/00000011/dl-MlkitBarcodeUi.optional_260235100800.apk has no usable artifacts
2026-02-12 15:14:50.838   965-1032  artd                    artd                                 I  GetBestInfo: /data/user_de/0/com.google.android.gms/app_chimera/m/0000000e/dl-PlayCloudSearch.optional_253434100000.apk has no usable artifacts
2026-02-12 15:14:53.034   788-1212  HalDevMgr               system_server                        I  bestIfaceCreationProposal is null, requestIface=STA, existingIface=[name=wlan0 type=STA]
2026-02-12 15:14:53.863  1499-1581  SatelliteController     com.android.phone                    D  iisInCarrierRoamingNbIotNtn: satellite is disabled
2026-02-12 15:14:53.864  1499-1581  SatelliteController     com.android.phone                    D  getCarrierRoamingNtnConnectType: Falling back to global carrier config connect type: 0
2026-02-12 15:14:56.041   788-1212  HalDevMgr               system_server                        I  bestIfaceCreationProposal is null, requestIface=STA, existingIface=[name=wlan0 type=STA]
2026-02-12 15:14:57.184   788-2140  AppOps                  system_server                        W  Noting op not finished: uid 10155 pkg com.google.android.gms code 113 startTime of in progress event=1770884773304
2026-02-12 15:14:57.186   788-2271  AppOps                  system_server                        W  Noting op not finished: uid 10155 pkg com.google.android.gms code 79 startTime of in progress event=1770884773312
2026-02-12 15:14:57.188  9036-9097  ActivityScheduler       com.google.android.gms.persistent    I  nextTriggerTime: 6257487, in 238100ms, detectorType: 39, FULL_TYPE alarmWindowMillis: 80000
2026-02-12 15:14:58.185   788-2246  AppOps                  system_server                        W  Noting op not finished: uid 10155 pkg com.google.android.gms code 113 startTime of in progress event=1770884773304
2026-02-12 15:14:59.047   788-1212  HalDevMgr               system_server                        I  bestIfaceCreationProposal is null, requestIface=STA, existingIface=[name=wlan0 type=STA]
2026-02-12 15:15:00.783 13269-13269 libbinder....iceManager pid-13269                            W  Thread Pool max thread count is 0. Cannot cache binder as linkToDeath cannot be implemented. serviceName: package
2026-02-12 15:15:00.811   965-1032  artd                    artd                                 I  GetBestInfo: odex next to the dex file (/data/app/~~ulY-VYmfUCDUYN95W71j7Q==/com.google.android.gms-nMPRDmjFbsuq-8Yb_5D9lg==/oat/x86_64/base.odex) is kOatUpToDate with filter 'speed-profile' executable 'false'
2026-02-12 15:15:00.813   965-1032  artd                    artd                                 I  GetBestInfo: odex next to the dex file (/data/app/~~ulY-VYmfUCDUYN95W71j7Q==/com.google.android.gms-nMPRDmjFbsuq-8Yb_5D9lg==/oat/x86_64/split_AdsDynamite_installtime.odex) is kOatUpToDate with filter 'speed' executable 'false'
2026-02-12 15:15:00.814   965-1032  artd                    artd                                 I  GetBestInfo: odex next to the dex file (/data/app/~~ulY-VYmfUCDUYN95W71j7Q==/com.google.android.gms-nMPRDmjFbsuq-8Yb_5D9lg==/oat/x86_64/split_CronetDynamite_installtime.odex) is kOatUpToDate with filter 'speed-profile' executable 'false'
2026-02-12 15:15:00.816   965-1032  artd                    artd                                 I  GetBestInfo: odex next to the dex file (/data/app/~~ulY-VYmfUCDUYN95W71j7Q==/com.google.android.gms-nMPRDmjFbsuq-8Yb_5D9lg==/oat/x86_64/split_DynamiteLoader_installtime.odex) is kOatUpToDate with filter 'speed' executable 'false'
2026-02-12 15:15:00.817   965-1032  artd                    artd                                 I  GetBestInfo: odex next to the dex file (/data/app/~~ulY-VYmfUCDUYN95W71j7Q==/com.google.android.gms-nMPRDmjFbsuq-8Yb_5D9lg==/oat/x86_64/split_DynamiteModulesA_installtime.odex) is kOatUpToDate with filter 'speed' executable 'false'
2026-02-12 15:15:00.819   965-1032  artd                    artd                                 I  GetBestInfo: odex next to the dex file (/data/app/~~ulY-VYmfUCDUYN95W71j7Q==/com.google.android.gms-nMPRDmjFbsuq-8Yb_5D9lg==/oat/x86_64/split_DynamiteModulesC_installtime.odex) is kOatUpToDate with filter 'speed' executable 'false'
2026-02-12 15:15:00.820   965-1032  artd                    artd                                 I  GetBestInfo: odex next to the dex file (/data/app/~~ulY-VYmfUCDUYN95W71j7Q==/com.google.android.gms-nMPRDmjFbsuq-8Yb_5D9lg==/oat/x86_64/split_GoogleCertificates_installtime.odex) is kOatUpToDate with filter 'speed' executable 'false'
2026-02-12 15:15:00.822   965-1032  artd                    artd                                 I  GetBestInfo: odex next to the dex file (/data/app/~~ulY-VYmfUCDUYN95W71j7Q==/com.google.android.gms-nMPRDmjFbsuq-8Yb_5D9lg==/oat/x86_64/split_MapsDynamite_installtime.odex) is kOatUpToDate with filter 'speed' executable 'false'
2026-02-12 15:15:00.823   965-1032  artd                    artd                                 I  GetBestInfo: odex next to the dex file (/data/app/~~ulY-VYmfUCDUYN95W71j7Q==/com.google.android.gms-nMPRDmjFbsuq-8Yb_5D9lg==/oat/x86_64/split_MeasurementDynamite_installtime.odex) is kOatUpToDate with filter 'speed' executable 'false'
2026-02-12 15:15:00.824   965-1032  artd                    artd                                 I  GetBestInfo: /data/user_de/0/com.google.android.gms/app_chimera/m/00000004/DynamiteModulesC.apk has no usable artifacts
2026-02-12 15:15:00.825   965-1032  artd                    artd                                 I  GetBestInfo: /data/user_de/0/com.google.android.gms/app_chimera/m/0000000a/dl-TfliteDynamiteDynamite.integ_252130102100800.apk has no usable artifacts
2026-02-12 15:15:00.826   965-1032  artd                    artd                                 I  GetBestInfo: /data/user_de/0/com.google.android.gms/app_chimera/m/00000001/CronetDynamite.apk has no usable artifacts
2026-02-12 15:15:00.826   965-1032  artd                    artd                                 I  GetBestInfo: /data/user_de/0/com.google.android.gms/app_chimera/m/00000002/DynamiteLoader.apk has no usable artifacts
2026-02-12 15:15:00.826   965-1032  artd                    artd                                 I  GetBestInfo: /data/user_de/0/com.google.android.gms/app_chimera/m/00000005/GoogleCertificates.apk has no usable artifacts
2026-02-12 15:15:00.827   965-1032  artd                    artd                                 I  GetBestInfo: /data/user_de/0/com.google.android.gms/app_chimera/m/0000000b/dl-VisionOcr.optional_253434100000.apk has no usable artifacts
2026-02-12 15:15:00.829   965-1032  artd                    artd                                 I  GetBestInfo: vdex next to the dex file (/data/user/0/com.google.android.gms/app_dg_cache/CF98DA544914DD75038B6CE6DBC852B6C43EC876/oat/x86_64/the.vdex) is kOatUpToDate with filter 'verify' executable 'false'
2026-02-12 15:15:00.830   965-1032  artd                    artd                                 I  GetBestInfo: /data/user_de/0/com.google.android.gms/app_chimera/m/00000009/dl-MlkitBarcodeUi.optional_253434100800.apk has no usable artifacts
2026-02-12 15:15:00.832   965-1032  artd                    artd                                 I  GetBestInfo: /data/user_de/0/com.google.android.gms/app_chimera/m/00000014/dl-PlayCloudSearch.optional_260235100000.apk has no usable artifacts
2026-02-12 15:15:00.833   965-1032  artd                    artd                                 I  GetBestInfo: /data/user_de/0/com.google.android.gms/app_chimera/m/0000000c/dl-MlkitOcrCommon.optional_253434100800.apk has no usable artifacts
2026-02-12 15:15:00.835   965-1032  artd                    artd                                 I  GetBestInfo: /data/user_de/0/com.google.android.gms/app_chimera/m/0000000d/dl-Appsearch.optional_253434100800.apk has no usable artifacts
2026-02-12 15:15:00.835   965-1032  artd                    artd                                 I  GetBestInfo: /data/user_de/0/com.google.android.gms/app_chimera/m/00000007/MeasurementDynamite.apk has no usable artifacts
2026-02-12 15:15:00.836   965-1032  artd                    artd                                 I  GetBestInfo: /data/user_de/0/com.google.android.gms/app_chimera/m/00000015/dl-Appsearch.optional_260235100800.apk has no usable artifacts
2026-02-12 15:15:00.837   965-1032  artd                    artd                                 I  GetBestInfo: /data/user_de/0/com.google.android.gms/app_chimera/m/00000011/dl-MlkitBarcodeUi.optional_260235100800.apk has no usable artifacts
2026-02-12 15:15:00.839   965-1032  artd                    artd                                 I  GetBestInfo: /data/user_de/0/com.google.android.gms/app_chimera/m/0000000e/dl-PlayCloudSearch.optional_253434100000.apk has no usable artifacts
2026-02-12 15:15:02.051   788-1212  HalDevMgr               system_server                        I  bestIfaceCreationProposal is null, requestIface=STA, existingIface=[name=wlan0 type=STA]
2026-02-12 15:15:03.863  1499-1581  SatelliteController     com.android.phone                    D  iisInCarrierRoamingNbIotNtn: satellite is disabled
2026-02-12 15:15:03.864  1499-1581  SatelliteController     com.android.phone                    D  getCarrierRoamingNtnConnectType: Falling back to global carrier config connect type: 0
2026-02-12 15:15:05.054   788-1212  HalDevMgr               system_server                        I  bestIfaceCreationProposal is null, requestIface=STA, existingIface=[name=wlan0 type=STA]
2026-02-12 15:15:08.059   788-1212  HalDevMgr               system_server                        I  bestIfaceCreationProposal is null, requestIface=STA, existingIface=[name=wlan0 type=STA]
2026-02-12 15:15:10.771 13272-13272 libbinder....iceManager pid-13272                            W  Thread Pool max thread count is 0. Cannot cache binder as linkToDeath cannot be implemented. serviceName: package
2026-02-12 15:15:10.794   965-1032  artd                    artd                                 I  GetBestInfo: odex next to the dex file (/data/app/~~ulY-VYmfUCDUYN95W71j7Q==/com.google.android.gms-nMPRDmjFbsuq-8Yb_5D9lg==/oat/x86_64/base.odex) is kOatUpToDate with filter 'speed-profile' executable 'false'
2026-02-12 15:15:10.795   965-1032  artd                    artd                                 I  GetBestInfo: odex next to the dex file (/data/app/~~ulY-VYmfUCDUYN95W71j7Q==/com.google.android.gms-nMPRDmjFbsuq-8Yb_5D9lg==/oat/x86_64/split_AdsDynamite_installtime.odex) is kOatUpToDate with filter 'speed' executable 'false'
2026-02-12 15:15:10.796   965-1032  artd                    artd                                 I  GetBestInfo: odex next to the dex file (/data/app/~~ulY-VYmfUCDUYN95W71j7Q==/com.google.android.gms-nMPRDmjFbsuq-8Yb_5D9lg==/oat/x86_64/split_CronetDynamite_installtime.odex) is kOatUpToDate with filter 'speed-profile' executable 'false'
2026-02-12 15:15:10.798   965-1032  artd                    artd                                 I  GetBestInfo: odex next to the dex file (/data/app/~~ulY-VYmfUCDUYN95W71j7Q==/com.google.android.gms-nMPRDmjFbsuq-8Yb_5D9lg==/oat/x86_64/split_DynamiteLoader_installtime.odex) is kOatUpToDate with filter 'speed' executable 'false'
2026-02-12 15:15:10.799   965-1032  artd                    artd                                 I  GetBestInfo: odex next to the dex file (/data/app/~~ulY-VYmfUCDUYN95W71j7Q==/com.google.android.gms-nMPRDmjFbsuq-8Yb_5D9lg==/oat/x86_64/split_DynamiteModulesA_installtime.odex) is kOatUpToDate with filter 'speed' executable 'false'
2026-02-12 15:15:10.800   965-1032  artd                    artd                                 I  GetBestInfo: odex next to the dex file (/data/app/~~ulY-VYmfUCDUYN95W71j7Q==/com.google.android.gms-nMPRDmjFbsuq-8Yb_5D9lg==/oat/x86_64/split_DynamiteModulesC_installtime.odex) is kOatUpToDate with filter 'speed' executable 'false'
2026-02-12 15:15:10.802   965-1032  artd                    artd                                 I  GetBestInfo: odex next to the dex file (/data/app/~~ulY-VYmfUCDUYN95W71j7Q==/com.google.android.gms-nMPRDmjFbsuq-8Yb_5D9lg==/oat/x86_64/split_GoogleCertificates_installtime.odex) is kOatUpToDate with filter 'speed' executable 'false'
2026-02-12 15:15:10.804   965-1032  artd                    artd                                 I  GetBestInfo: odex next to the dex file (/data/app/~~ulY-VYmfUCDUYN95W71j7Q==/com.google.android.gms-nMPRDmjFbsuq-8Yb_5D9lg==/oat/x86_64/split_MapsDynamite_installtime.odex) is kOatUpToDate with filter 'speed' executable 'false'
2026-02-12 15:15:10.805   965-1032  artd                    artd                                 I  GetBestInfo: odex next to the dex file (/data/app/~~ulY-VYmfUCDUYN95W71j7Q==/com.google.android.gms-nMPRDmjFbsuq-8Yb_5D9lg==/oat/x86_64/split_MeasurementDynamite_installtime.odex) is kOatUpToDate with filter 'speed' executable 'false'
2026-02-12 15:15:10.806   965-1032  artd                    artd                                 I  GetBestInfo: /data/user_de/0/com.google.android.gms/app_chimera/m/00000004/DynamiteModulesC.apk has no usable artifacts
2026-02-12 15:15:10.807   965-1032  artd                    artd                                 I  GetBestInfo: /data/user_de/0/com.google.android.gms/app_chimera/m/0000000a/dl-TfliteDynamiteDynamite.integ_252130102100800.apk has no usable artifacts
2026-02-12 15:15:10.808   965-1032  artd                    artd                                 I  GetBestInfo: /data/user_de/0/com.google.android.gms/app_chimera/m/00000001/CronetDynamite.apk has no usable artifacts
2026-02-12 15:15:10.808   965-1032  artd                    artd                                 I  GetBestInfo: /data/user_de/0/com.google.android.gms/app_chimera/m/00000002/DynamiteLoader.apk has no usable artifacts
2026-02-12 15:15:10.808   965-1032  artd                    artd                                 I  GetBestInfo: /data/user_de/0/com.google.android.gms/app_chimera/m/00000005/GoogleCertificates.apk has no usable artifacts
2026-02-12 15:15:10.809   965-1032  artd                    artd                                 I  GetBestInfo: /data/user_de/0/com.google.android.gms/app_chimera/m/0000000b/dl-VisionOcr.optional_253434100000.apk has no usable artifacts
2026-02-12 15:15:10.811   965-1032  artd                    artd                                 I  GetBestInfo: vdex next to the dex file (/data/user/0/com.google.android.gms/app_dg_cache/CF98DA544914DD75038B6CE6DBC852B6C43EC876/oat/x86_64/the.vdex) is kOatUpToDate with filter 'verify' executable 'false'
2026-02-12 15:15:10.812   965-1032  artd                    artd                                 I  GetBestInfo: /data/user_de/0/com.google.android.gms/app_chimera/m/00000009/dl-MlkitBarcodeUi.optional_253434100800.apk has no usable artifacts
2026-02-12 15:15:10.814   965-1032  artd                    artd                                 I  GetBestInfo: /data/user_de/0/com.google.android.gms/app_chimera/m/00000014/dl-PlayCloudSearch.optional_260235100000.apk has no usable artifacts
2026-02-12 15:15:10.815   965-1032  artd                    artd                                 I  GetBestInfo: /data/user_de/0/com.google.android.gms/app_chimera/m/0000000c/dl-MlkitOcrCommon.optional_253434100800.apk has no usable artifacts
2026-02-12 15:15:10.817   965-1032  artd                    artd                                 I  GetBestInfo: /data/user_de/0/com.google.android.gms/app_chimera/m/0000000d/dl-Appsearch.optional_253434100800.apk has no usable artifacts
2026-02-12 15:15:10.817   965-1032  artd                    artd                                 I  GetBestInfo: /data/user_de/0/com.google.android.gms/app_chimera/m/00000007/MeasurementDynamite.apk has no usable artifacts
2026-02-12 15:15:10.818   965-1032  artd                    artd                                 I  GetBestInfo: /data/user_de/0/com.google.android.gms/app_chimera/m/00000015/dl-Appsearch.optional_260235100800.apk has no usable artifacts
2026-02-12 15:15:10.820   965-1032  artd                    artd                                 I  GetBestInfo: /data/user_de/0/com.google.android.gms/app_chimera/m/00000011/dl-MlkitBarcodeUi.optional_260235100800.apk has no usable artifacts
2026-02-12 15:15:10.822   965-1032  artd                    artd                                 I  GetBestInfo: /data/user_de/0/com.google.android.gms/app_chimera/m/0000000e/dl-PlayCloudSearch.optional_253434100000.apk has no usable artifacts
2026-02-12 15:15:11.065   788-1212  HalDevMgr               system_server                        I  bestIfaceCreationProposal is null, requestIface=STA, existingIface=[name=wlan0 type=STA]
2026-02-12 15:15:11.375   788-916   UsageStatsService       system_server                        I  User[0] Flushing usage stats to disk
2026-02-12 15:15:11.389   788-1265  Background...rolService system_server                        D  Package event received: 0
2026-02-12 15:15:13.864  1499-1581  SatelliteController     com.android.phone                    D  iisInCarrierRoamingNbIotNtn: satellite is disabled
2026-02-12 15:15:13.864  1499-1581  SatelliteController     com.android.phone                    D  getCarrierRoamingNtnConnectType: Falling back to global carrier config connect type: 0
2026-02-12 15:15:14.068   788-1212  HalDevMgr               system_server                        I  bestIfaceCreationProposal is null, requestIface=STA, existingIface=[name=wlan0 type=STA]
2026-02-12 15:15:17.069   788-1212  HalDevMgr               system_server                        I  bestIfaceCreationProposal is null, requestIface=STA, existingIface=[name=wlan0 type=STA]
2026-02-12 15:15:19.433   788-1279  androidtc               system_server                        D  Initializing SystemTextClassifier, type = System
2026-02-12 15:15:19.434  2146-2146  AiAiTextClassifier      com.google.android.as                I  onCreateTextClassificationSession = TextClassificationSessionId {00259ea8-ebf0-43b1-93d3-0d34438136be}
2026-02-12 15:15:19.435  2146-2290  AiAiTranslate           com.google.android.as                I  C2T - not in a conversation
2026-02-12 15:15:19.435  1306-1306  ClipboardListener       com.android.systemui                 I  Clipboard overlay suppressed.
2026-02-12 15:15:19.437  2146-2311  AiAiTextClassifier      com.google.android.as                I  GenerateLinks did not find valid links, returning empty result
2026-02-12 15:15:19.439  1306-1306  ClipboardListener       com.android.systemui                 I  Clipboard overlay suppressed.
2026-02-12 15:15:19.441  2146-2311  AiAiTextClassifier      com.google.android.as                I  GenerateLinks did not find valid links, returning empty result
2026-02-12 15:15:20.074   788-1212  HalDevMgr               system_server                        I  bestIfaceCreationProposal is null, requestIface=STA, existingIface=[name=wlan0 type=STA]
2026-02-12 15:15:20.768 13279-13279 libbinder....iceManager pid-13279                            W  Thread Pool max thread count is 0. Cannot cache binder as linkToDeath cannot be implemented. serviceName: package
2026-02-12 15:15:20.797   965-1032  artd                    artd                                 I  GetBestInfo: odex next to the dex file (/data/app/~~ulY-VYmfUCDUYN95W71j7Q==/com.google.android.gms-nMPRDmjFbsuq-8Yb_5D9lg==/oat/x86_64/base.odex) is kOatUpToDate with filter 'speed-profile' executable 'false'
2026-02-12 15:15:20.799   965-1032  artd                    artd                                 I  GetBestInfo: odex next to the dex file (/data/app/~~ulY-VYmfUCDUYN95W71j7Q==/com.google.android.gms-nMPRDmjFbsuq-8Yb_5D9lg==/oat/x86_64/split_AdsDynamite_installtime.odex) is kOatUpToDate with filter 'speed' executable 'false'
2026-02-12 15:15:20.800   965-1032  artd                    artd                                 I  GetBestInfo: odex next to the dex file (/data/app/~~ulY-VYmfUCDUYN95W71j7Q==/com.google.android.gms-nMPRDmjFbsuq-8Yb_5D9lg==/oat/x86_64/split_CronetDynamite_installtime.odex) is kOatUpToDate with filter 'speed-profile' executable 'false'
2026-02-12 15:15:20.802   965-1032  artd                    artd                                 I  GetBestInfo: odex next to the dex file (/data/app/~~ulY-VYmfUCDUYN95W71j7Q==/com.google.android.gms-nMPRDmjFbsuq-8Yb_5D9lg==/oat/x86_64/split_DynamiteLoader_installtime.odex) is kOatUpToDate with filter 'speed' executable 'false'
2026-02-12 15:15:20.803   965-1032  artd                    artd                                 I  GetBestInfo: odex next to the dex file (/data/app/~~ulY-VYmfUCDUYN95W71j7Q==/com.google.android.gms-nMPRDmjFbsuq-8Yb_5D9lg==/oat/x86_64/split_DynamiteModulesA_installtime.odex) is kOatUpToDate with filter 'speed' executable 'false'
2026-02-12 15:15:20.804   965-1032  artd                    artd                                 I  GetBestInfo: odex next to the dex file (/data/app/~~ulY-VYmfUCDUYN95W71j7Q==/com.google.android.gms-nMPRDmjFbsuq-8Yb_5D9lg==/oat/x86_64/split_DynamiteModulesC_installtime.odex) is kOatUpToDate with filter 'speed' executable 'false'
2026-02-12 15:15:20.806   965-1032  artd                    artd                                 I  GetBestInfo: odex next to the dex file (/data/app/~~ulY-VYmfUCDUYN95W71j7Q==/com.google.android.gms-nMPRDmjFbsuq-8Yb_5D9lg==/oat/x86_64/split_GoogleCertificates_installtime.odex) is kOatUpToDate with filter 'speed' executable 'false'
2026-02-12 15:15:20.807   965-1032  artd                    artd                                 I  GetBestInfo: odex next to the dex file (/data/app/~~ulY-VYmfUCDUYN95W71j7Q==/com.google.android.gms-nMPRDmjFbsuq-8Yb_5D9lg==/oat/x86_64/split_MapsDynamite_installtime.odex) is kOatUpToDate with filter 'speed' executable 'false'
2026-02-12 15:15:20.808   965-1032  artd                    artd                                 I  GetBestInfo: odex next to the dex file (/data/app/~~ulY-VYmfUCDUYN95W71j7Q==/com.google.android.gms-nMPRDmjFbsuq-8Yb_5D9lg==/oat/x86_64/split_MeasurementDynamite_installtime.odex) is kOatUpToDate with filter 'speed' executable 'false'
2026-02-12 15:15:20.809   965-1032  artd                    artd                                 I  GetBestInfo: /data/user_de/0/com.google.android.gms/app_chimera/m/00000004/DynamiteModulesC.apk has no usable artifacts
2026-02-12 15:15:20.810   965-1032  artd                    artd                                 I  GetBestInfo: /data/user_de/0/com.google.android.gms/app_chimera/m/0000000a/dl-TfliteDynamiteDynamite.integ_252130102100800.apk has no usable artifacts
2026-02-12 15:15:20.810   965-1032  artd                    artd                                 I  GetBestInfo: /data/user_de/0/com.google.android.gms/app_chimera/m/00000001/CronetDynamite.apk has no usable artifacts
2026-02-12 15:15:20.810   965-1032  artd                    artd                                 I  GetBestInfo: /data/user_de/0/com.google.android.gms/app_chimera/m/00000002/DynamiteLoader.apk has no usable artifacts
2026-02-12 15:15:20.810   965-1032  artd                    artd                                 I  GetBestInfo: /data/user_de/0/com.google.android.gms/app_chimera/m/00000005/GoogleCertificates.apk has no usable artifacts
2026-02-12 15:15:20.812   965-1032  artd                    artd                                 I  GetBestInfo: /data/user_de/0/com.google.android.gms/app_chimera/m/0000000b/dl-VisionOcr.optional_253434100000.apk has no usable artifacts
2026-02-12 15:15:20.814   965-1032  artd                    artd                                 I  GetBestInfo: vdex next to the dex file (/data/user/0/com.google.android.gms/app_dg_cache/CF98DA544914DD75038B6CE6DBC852B6C43EC876/oat/x86_64/the.vdex) is kOatUpToDate with filter 'verify' executable 'false'
2026-02-12 15:15:20.816   965-1032  artd                    artd                                 I  GetBestInfo: /data/user_de/0/com.google.android.gms/app_chimera/m/00000009/dl-MlkitBarcodeUi.optional_253434100800.apk has no usable artifacts
2026-02-12 15:15:20.817   965-1032  artd                    artd                                 I  GetBestInfo: /data/user_de/0/com.google.android.gms/app_chimera/m/00000014/dl-PlayCloudSearch.optional_260235100000.apk has no usable artifacts
2026-02-12 15:15:20.818   965-1032  artd                    artd                                 I  GetBestInfo: /data/user_de/0/com.google.android.gms/app_chimera/m/0000000c/dl-MlkitOcrCommon.optional_253434100800.apk has no usable artifacts
2026-02-12 15:15:20.820   965-1032  artd                    artd                                 I  GetBestInfo: /data/user_de/0/com.google.android.gms/app_chimera/m/0000000d/dl-Appsearch.optional_253434100800.apk has no usable artifacts
2026-02-12 15:15:20.820   965-1032  artd                    artd                                 I  GetBestInfo: /data/user_de/0/com.google.android.gms/app_chimera/m/00000007/MeasurementDynamite.apk has no usable artifacts
